   Compiling kalamdb-core v0.1.0 (/Users/jamal/git/KalamDB/backend/crates/kalamdb-core)
   Compiling kalamdb-server v0.1.0 (/Users/jamal/git/KalamDB/backend)
   Compiling kalam-cli v0.1.0 (/Users/jamal/git/KalamDB/cli)
warning: unused variable: `ctx`
  --> backend/crates/kalamdb-live/src/expression_cache.rs:81:13
   |
81 |         let ctx = SessionContext::new();
   |             ^^^ help: if this is intentional, prefix it with an underscore: `_ctx`
   |
   = note: `#[warn(unused_variables)]` on by default

warning: `kalamdb-live` (lib) generated 1 warning
warning: constant `TEST_USER` is never used
  --> link/tests/integration_tests.rs:21:7
   |
21 | const TEST_USER: &str = "link_test_user";
   |       ^^^^^^^^^
   |
   = note: `#[warn(dead_code)]` on by default

warning: unused import: `SubscriptionManager`
  --> link/tests/test_websocket_integration.rs:21:70
   |
21 |     ChangeEvent, KalamLinkClient, QueryResponse, SubscriptionConfig, SubscriptionManager,
   |                                                                      ^^^^^^^^^^^^^^^^^^^
   |
   = note: `#[warn(unused_imports)]` on by default

warning: constant `WS_URL` is never used
  --> link/tests/test_websocket_integration.rs:28:7
   |
28 | const WS_URL: &str = "ws://localhost:8080";
   |       ^^^^^^
   |
   = note: `#[warn(dead_code)]` on by default

warning: constant `TEST_USER_ID` is never used
  --> link/tests/test_websocket_integration.rs:30:7
   |
30 | const TEST_USER_ID: &str = "ws_test_user";
   |       ^^^^^^^^^^^^

warning: `kalam-link` (test "integration_tests") generated 1 warning
warning: `kalam-link` (test "test_websocket_integration") generated 3 warnings (run `cargo fix --test "test_websocket_integration"` to apply 1 suggestion)
   Compiling kalamdb-auth v0.1.0 (/Users/jamal/git/KalamDB/backend/crates/kalamdb-auth)
warning: `kalamdb-live` (lib test) generated 1 warning (1 duplicate)
warning: unused variable: `shard_a`
   --> backend/crates/kalamdb-store/src/sharding.rs:371:13
    |
371 |         let shard_a = strategy.get_shard("userA", 8);
    |             ^^^^^^^ help: if this is intentional, prefix it with an underscore: `_shard_a`
    |
    = note: `#[warn(unused_variables)]` on by default

warning: unused variable: `shard_b`
   --> backend/crates/kalamdb-store/src/sharding.rs:372:13
    |
372 |         let shard_b = strategy.get_shard("userB", 8);
    |             ^^^^^^^ help: if this is intentional, prefix it with an underscore: `_shard_b`

warning: `kalamdb-store` (lib test) generated 2 warnings
warning: unused import: `JobStatus`
  --> backend/crates/kalamdb-core/src/flush/shared_table_flush.rs:18:30
   |
18 | use kalamdb_commons::{JobId, JobStatus};
   |                              ^^^^^^^^^
   |
   = note: `#[warn(unused_imports)]` on by default

warning: unused import: `kalamdb_commons::system::Job`
 --> backend/crates/kalamdb-core/src/jobs/retention.rs:9:5
  |
9 | use kalamdb_commons::system::Job;
  |     ^^^^^^^^^^^^^^^^^^^^^^^^^^^^

warning: unused imports: `JobId`, `JobType`, and `NamespaceId`
  --> backend/crates/kalamdb-core/src/jobs/retention.rs:10:23
   |
10 | use kalamdb_commons::{JobId, JobStatus, JobType, NamespaceId};
   |                       ^^^^^             ^^^^^^^  ^^^^^^^^^^^

warning: unused imports: `SystemTime` and `UNIX_EPOCH`
  --> backend/crates/kalamdb-core/src/jobs/stream_eviction.rs:19:27
   |
19 | use std::time::{Duration, SystemTime, UNIX_EPOCH};
   |                           ^^^^^^^^^^  ^^^^^^^^^^

warning: unused import: `StreamTableStore`
  --> backend/crates/kalamdb-core/src/live_query/change_detector.rs:40:55
   |
40 | use crate::tables::{SharedTableRow, SharedTableStore, StreamTableStore, UserTableStore};
   |                                                       ^^^^^^^^^^^^^^^^

warning: unused import: `UserId`
  --> backend/crates/kalamdb-core/src/services/namespace_service.rs:12:44
   |
12 | use kalamdb_commons::models::{NamespaceId, UserId};
   |                                            ^^^^^^

warning: unused imports: `StorageId` and `UserId`
  --> backend/crates/kalamdb-core/src/services/schema_evolution_service.rs:21:31
   |
21 | use kalamdb_commons::models::{StorageId, UserId};
   |                               ^^^^^^^^^  ^^^^^^

warning: unused imports: `LiveQuery` and `Namespace`
  --> backend/crates/kalamdb-core/src/services/schema_evolution_service.rs:22:31
   |
22 | use kalamdb_commons::system::{LiveQuery, Namespace};
   |                               ^^^^^^^^^  ^^^^^^^^^

warning: unused import: `ColumnDefinition`
   --> backend/crates/kalamdb-core/src/services/user_table_service.rs:239:13
    |
239 |             ColumnDefinition, FlushPolicyDef, SchemaVersion, TableDefinition,
    |             ^^^^^^^^^^^^^^^^

warning: unused import: `std::collections::HashMap`
   --> backend/crates/kalamdb-core/src/services/user_table_service.rs:241:13
    |
241 |         use std::collections::HashMap;
    |             ^^^^^^^^^^^^^^^^^^^^^^^^^

warning: unused import: `std::sync::Arc`
  --> backend/crates/kalamdb-core/src/sql/datafusion_session.rs:15:5
   |
15 | use std::sync::Arc;
   |     ^^^^^^^^^^^^^^

warning: unused imports: `NamespacesTableProvider` and `TablesTableProvider`
  --> backend/crates/kalamdb-core/src/sql/executor.rs:42:14
   |
42 |     system::{NamespacesTableProvider, TablesTableProvider},
   |              ^^^^^^^^^^^^^^^^^^^^^^^  ^^^^^^^^^^^^^^^^^^^

warning: unused import: `UInt32Array`
  --> backend/crates/kalamdb-core/src/sql/executor.rs:48:55
   |
48 | use datafusion::arrow::array::{ArrayRef, StringArray, UInt32Array};
   |                                                       ^^^^^^^^^^^

warning: unused import: `NamespaceId`
    --> backend/crates/kalamdb-core/src/sql/executor.rs:2196:51
     |
2196 |             use kalamdb_commons::{JobId, JobType, NamespaceId, TableName};
     |                                                   ^^^^^^^^^^^

warning: unused import: `std::convert::TryFrom`
 --> backend/crates/kalamdb-core/src/storage/storage_registry.rs:8:5
  |
8 | use std::convert::TryFrom;
  |     ^^^^^^^^^^^^^^^^^^^^^

warning: unused import: `storage_trait::Result`
  --> backend/crates/kalamdb-core/src/stores/system_table.rs:46:87
   |
46 | use kalamdb_store::{entity_store::{CrossUserTableStore, EntityStore}, StorageBackend, storage_trait::Result};
   |                                                                                       ^^^^^^^^^^^^^^^^^^^^^

warning: unused imports: `Int32Array` and `Int64Array`
  --> backend/crates/kalamdb-core/src/tables/system/information_schema_tables.rs:13:29
   |
13 |     ArrayRef, BooleanArray, Int32Array, Int64Array, RecordBatch, StringBuilder,
   |                             ^^^^^^^^^^  ^^^^^^^^^^

warning: unused import: `EntityStoreV2`
 --> backend/crates/kalamdb-core/src/tables/system/live_queries_v2/live_queries_store.rs:8:21
  |
8 | use kalamdb_store::{EntityStoreV2, StorageBackend};
  |                     ^^^^^^^^^^^^^

warning: unused import: `SharedTableStoreExt`
  --> backend/crates/kalamdb-core/src/tables/user_tables/user_table_update.rs:12:35
   |
12 | use crate::stores::system_table::{SharedTableStoreExt, UserTableStoreExt};
   |                                   ^^^^^^^^^^^^^^^^^^^

warning: unused import: `UserTableRow`
  --> backend/crates/kalamdb-core/src/tables/user_tables/user_table_update.rs:13:52
   |
13 | use crate::tables::user_tables::user_table_store::{UserTableRow, UserTableRowId};
   |                                                    ^^^^^^^^^^^^

warning: unused import: `kalamdb_store::EntityStoreV2 as EntityStore`
  --> backend/crates/kalamdb-core/src/tables/user_tables/user_table_update.rs:15:5
   |
15 | use kalamdb_store::EntityStoreV2 as EntityStore;
   |     ^^^^^^^^^^^^^^^^^^^^^^^^^^^^^^^^^^^^^^^^^^^

warning: unused import: `SharedTableStoreExt`
  --> backend/crates/kalamdb-core/src/tables/user_tables/user_table_delete.rs:13:35
   |
13 | use crate::stores::system_table::{SharedTableStoreExt, UserTableStoreExt};
   |                                   ^^^^^^^^^^^^^^^^^^^

warning: unused imports: `UserTableRowId` and `UserTableRow`
  --> backend/crates/kalamdb-core/src/tables/user_tables/user_table_delete.rs:14:52
   |
14 | use crate::tables::user_tables::user_table_store::{UserTableRow, UserTableRowId};
   |                                                    ^^^^^^^^^^^^  ^^^^^^^^^^^^^^

warning: unused import: `kalamdb_store::EntityStoreV2 as EntityStore`
  --> backend/crates/kalamdb-core/src/tables/user_tables/user_table_delete.rs:16:5
   |
16 | use kalamdb_store::EntityStoreV2 as EntityStore;
   |     ^^^^^^^^^^^^^^^^^^^^^^^^^^^^^^^^^^^^^^^^^^^

warning: unused import: `entity_store::EntityStore`
 --> backend/crates/kalamdb-core/src/tables/shared_tables/shared_table_store.rs:8:21
  |
8 | use kalamdb_store::{entity_store::EntityStore, StorageBackend};
  |                     ^^^^^^^^^^^^^^^^^^^^^^^^^

warning: unused import: `new_shared_table_store`
  --> backend/crates/kalamdb-core/src/tables/shared_tables/shared_table_provider.rs:13:5
   |
13 |     new_shared_table_store, SharedTableRow, SharedTableRowId, SharedTableStore,
   |     ^^^^^^^^^^^^^^^^^^^^^^

warning: unused import: `datafusion::execution::context::SessionState`
  --> backend/crates/kalamdb-core/src/tables/shared_tables/shared_table_provider.rs:19:5
   |
19 | use datafusion::execution::context::SessionState;
   |     ^^^^^^^^^^^^^^^^^^^^^^^^^^^^^^^^^^^^^^^^^^^^

warning: unused import: `entity_store::EntityStore`
 --> backend/crates/kalamdb-core/src/tables/stream_tables/stream_table_store.rs:7:21
  |
7 | use kalamdb_store::{entity_store::EntityStore, test_utils::InMemoryBackend, StorageBackend};
  |                     ^^^^^^^^^^^^^^^^^^^^^^^^^

warning: unused import: `std::fs`
   --> cli/src/history.rs:114:9
    |
114 |     use std::fs;
    |         ^^^^^^^
    |
    = note: `#[warn(unused_imports)]` on by default

warning: method `format_error` is never used
   --> cli/src/formatter.rs:255:8
    |
 21 | impl OutputFormatter {
    | -------------------- method in this implementation
...
255 |     fn format_error(&self, error: &str) -> String {
    |        ^^^^^^^^^^^^
    |
    = note: `#[warn(dead_code)]` on by default

warning: field `enabled` is never read
  --> cli/src/highlighter.rs:12:5
   |
11 | pub struct SqlHighlighter {
   |            -------------- field in this struct
12 |     enabled: bool,
   |     ^^^^^^^

warning: methods `highlight_sql` and `color_word` are never used
   --> cli/src/highlighter.rs:120:8
    |
 15 | impl SqlHighlighter {
    | ------------------- methods in this implementation
...
120 |     fn highlight_sql(&self, line: &str) -> String {
    |        ^^^^^^^^^^^^^
...
222 |     fn color_word(&self, word: &str) -> String {
    |        ^^^^^^^^^^

warning: field `server_api_version` is never read
  --> cli/src/session.rs:76:5
   |
41 | pub struct CLISession {
   |            ---------- field in this struct
...
76 |     server_api_version: Option<String>,
   |     ^^^^^^^^^^^^^^^^^^

warning: associated items `is_keyword`, `is_type`, `highlight_sql`, and `color_word` are never used
   --> cli/src/highlighter.rs:22:8
    |
 15 | impl SqlHighlighter {
    | ------------------- associated items in this implementation
...
 22 |     fn is_keyword(word: &str) -> bool {
    |        ^^^^^^^^^^
...
 91 |     fn is_type(word: &str) -> bool {
    |        ^^^^^^^
...
120 |     fn highlight_sql(&self, line: &str) -> String {
    |        ^^^^^^^^^^^^^
...
222 |     fn color_word(&self, word: &str) -> String {
    |        ^^^^^^^^^^

error[E0433]: failed to resolve: use of undeclared type `RocksDbInit`
   --> backend/crates/kalamdb-core/src/jobs/stream_eviction_scheduler.rs:156:20
    |
156 |         let init = RocksDbInit::new(temp_dir.path().to_str().unwrap());
    |                    ^^^^^^^^^^^ use of undeclared type `RocksDbInit`
    |
help: consider importing this struct
    |
147 +     use kalamdb_store::RocksDbInit;
    |

error[E0425]: cannot find function `new_user_table_store` in this scope
   --> backend/crates/kalamdb-core/src/live_query/change_detector.rs:450:22
    |
450 |             Arc::new(new_user_table_store(Arc::clone(&db), "default", "test"));
    |                      ^^^^^^^^^^^^^^^^^^^^ not found in this scope
    |
help: consider importing this function through its public re-export
    |
438 +     use crate::tables::new_user_table_store;
    |

error[E0425]: cannot find function `new_shared_table_store` in this scope
   --> backend/crates/kalamdb-core/src/live_query/change_detector.rs:452:22
    |
452 |             Arc::new(new_shared_table_store(Arc::clone(&db), "default", "test"));
    |                      ^^^^^^^^^^^^^^^^^^^^^^ not found in this scope
    |
help: consider importing this function through its public re-export
    |
438 +     use crate::tables::new_shared_table_store;
    |

error[E0425]: cannot find value `backend` in this scope
   --> backend/crates/kalamdb-core/src/services/table_deletion_service.rs:548:55
    |
548 |         let user_store = Arc::new(UserTableStore::new(backend.clone(), "user_table:app:users"));
    |                                                       ^^^^^^^ not found in this scope

error[E0425]: cannot find value `backend` in this scope
   --> backend/crates/kalamdb-core/src/services/table_deletion_service.rs:549:59
    |
549 |         let shared_store = Arc::new(SharedTableStore::new(backend.clone(), "shared_table:app:config"));
    |                                                           ^^^^^^^ not found in this scope

error[E0425]: cannot find value `backend` in this scope
   --> backend/crates/kalamdb-core/src/services/table_deletion_service.rs:550:59
    |
550 |         let stream_store = Arc::new(StreamTableStore::new(backend, "stream_table:app:events"));
    |                                                           ^^^^^^^ not found in this scope

warning: unused import: `kalamdb_commons::system::Job`
 --> backend/crates/kalamdb-core/src/jobs/retention.rs:9:5
  |
9 | use kalamdb_commons::system::Job;
  |     ^^^^^^^^^^^^^^^^^^^^^^^^^^^^
  |
  = note: `#[warn(unused_imports)]` on by default

warning: unused import: `datafusion::arrow::array::Array`
  --> backend/crates/kalamdb-core/src/sql/functions/current_user.rs:81:9
   |
81 |     use datafusion::arrow::array::Array;
   |         ^^^^^^^^^^^^^^^^^^^^^^^^^^^^^^^

warning: duplicated attribute
   --> backend/crates/kalamdb-core/src/sql/functions/snowflake_id.rs:225:5
    |
225 |     #[test]
    |     ^^^^^^^
    |
    = note: `#[warn(duplicate_macro_attributes)]` on by default

warning: unused import: `datafusion::arrow::array::Array`
   --> backend/crates/kalamdb-core/src/sql/functions/snowflake_id.rs:139:9
    |
139 |     use datafusion::arrow::array::Array;
    |         ^^^^^^^^^^^^^^^^^^^^^^^^^^^^^^^

warning: duplicated attribute
   --> backend/crates/kalamdb-core/src/sql/functions/ulid.rs:206:5
    |
206 |     #[test]
    |     ^^^^^^^

warning: unused import: `datafusion::catalog::MemorySchemaProvider`
   --> backend/crates/kalamdb-core/src/system_table_registration.rs:100:9
    |
100 |     use datafusion::catalog::MemorySchemaProvider;
    |         ^^^^^^^^^^^^^^^^^^^^^^^^^^^^^^^^^^^^^^^^^

warning: unused import: `TableAccess`
   --> backend/crates/kalamdb-core/src/tables/system/tables_v2/tables_provider.rs:186:33
    |
186 |         NamespaceId, StorageId, TableAccess, TableName, TableType as KalamTableType,
    |                                 ^^^^^^^^^^^

warning: unused import: `TableAccess`
  --> backend/crates/kalamdb-core/src/tables/system/tables_v2/tables_store.rs:27:57
   |
27 |     use kalamdb_commons::{NamespaceId, Role, StorageId, TableAccess, TableName, TableType};
   |                                                         ^^^^^^^^^^^

warning: unused import: `UserTableStore`
   --> backend/crates/kalamdb-core/src/tables/user_tables/user_table_insert.rs:463:78
    |
463 |     use crate::tables::user_tables::user_table_store::{new_user_table_store, UserTableStore};
    |                                                                              ^^^^^^^^^^^^^^

warning: `kalam-cli` (lib) generated 4 warnings (3 duplicates)
warning: `kalam-cli` (lib test) generated 5 warnings (run `cargo fix --lib -p kalam-cli --tests` to apply 1 suggestion)
warning: unused variable: `row_id`
   --> backend/crates/kalamdb-core/src/live_query/initial_data.rs:200:22
    |
200 |                 for (row_id, row) in store.scan(&namespace, &table).map_err(|e| {
    |                      ^^^^^^ help: if this is intentional, prefix it with an underscore: `_row_id`
    |
    = note: `#[warn(unused_variables)]` on by default

warning: unused variable: `default_user_id`
   --> backend/crates/kalamdb-core/src/sql/executor.rs:282:46
    |
282 |     pub async fn load_existing_tables(&self, default_user_id: UserId) -> Result<(), KalamDbError> {
    |                                              ^^^^^^^^^^^^^^^ help: if this is intentional, prefix it with an underscore: `_default_user_id`

warning: unused variable: `schema`
   --> backend/crates/kalamdb-core/src/sql/executor.rs:334:17
    |
334 |             let schema = schema_with_opts.schema;
    |                 ^^^^^^ help: if this is intentional, prefix it with an underscore: `_schema`

warning: unused variable: `default_user_id`
   --> backend/crates/kalamdb-core/src/sql/executor.rs:364:9
    |
364 |         default_user_id: UserId,
    |         ^^^^^^^^^^^^^^^ help: if this is intentional, prefix it with an underscore: `_default_user_id`

warning: unused import: `Result`
  --> cli/tests/test_cli_auth.rs:11:38
   |
11 | use kalam_cli::{FileCredentialStore, Result};
   |                                      ^^^^^^
   |
   = note: `#[warn(unused_imports)]` on by default

warning: unused import: `std::path::PathBuf`
  --> cli/tests/test_cli_auth.rs:14:5
   |
14 | use std::path::PathBuf;
   |     ^^^^^^^^^^^^^^^^^^

warning: use of deprecated associated function `assert_cmd::Command::cargo_bin`: incompatible with a custom cargo build-dir, see instead `cargo::cargo_bin_cmd!`
   --> cli/tests/test_cli_integration.rs:141:28
    |
141 |     let mut cmd = Command::cargo_bin("kalam").unwrap();
    |                            ^^^^^^^^^
    |
    = note: `#[warn(deprecated)]` on by default

warning: use of deprecated associated function `assert_cmd::Command::cargo_bin`: incompatible with a custom cargo build-dir, see instead `cargo::cargo_bin_cmd!`
   --> cli/tests/test_cli_integration.rs:154:28
    |
154 |     let mut cmd = Command::cargo_bin("kalam").unwrap();
    |                            ^^^^^^^^^

warning: use of deprecated associated function `assert_cmd::Command::cargo_bin`: incompatible with a custom cargo build-dir, see instead `cargo::cargo_bin_cmd!`
   --> cli/tests/test_cli_integration.rs:224:28
    |
224 |     let mut cmd = Command::cargo_bin("kalam").unwrap();
    |                            ^^^^^^^^^

warning: use of deprecated associated function `assert_cmd::Command::cargo_bin`: incompatible with a custom cargo build-dir, see instead `cargo::cargo_bin_cmd!`
   --> cli/tests/test_cli_integration.rs:264:28
    |
264 |     let mut cmd = Command::cargo_bin("kalam").unwrap();
    |                            ^^^^^^^^^

warning: use of deprecated associated function `assert_cmd::Command::cargo_bin`: incompatible with a custom cargo build-dir, see instead `cargo::cargo_bin_cmd!`
   --> cli/tests/test_cli_integration.rs:307:28
    |
307 |     let mut cmd = Command::cargo_bin("kalam").unwrap();
    |                            ^^^^^^^^^

warning: use of deprecated associated function `assert_cmd::Command::cargo_bin`: incompatible with a custom cargo build-dir, see instead `cargo::cargo_bin_cmd!`
   --> cli/tests/test_cli_integration.rs:360:28
    |
360 |     let mut cmd = Command::cargo_bin("kalam").unwrap();
    |                            ^^^^^^^^^

warning: use of deprecated associated function `assert_cmd::Command::cargo_bin`: incompatible with a custom cargo build-dir, see instead `cargo::cargo_bin_cmd!`
   --> cli/tests/test_cli_integration.rs:391:28
    |
391 |     let mut cmd = Command::cargo_bin("kalam").unwrap();
    |                            ^^^^^^^^^

warning: use of deprecated associated function `assert_cmd::Command::cargo_bin`: incompatible with a custom cargo build-dir, see instead `cargo::cargo_bin_cmd!`
   --> cli/tests/test_cli_integration.rs:419:28
    |
419 |     let mut cmd = Command::cargo_bin("kalam").unwrap();
    |                            ^^^^^^^^^

warning: use of deprecated associated function `assert_cmd::Command::cargo_bin`: incompatible with a custom cargo build-dir, see instead `cargo::cargo_bin_cmd!`
   --> cli/tests/test_cli_integration.rs:446:28
    |
446 |     let mut cmd = Command::cargo_bin("kalam").unwrap();
    |                            ^^^^^^^^^

warning: use of deprecated associated function `assert_cmd::Command::cargo_bin`: incompatible with a custom cargo build-dir, see instead `cargo::cargo_bin_cmd!`
   --> cli/tests/test_cli_integration.rs:460:28
    |
460 |     let mut cmd = Command::cargo_bin("kalam").unwrap();
    |                            ^^^^^^^^^

warning: use of deprecated associated function `assert_cmd::Command::cargo_bin`: incompatible with a custom cargo build-dir, see instead `cargo::cargo_bin_cmd!`
   --> cli/tests/test_cli_integration.rs:509:28
    |
509 |     let mut cmd = Command::cargo_bin("kalam").unwrap();
    |                            ^^^^^^^^^

warning: use of deprecated associated function `assert_cmd::Command::cargo_bin`: incompatible with a custom cargo build-dir, see instead `cargo::cargo_bin_cmd!`
   --> cli/tests/test_cli_integration.rs:541:28
    |
541 |     let mut cmd = Command::cargo_bin("kalam").unwrap();
    |                            ^^^^^^^^^

warning: use of deprecated associated function `assert_cmd::Command::cargo_bin`: incompatible with a custom cargo build-dir, see instead `cargo::cargo_bin_cmd!`
   --> cli/tests/test_cli_integration.rs:672:28
    |
672 |     let mut cmd = Command::cargo_bin("kalam").unwrap();
    |                            ^^^^^^^^^

warning: use of deprecated associated function `assert_cmd::Command::cargo_bin`: incompatible with a custom cargo build-dir, see instead `cargo::cargo_bin_cmd!`
   --> cli/tests/test_cli_integration.rs:697:28
    |
697 |     let mut cmd = Command::cargo_bin("kalam").unwrap();
    |                            ^^^^^^^^^

warning: use of deprecated associated function `assert_cmd::Command::cargo_bin`: incompatible with a custom cargo build-dir, see instead `cargo::cargo_bin_cmd!`
   --> cli/tests/test_cli_integration.rs:766:28
    |
766 |     let mut cmd = Command::cargo_bin("kalam").unwrap();
    |                            ^^^^^^^^^

warning: use of deprecated associated function `assert_cmd::Command::cargo_bin`: incompatible with a custom cargo build-dir, see instead `cargo::cargo_bin_cmd!`
   --> cli/tests/test_cli_integration.rs:807:28
    |
807 |     let mut cmd = Command::cargo_bin("kalam").unwrap();
    |                            ^^^^^^^^^

warning: use of deprecated associated function `assert_cmd::Command::cargo_bin`: incompatible with a custom cargo build-dir, see instead `cargo::cargo_bin_cmd!`
   --> cli/tests/test_cli_integration.rs:842:28
    |
842 |     let mut cmd = Command::cargo_bin("kalam").unwrap();
    |                            ^^^^^^^^^

warning: use of deprecated associated function `assert_cmd::Command::cargo_bin`: incompatible with a custom cargo build-dir, see instead `cargo::cargo_bin_cmd!`
   --> cli/tests/test_cli_integration.rs:867:28
    |
867 |     let mut cmd = Command::cargo_bin("kalam").unwrap();
    |                            ^^^^^^^^^

warning: use of deprecated associated function `assert_cmd::Command::cargo_bin`: incompatible with a custom cargo build-dir, see instead `cargo::cargo_bin_cmd!`
   --> cli/tests/test_cli_integration.rs:898:28
    |
898 |     let mut cmd = Command::cargo_bin("kalam").unwrap();
    |                            ^^^^^^^^^

warning: use of deprecated associated function `assert_cmd::Command::cargo_bin`: incompatible with a custom cargo build-dir, see instead `cargo::cargo_bin_cmd!`
   --> cli/tests/test_cli_integration.rs:967:28
    |
967 |     let mut cmd = Command::cargo_bin("kalam").unwrap();
    |                            ^^^^^^^^^

warning: use of deprecated associated function `assert_cmd::Command::cargo_bin`: incompatible with a custom cargo build-dir, see instead `cargo::cargo_bin_cmd!`
    --> cli/tests/test_cli_integration.rs:1010:28
     |
1010 |     let mut cmd = Command::cargo_bin("kalam").unwrap();
     |                            ^^^^^^^^^

warning: use of deprecated associated function `assert_cmd::Command::cargo_bin`: incompatible with a custom cargo build-dir, see instead `cargo::cargo_bin_cmd!`
    --> cli/tests/test_cli_integration.rs:1025:28
     |
1025 |     let mut cmd = Command::cargo_bin("kalam").unwrap();
     |                            ^^^^^^^^^

warning: use of deprecated associated function `assert_cmd::Command::cargo_bin`: incompatible with a custom cargo build-dir, see instead `cargo::cargo_bin_cmd!`
    --> cli/tests/test_cli_integration.rs:1049:28
     |
1049 |     let mut cmd = Command::cargo_bin("kalam").unwrap();
     |                            ^^^^^^^^^

warning: use of deprecated associated function `assert_cmd::Command::cargo_bin`: incompatible with a custom cargo build-dir, see instead `cargo::cargo_bin_cmd!`
    --> cli/tests/test_cli_integration.rs:1069:28
     |
1069 |     let mut cmd = Command::cargo_bin("kalam").unwrap();
     |                            ^^^^^^^^^

warning: use of deprecated associated function `assert_cmd::Command::cargo_bin`: incompatible with a custom cargo build-dir, see instead `cargo::cargo_bin_cmd!`
    --> cli/tests/test_cli_integration.rs:1087:28
     |
1087 |     let mut cmd = Command::cargo_bin("kalam").unwrap();
     |                            ^^^^^^^^^

warning: use of deprecated associated function `assert_cmd::Command::cargo_bin`: incompatible with a custom cargo build-dir, see instead `cargo::cargo_bin_cmd!`
    --> cli/tests/test_cli_integration.rs:1111:28
     |
1111 |     let mut cmd = Command::cargo_bin("kalam").unwrap();
     |                            ^^^^^^^^^

warning: use of deprecated associated function `assert_cmd::Command::cargo_bin`: incompatible with a custom cargo build-dir, see instead `cargo::cargo_bin_cmd!`
    --> cli/tests/test_cli_integration.rs:1137:28
     |
1137 |     let mut cmd = Command::cargo_bin("kalam").unwrap();
     |                            ^^^^^^^^^

warning: use of deprecated associated function `assert_cmd::Command::cargo_bin`: incompatible with a custom cargo build-dir, see instead `cargo::cargo_bin_cmd!`
    --> cli/tests/test_cli_integration.rs:1161:28
     |
1161 |     let mut cmd = Command::cargo_bin("kalam").unwrap();
     |                            ^^^^^^^^^

warning: use of deprecated associated function `assert_cmd::Command::cargo_bin`: incompatible with a custom cargo build-dir, see instead `cargo::cargo_bin_cmd!`
    --> cli/tests/test_cli_integration.rs:1198:28
     |
1198 |     let mut cmd = Command::cargo_bin("kalam").unwrap();
     |                            ^^^^^^^^^

warning: use of deprecated associated function `assert_cmd::Command::cargo_bin`: incompatible with a custom cargo build-dir, see instead `cargo::cargo_bin_cmd!`
    --> cli/tests/test_cli_integration.rs:1226:28
     |
1226 |     let mut cmd = Command::cargo_bin("kalam").unwrap();
     |                            ^^^^^^^^^

warning: constant `VERSION` is never used
  --> cli/src/main.rs:28:7
   |
28 | const VERSION: &str = env!("CARGO_PKG_VERSION");
   |       ^^^^^^^
   |
   = note: `#[warn(dead_code)]` on by default

warning: constant `COMMIT` is never used
  --> cli/src/main.rs:29:7
   |
29 | const COMMIT: &str = env!("GIT_COMMIT_HASH");
   |       ^^^^^^

warning: constant `BUILD_DATE` is never used
  --> cli/src/main.rs:30:7
   |
30 | const BUILD_DATE: &str = env!("BUILD_DATE");
   |       ^^^^^^^^^^

warning: constant `BRANCH` is never used
  --> cli/src/main.rs:31:7
   |
31 | const BRANCH: &str = env!("GIT_BRANCH");
   |       ^^^^^^

warning: variable does not need to be mutable
   --> cli/tests/test_cli_integration.rs:141:9
    |
141 |     let mut cmd = Command::cargo_bin("kalam").unwrap();
    |         ----^^^
    |         |
    |         help: remove this `mut`
    |
    = note: `#[warn(unused_mut)]` on by default

error[E0308]: mismatched types
   --> backend/crates/kalamdb-core/src/live_query/change_detector.rs:453:76
    |
453 |         let stream_table_store = Arc::new(StreamTableStore::new(Arc::clone(&db)).unwrap());
    |                                                                 ---------- ^^^ expected `&Arc<dyn StorageBackend>`, found `&Arc<DBCommon<SingleThreaded, ...>>`
    |                                                                 |
    |                                                                 arguments to this function are incorrect
    |
    = note: expected reference `&std::sync::Arc<dyn kalamdb_store::StorageBackend>`
               found reference `&std::sync::Arc<rocksdb::db::DBCommon<rocksdb::db::SingleThreaded, rocksdb::db::DBWithThreadModeInner>>`
note: method defined here
   --> /Users/jamal/.rustup/toolchains/stable-aarch64-apple-darwin/lib/rustlib/src/rust/library/core/src/clone.rs:204:8
    |
204 |     fn clone(&self) -> Self;
    |        ^^^^^

error[E0061]: this function takes 2 arguments but 1 argument was supplied
   --> backend/crates/kalamdb-core/src/live_query/change_detector.rs:453:43
    |
453 |         let stream_table_store = Arc::new(StreamTableStore::new(Arc::clone(&db)).unwrap());
    |                                           ^^^^^^^^^^^^^^^^^^^^^----------------- argument #2 is missing
    |
note: associated function defined here
   --> backend/crates/kalamdb-core/src/stores/system_table.rs:85:12
    |
 85 |     pub fn new(backend: Arc<dyn StorageBackend>, partition: impl Into<String>) -> Self {
    |            ^^^                                   ----------------------------
help: provide the argument
    |
453 |         let stream_table_store = Arc::new(StreamTableStore::new(Arc::clone(&db), /* partition */).unwrap());
    |                                                                                +++++++++++++++++

error[E0599]: no method named `unwrap` found for struct `SystemTableStore` in the current scope
   --> backend/crates/kalamdb-core/src/live_query/change_detector.rs:453:82
    |
453 |         let stream_table_store = Arc::new(StreamTableStore::new(Arc::clone(&db)).unwrap());
    |                                                                                  ^^^^^^ method not found in `SystemTableStore<StreamTableRowId, StreamTableRow>`
    |
   ::: backend/crates/kalamdb-core/src/stores/system_table.rs:67:1
    |
 67 | pub struct SystemTableStore<K, V> {
    | --------------------------------- method `unwrap` not found for this struct
    |
    = help: items from traits can only be used if the trait is implemented and in scope
    = note: the following trait defines an item `unwrap`, perhaps you need to implement it:
            candidate #1: `brotli::enc::threading::OwnedRetriever`

warning: `kalam-cli` (test "test_cli_auth") generated 2 warnings (run `cargo fix --test "test_cli_auth"` to apply 2 suggestions)
warning: `kalam-cli` (bin "kalam" test) generated 4 warnings
error[E0308]: mismatched types
   --> backend/crates/kalamdb-core/src/live_query/manager.rs:844:72
    |
844 |         let user_table_store = Arc::new(UserTableStore::new(Arc::clone(&db)).unwrap());
    |                                                             ---------- ^^^ expected `&Arc<dyn StorageBackend>`, found `&Arc<Arc<DBCommon<SingleThreaded, ...>>>`
    |                                                             |
    |                                                             arguments to this function are incorrect
    |
    = note: expected reference `&std::sync::Arc<dyn kalamdb_store::StorageBackend>`
               found reference `&std::sync::Arc<std::sync::Arc<rocksdb::db::DBCommon<rocksdb::db::SingleThreaded, rocksdb::db::DBWithThreadModeInner>>>`
note: method defined here
   --> /Users/jamal/.rustup/toolchains/stable-aarch64-apple-darwin/lib/rustlib/src/rust/library/core/src/clone.rs:204:8
    |
204 |     fn clone(&self) -> Self;
    |        ^^^^^

error[E0061]: this function takes 2 arguments but 1 argument was supplied
   --> backend/crates/kalamdb-core/src/live_query/manager.rs:844:41
    |
844 |         let user_table_store = Arc::new(UserTableStore::new(Arc::clone(&db)).unwrap());
    |                                         ^^^^^^^^^^^^^^^^^^^----------------- argument #2 is missing
    |
note: associated function defined here
   --> backend/crates/kalamdb-core/src/stores/system_table.rs:85:12
    |
 85 |     pub fn new(backend: Arc<dyn StorageBackend>, partition: impl Into<String>) -> Self {
    |            ^^^                                   ----------------------------
help: provide the argument
    |
844 |         let user_table_store = Arc::new(UserTableStore::new(Arc::clone(&db), /* partition */).unwrap());
    |                                                                            +++++++++++++++++

error[E0599]: no method named `unwrap` found for struct `SystemTableStore` in the current scope
   --> backend/crates/kalamdb-core/src/live_query/manager.rs:844:78
    |
844 |         let user_table_store = Arc::new(UserTableStore::new(Arc::clone(&db)).unwrap());
    |                                                                              ^^^^^^ method not found in `SystemTableStore<UserTableRowId, UserTableRow>`
    |
   ::: backend/crates/kalamdb-core/src/stores/system_table.rs:67:1
    |
 67 | pub struct SystemTableStore<K, V> {
    | --------------------------------- method `unwrap` not found for this struct
    |
    = help: items from traits can only be used if the trait is implemented and in scope
    = note: the following trait defines an item `unwrap`, perhaps you need to implement it:
            candidate #1: `brotli::enc::threading::OwnedRetriever`

error[E0308]: mismatched types
   --> backend/crates/kalamdb-core/src/live_query/manager.rs:845:76
    |
845 |         let shared_table_store = Arc::new(SharedTableStore::new(Arc::clone(&db)).unwrap());
    |                                                                 ---------- ^^^ expected `&Arc<dyn StorageBackend>`, found `&Arc<Arc<DBCommon<SingleThreaded, ...>>>`
    |                                                                 |
    |                                                                 arguments to this function are incorrect
    |
    = note: expected reference `&std::sync::Arc<dyn kalamdb_store::StorageBackend>`
               found reference `&std::sync::Arc<std::sync::Arc<rocksdb::db::DBCommon<rocksdb::db::SingleThreaded, rocksdb::db::DBWithThreadModeInner>>>`
note: method defined here
   --> /Users/jamal/.rustup/toolchains/stable-aarch64-apple-darwin/lib/rustlib/src/rust/library/core/src/clone.rs:204:8
    |
204 |     fn clone(&self) -> Self;
    |        ^^^^^

error[E0061]: this function takes 2 arguments but 1 argument was supplied
   --> backend/crates/kalamdb-core/src/live_query/manager.rs:845:43
    |
845 |         let shared_table_store = Arc::new(SharedTableStore::new(Arc::clone(&db)).unwrap());
    |                                           ^^^^^^^^^^^^^^^^^^^^^----------------- argument #2 is missing
    |
note: associated function defined here
   --> backend/crates/kalamdb-core/src/stores/system_table.rs:85:12
    |
 85 |     pub fn new(backend: Arc<dyn StorageBackend>, partition: impl Into<String>) -> Self {
    |            ^^^                                   ----------------------------
help: provide the argument
    |
845 |         let shared_table_store = Arc::new(SharedTableStore::new(Arc::clone(&db), /* partition */).unwrap());
    |                                                                                +++++++++++++++++

warning: unused variable: `user`
   --> backend/crates/kalamdb-core/src/storage/storage_registry.rs:303:13
    |
303 |         let user = self
    |             ^^^^ help: if this is intentional, prefix it with an underscore: `_user`

error[E0599]: no method named `unwrap` found for struct `SystemTableStore` in the current scope
   --> backend/crates/kalamdb-core/src/live_query/manager.rs:845:82
    |
845 |         let shared_table_store = Arc::new(SharedTableStore::new(Arc::clone(&db)).unwrap());
    |                                                                                  ^^^^^^ method not found in `SystemTableStore<SharedTableRowId, SharedTableRow>`
    |
   ::: backend/crates/kalamdb-core/src/stores/system_table.rs:67:1
    |
 67 | pub struct SystemTableStore<K, V> {
    | --------------------------------- method `unwrap` not found for this struct
    |
    = help: items from traits can only be used if the trait is implemented and in scope
    = note: the following trait defines an item `unwrap`, perhaps you need to implement it:
            candidate #1: `brotli::enc::threading::OwnedRetriever`

error[E0308]: mismatched types
   --> backend/crates/kalamdb-core/src/live_query/manager.rs:846:76
    |
846 |         let stream_table_store = Arc::new(StreamTableStore::new(Arc::clone(&db)).unwrap());
    |                                                                 ---------- ^^^ expected `&Arc<dyn StorageBackend>`, found `&Arc<Arc<DBCommon<SingleThreaded, ...>>>`
    |                                                                 |
    |                                                                 arguments to this function are incorrect
    |
    = note: expected reference `&std::sync::Arc<dyn kalamdb_store::StorageBackend>`
               found reference `&std::sync::Arc<std::sync::Arc<rocksdb::db::DBCommon<rocksdb::db::SingleThreaded, rocksdb::db::DBWithThreadModeInner>>>`
note: method defined here
   --> /Users/jamal/.rustup/toolchains/stable-aarch64-apple-darwin/lib/rustlib/src/rust/library/core/src/clone.rs:204:8
    |
204 |     fn clone(&self) -> Self;
    |        ^^^^^

error[E0061]: this function takes 2 arguments but 1 argument was supplied
   --> backend/crates/kalamdb-core/src/live_query/manager.rs:846:43
    |
846 |         let stream_table_store = Arc::new(StreamTableStore::new(Arc::clone(&db)).unwrap());
    |                                           ^^^^^^^^^^^^^^^^^^^^^----------------- argument #2 is missing
    |
note: associated function defined here
   --> backend/crates/kalamdb-core/src/stores/system_table.rs:85:12
    |
 85 |     pub fn new(backend: Arc<dyn StorageBackend>, partition: impl Into<String>) -> Self {
    |            ^^^                                   ----------------------------
help: provide the argument
    |
846 |         let stream_table_store = Arc::new(StreamTableStore::new(Arc::clone(&db), /* partition */).unwrap());
    |                                                                                +++++++++++++++++

error[E0599]: no method named `unwrap` found for struct `SystemTableStore` in the current scope
   --> backend/crates/kalamdb-core/src/live_query/manager.rs:846:82
    |
846 |         let stream_table_store = Arc::new(StreamTableStore::new(Arc::clone(&db)).unwrap());
    |                                                                                  ^^^^^^ method not found in `SystemTableStore<StreamTableRowId, StreamTableRow>`
    |
   ::: backend/crates/kalamdb-core/src/stores/system_table.rs:67:1
    |
 67 | pub struct SystemTableStore<K, V> {
    | --------------------------------- method `unwrap` not found for this struct
    |
    = help: items from traits can only be used if the trait is implemented and in scope
    = note: the following trait defines an item `unwrap`, perhaps you need to implement it:
            candidate #1: `brotli::enc::threading::OwnedRetriever`

warning: `kalam-cli` (test "test_cli_integration") generated 31 warnings (run `cargo fix --test "test_cli_integration"` to apply 1 suggestion)
warning: `kalam-cli` (bin "kalam") generated 4 warnings (4 duplicates)
error[E0061]: this function takes 2 arguments but 1 argument was supplied
   --> backend/crates/kalamdb-core/src/flush/shared_table_flush.rs:419:30
    |
419 |         let store = Arc::new(SharedTableStore::new(backend));
    |                              ^^^^^^^^^^^^^^^^^^^^^--------- argument #2 is missing
    |
note: associated function defined here
   --> backend/crates/kalamdb-core/src/stores/system_table.rs:85:12
    |
 85 |     pub fn new(backend: Arc<dyn StorageBackend>, partition: impl Into<String>) -> Self {
    |            ^^^                                   ----------------------------
help: provide the argument
    |
419 |         let store = Arc::new(SharedTableStore::new(backend, /* partition */));
    |                                                           +++++++++++++++++

error[E0061]: this function takes 2 arguments but 1 argument was supplied
   --> backend/crates/kalamdb-core/src/flush/shared_table_flush.rs:438:30
    |
438 |         let store = Arc::new(SharedTableStore::new(backend));
    |                              ^^^^^^^^^^^^^^^^^^^^^--------- argument #2 is missing
    |
note: associated function defined here
   --> backend/crates/kalamdb-core/src/stores/system_table.rs:85:12
    |
 85 |     pub fn new(backend: Arc<dyn StorageBackend>, partition: impl Into<String>) -> Self {
    |            ^^^                                   ----------------------------
help: provide the argument
    |
438 |         let store = Arc::new(SharedTableStore::new(backend, /* partition */));
    |                                                           +++++++++++++++++

error[E0061]: this function takes 2 arguments but 1 argument was supplied
   --> backend/crates/kalamdb-core/src/flush/shared_table_flush.rs:464:30
    |
464 |         let store = Arc::new(SharedTableStore::new(backend));
    |                              ^^^^^^^^^^^^^^^^^^^^^--------- argument #2 is missing
    |
note: associated function defined here
   --> backend/crates/kalamdb-core/src/stores/system_table.rs:85:12
    |
 85 |     pub fn new(backend: Arc<dyn StorageBackend>, partition: impl Into<String>) -> Self {
    |            ^^^                                   ----------------------------
help: provide the argument
    |
464 |         let store = Arc::new(SharedTableStore::new(backend, /* partition */));
    |                                                           +++++++++++++++++

error[E0061]: this method takes 4 arguments but 5 arguments were supplied
   --> backend/crates/kalamdb-core/src/flush/shared_table_flush.rs:482:14
    |
482 |             .put("test_ns", "test_table", "row1", row1, "public")
    |              ^^^                                  ----  -------- unexpected argument #5 of type `&'static str`
    |                                                   |
    |                                                   expected `&SharedTableRow`, found `Value`
    |
note: method defined here
   --> backend/crates/kalamdb-core/src/stores/system_table.rs:410:8
    |
410 |     fn put(
    |        ^^^
...
415 |         row: &V,
    |         ---
help: remove the extra argument
    |
482 -             .put("test_ns", "test_table", "row1", row1, "public")
482 +             .put("test_ns", "test_table", "row1", /* &shared_table_store::SharedTableRow */)
    |

error[E0061]: this method takes 4 arguments but 5 arguments were supplied
   --> backend/crates/kalamdb-core/src/flush/shared_table_flush.rs:485:14
    |
485 |             .put("test_ns", "test_table", "row2", row2, "public")
    |              ^^^                                  ----  -------- unexpected argument #5 of type `&'static str`
    |                                                   |
    |                                                   expected `&SharedTableRow`, found `Value`
    |
note: method defined here
   --> backend/crates/kalamdb-core/src/stores/system_table.rs:410:8
    |
410 |     fn put(
    |        ^^^
...
415 |         row: &V,
    |         ---
help: remove the extra argument
    |
485 -             .put("test_ns", "test_table", "row2", row2, "public")
485 +             .put("test_ns", "test_table", "row2", /* &shared_table_store::SharedTableRow */)
    |

error[E0061]: this method takes 4 arguments but 5 arguments were supplied
   --> backend/crates/kalamdb-core/src/flush/shared_table_flush.rs:488:14
    |
488 |             .put("test_ns", "test_table", "row3", row3, "public")
    |              ^^^                                  ----  -------- unexpected argument #5 of type `&'static str`
    |                                                   |
    |                                                   expected `&SharedTableRow`, found `Value`
    |
note: method defined here
   --> backend/crates/kalamdb-core/src/stores/system_table.rs:410:8
    |
410 |     fn put(
    |        ^^^
...
415 |         row: &V,
    |         ---
help: remove the extra argument
    |
488 -             .put("test_ns", "test_table", "row3", row3, "public")
488 +             .put("test_ns", "test_table", "row3", /* &shared_table_store::SharedTableRow */)
    |

error[E0061]: this function takes 2 arguments but 1 argument was supplied
   --> backend/crates/kalamdb-core/src/flush/shared_table_flush.rs:522:30
    |
522 |         let store = Arc::new(SharedTableStore::new(backend));
    |                              ^^^^^^^^^^^^^^^^^^^^^--------- argument #2 is missing
    |
note: associated function defined here
   --> backend/crates/kalamdb-core/src/stores/system_table.rs:85:12
    |
 85 |     pub fn new(backend: Arc<dyn StorageBackend>, partition: impl Into<String>) -> Self {
    |            ^^^                                   ----------------------------
help: provide the argument
    |
522 |         let store = Arc::new(SharedTableStore::new(backend, /* partition */));
    |                                                           +++++++++++++++++

error[E0061]: this method takes 4 arguments but 5 arguments were supplied
   --> backend/crates/kalamdb-core/src/flush/shared_table_flush.rs:536:14
    |
536 |             .put("test_ns", "test_table", "row1", row1, "public")
    |              ^^^                                  ----  -------- unexpected argument #5 of type `&'static str`
    |                                                   |
    |                                                   expected `&SharedTableRow`, found `Value`
    |
note: method defined here
   --> backend/crates/kalamdb-core/src/stores/system_table.rs:410:8
    |
410 |     fn put(
    |        ^^^
...
415 |         row: &V,
    |         ---
help: remove the extra argument
    |
536 -             .put("test_ns", "test_table", "row1", row1, "public")
536 +             .put("test_ns", "test_table", "row1", /* &shared_table_store::SharedTableRow */)
    |

error[E0061]: this method takes 4 arguments but 5 arguments were supplied
   --> backend/crates/kalamdb-core/src/flush/shared_table_flush.rs:539:14
    |
539 |             .put("test_ns", "test_table", "row2", row2, "public")
    |              ^^^                                  ----  -------- unexpected argument #5 of type `&'static str`
    |                                                   |
    |                                                   expected `&SharedTableRow`, found `Value`
    |
note: method defined here
   --> backend/crates/kalamdb-core/src/stores/system_table.rs:410:8
    |
410 |     fn put(
    |        ^^^
...
415 |         row: &V,
    |         ---
help: remove the extra argument
    |
539 -             .put("test_ns", "test_table", "row2", row2, "public")
539 +             .put("test_ns", "test_table", "row2", /* &shared_table_store::SharedTableRow */)
    |

error[E0061]: this function takes 2 arguments but 1 argument was supplied
   --> backend/crates/kalamdb-core/src/flush/shared_table_flush.rs:572:30
    |
572 |         let store = Arc::new(SharedTableStore::new(backend));
    |                              ^^^^^^^^^^^^^^^^^^^^^--------- argument #2 is missing
    |
note: associated function defined here
   --> backend/crates/kalamdb-core/src/stores/system_table.rs:85:12
    |
 85 |     pub fn new(backend: Arc<dyn StorageBackend>, partition: impl Into<String>) -> Self {
    |            ^^^                                   ----------------------------
help: provide the argument
    |
572 |         let store = Arc::new(SharedTableStore::new(backend, /* partition */));
    |                                                           +++++++++++++++++

error[E0061]: this method takes 4 arguments but 5 arguments were supplied
   --> backend/crates/kalamdb-core/src/flush/shared_table_flush.rs:581:14
    |
581 |             .put("test_ns", "test_table", "row1", row1, "public")
    |              ^^^                                  ----  -------- unexpected argument #5 of type `&'static str`
    |                                                   |
    |                                                   expected `&SharedTableRow`, found `Value`
    |
note: method defined here
   --> backend/crates/kalamdb-core/src/stores/system_table.rs:410:8
    |
410 |     fn put(
    |        ^^^
...
415 |         row: &V,
    |         ---
help: remove the extra argument
    |
581 -             .put("test_ns", "test_table", "row1", row1, "public")
581 +             .put("test_ns", "test_table", "row1", /* &shared_table_store::SharedTableRow */)
    |

error[E0061]: this function takes 2 arguments but 1 argument was supplied
   --> backend/crates/kalamdb-core/src/flush/user_table_flush.rs:777:30
    |
777 |           let store = Arc::new(UserTableStore::new(Arc::new(
    |  ______________________________^^^^^^^^^^^^^^^^^^^-
778 | |             kalamdb_store::RocksDBBackend::new(test_db.db.clone()),
779 | |         )));
    | |__________- argument #2 is missing
    |
note: associated function defined here
   --> backend/crates/kalamdb-core/src/stores/system_table.rs:85:12
    |
 85 |     pub fn new(backend: Arc<dyn StorageBackend>, partition: impl Into<String>) -> Self {
    |            ^^^                                   ----------------------------
help: provide the argument
    |
779 |         let store = Arc::new(UserTableStore::new(Arc::new(
780 |             kalamdb_store::RocksDBBackend::new(test_db.db.clone()),
781 ~         ), /* partition */));
    |

error[E0061]: this function takes 2 arguments but 1 argument was supplied
   --> backend/crates/kalamdb-core/src/flush/user_table_flush.rs:799:30
    |
799 |           let store = Arc::new(UserTableStore::new(Arc::new(
    |  ______________________________^^^^^^^^^^^^^^^^^^^-
800 | |             kalamdb_store::RocksDBBackend::new(test_db.db.clone()),
801 | |         )));
    | |__________- argument #2 is missing
    |
note: associated function defined here
   --> backend/crates/kalamdb-core/src/stores/system_table.rs:85:12
    |
 85 |     pub fn new(backend: Arc<dyn StorageBackend>, partition: impl Into<String>) -> Self {
    |            ^^^                                   ----------------------------
help: provide the argument
    |
801 |         let store = Arc::new(UserTableStore::new(Arc::new(
802 |             kalamdb_store::RocksDBBackend::new(test_db.db.clone()),
803 ~         ), /* partition */));
    |

error[E0308]: mismatched types
   --> backend/crates/kalamdb-core/src/flush/user_table_flush.rs:816:40
    |
816 |         if result.job_record.status == JobStatus::Failed {
    |            ------------------------    ^^^^^^^^^^^^^^^^^ expected `JobStatus`, found enum constructor
    |            |
    |            expected because this is `kalamdb_commons::JobStatus`
    |
    = note:          expected enum `kalamdb_commons::JobStatus`
            found enum constructor `fn(std::string::String) -> job_manager::JobStatus {job_manager::JobStatus::Failed}`

error[E0308]: mismatched types
   --> backend/crates/kalamdb-core/src/flush/user_table_flush.rs:825:46
    |
825 |         assert_eq!(result.job_record.status, JobStatus::Completed);
    |                                              ^^^^^^^^^^^^^^^^^^^^ expected `JobStatus`, found enum constructor
    |
    = note:          expected enum `kalamdb_commons::JobStatus`
            found enum constructor `fn(std::option::Option<std::string::String>) -> job_manager::JobStatus {job_manager::JobStatus::Completed}`

error[E0277]: `fn(Option<String>) -> JobStatus {JobStatus::Completed}` doesn't implement `std::fmt::Debug`
   --> backend/crates/kalamdb-core/src/flush/user_table_flush.rs:825:9
    |
825 |         assert_eq!(result.job_record.status, JobStatus::Completed);
    |         ^^^^^^^^^^^^^^^^^^^^^^^^^^^^^^^^^^^^^^^^^^^^^^^^^^^^^^^^^^ the trait `std::fmt::Debug` is not implemented for fn item `fn(Option<String>) -> JobStatus {JobStatus::Completed}`
    |
   ::: backend/crates/kalamdb-core/src/jobs/job_manager.rs:79:5
    |
 79 |     Completed(Option<String>),
    |     --------- consider calling the constructor for `job_manager::JobStatus::Completed`
    |
    = help: use parentheses to construct this tuple variant: `job_manager::JobStatus::Completed(/* std::option::Option<std::string::String> */)`
    = note: the full name for the type has been written to '/Users/jamal/git/KalamDB/target/debug/deps/kalamdb_core-33fb41c69eed5b08.long-type-13460194647611637079.txt'
    = note: consider using `--verbose` to print the full type name to the console
    = note: this error originates in the macro `assert_eq` (in Nightly builds, run with -Z macro-backtrace for more info)

error[E0061]: this function takes 2 arguments but 1 argument was supplied
   --> backend/crates/kalamdb-core/src/flush/user_table_flush.rs:834:30
    |
834 |           let store = Arc::new(UserTableStore::new(Arc::new(
    |  ______________________________^^^^^^^^^^^^^^^^^^^-
835 | |             kalamdb_store::RocksDBBackend::new(test_db.db.clone()),
836 | |         )));
    | |__________- argument #2 is missing
    |
note: associated function defined here
   --> backend/crates/kalamdb-core/src/stores/system_table.rs:85:12
    |
 85 |     pub fn new(backend: Arc<dyn StorageBackend>, partition: impl Into<String>) -> Self {
    |            ^^^                                   ----------------------------
help: provide the argument
    |
836 |         let store = Arc::new(UserTableStore::new(Arc::new(
837 |             kalamdb_store::RocksDBBackend::new(test_db.db.clone()),
838 ~         ), /* partition */));
    |

error[E0308]: mismatched types
   --> backend/crates/kalamdb-core/src/flush/user_table_flush.rs:850:60
    |
850 |             .put("test_ns", "test_table", "user1", "row1", row1)
    |              --- arguments to this method are incorrect    ^^^^ expected `&UserTableRow`, found `Value`
    |
note: method defined here
   --> backend/crates/kalamdb-core/src/stores/system_table.rs:167:8
    |
167 |     fn put(
    |        ^^^
...
173 |         row: &V,
    |         ---

error[E0308]: mismatched types
   --> backend/crates/kalamdb-core/src/flush/user_table_flush.rs:853:60
    |
853 |             .put("test_ns", "test_table", "user1", "row2", row2)
    |              --- arguments to this method are incorrect    ^^^^ expected `&UserTableRow`, found `Value`
    |
note: method defined here
   --> backend/crates/kalamdb-core/src/stores/system_table.rs:167:8
    |
167 |     fn put(
    |        ^^^
...
173 |         row: &V,
    |         ---

error[E0308]: mismatched types
   --> backend/crates/kalamdb-core/src/flush/user_table_flush.rs:871:46
    |
871 |         assert_eq!(result.job_record.status, JobStatus::Completed);
    |                                              ^^^^^^^^^^^^^^^^^^^^ expected `JobStatus`, found enum constructor
    |
    = note:          expected enum `kalamdb_commons::JobStatus`
            found enum constructor `fn(std::option::Option<std::string::String>) -> job_manager::JobStatus {job_manager::JobStatus::Completed}`

error[E0277]: `fn(Option<String>) -> JobStatus {JobStatus::Completed}` doesn't implement `std::fmt::Debug`
   --> backend/crates/kalamdb-core/src/flush/user_table_flush.rs:871:9
    |
871 |         assert_eq!(result.job_record.status, JobStatus::Completed);
    |         ^^^^^^^^^^^^^^^^^^^^^^^^^^^^^^^^^^^^^^^^^^^^^^^^^^^^^^^^^^ the trait `std::fmt::Debug` is not implemented for fn item `fn(Option<String>) -> JobStatus {JobStatus::Completed}`
    |
   ::: backend/crates/kalamdb-core/src/jobs/job_manager.rs:79:5
    |
 79 |     Completed(Option<String>),
    |     --------- consider calling the constructor for `job_manager::JobStatus::Completed`
    |
    = help: use parentheses to construct this tuple variant: `job_manager::JobStatus::Completed(/* std::option::Option<std::string::String> */)`
    = note: the full name for the type has been written to '/Users/jamal/git/KalamDB/target/debug/deps/kalamdb_core-33fb41c69eed5b08.long-type-13460194647611637079.txt'
    = note: consider using `--verbose` to print the full type name to the console
    = note: this error originates in the macro `assert_eq` (in Nightly builds, run with -Z macro-backtrace for more info)

error[E0061]: this function takes 2 arguments but 1 argument was supplied
   --> backend/crates/kalamdb-core/src/flush/user_table_flush.rs:887:30
    |
887 |           let store = Arc::new(UserTableStore::new(Arc::new(
    |  ______________________________^^^^^^^^^^^^^^^^^^^-
888 | |             kalamdb_store::RocksDBBackend::new(test_db.db.clone()),
889 | |         )));
    | |__________- argument #2 is missing
    |
note: associated function defined here
   --> backend/crates/kalamdb-core/src/stores/system_table.rs:85:12
    |
 85 |     pub fn new(backend: Arc<dyn StorageBackend>, partition: impl Into<String>) -> Self {
    |            ^^^                                   ----------------------------
help: provide the argument
    |
889 |         let store = Arc::new(UserTableStore::new(Arc::new(
890 |             kalamdb_store::RocksDBBackend::new(test_db.db.clone()),
891 ~         ), /* partition */));
    |

error[E0308]: mismatched types
   --> backend/crates/kalamdb-core/src/flush/user_table_flush.rs:907:60
    |
907 |             .put("test_ns", "test_table", "user1", "row1", row1)
    |              --- arguments to this method are incorrect    ^^^^ expected `&UserTableRow`, found `Value`
    |
note: method defined here
   --> backend/crates/kalamdb-core/src/stores/system_table.rs:167:8
    |
167 |     fn put(
    |        ^^^
...
173 |         row: &V,
    |         ---

error[E0308]: mismatched types
   --> backend/crates/kalamdb-core/src/flush/user_table_flush.rs:910:60
    |
910 |             .put("test_ns", "test_table", "user2", "row2", row2)
    |              --- arguments to this method are incorrect    ^^^^ expected `&UserTableRow`, found `Value`
    |
note: method defined here
   --> backend/crates/kalamdb-core/src/stores/system_table.rs:167:8
    |
167 |     fn put(
    |        ^^^
...
173 |         row: &V,
    |         ---

error[E0308]: mismatched types
   --> backend/crates/kalamdb-core/src/flush/user_table_flush.rs:913:60
    |
913 |             .put("test_ns", "test_table", "user1", "row3", row3)
    |              --- arguments to this method are incorrect    ^^^^ expected `&UserTableRow`, found `Value`
    |
note: method defined here
   --> backend/crates/kalamdb-core/src/stores/system_table.rs:167:8
    |
167 |     fn put(
    |        ^^^
...
173 |         row: &V,
    |         ---

error[E0061]: this function takes 2 arguments but 1 argument was supplied
   --> backend/crates/kalamdb-core/src/flush/user_table_flush.rs:942:30
    |
942 |           let store = Arc::new(UserTableStore::new(Arc::new(
    |  ______________________________^^^^^^^^^^^^^^^^^^^-
943 | |             kalamdb_store::RocksDBBackend::new(test_db.db.clone()),
944 | |         )));
    | |__________- argument #2 is missing
    |
note: associated function defined here
   --> backend/crates/kalamdb-core/src/stores/system_table.rs:85:12
    |
 85 |     pub fn new(backend: Arc<dyn StorageBackend>, partition: impl Into<String>) -> Self {
    |            ^^^                                   ----------------------------
help: provide the argument
    |
944 |         let store = Arc::new(UserTableStore::new(Arc::new(
945 |             kalamdb_store::RocksDBBackend::new(test_db.db.clone()),
946 ~         ), /* partition */));
    |

error[E0308]: mismatched types
   --> backend/crates/kalamdb-core/src/flush/user_table_flush.rs:958:60
    |
958 |             .put("test_ns", "test_table", "user1", "row1", row1)
    |              --- arguments to this method are incorrect    ^^^^ expected `&UserTableRow`, found `Value`
    |
note: method defined here
   --> backend/crates/kalamdb-core/src/stores/system_table.rs:167:8
    |
167 |     fn put(
    |        ^^^
...
173 |         row: &V,
    |         ---

error[E0308]: mismatched types
   --> backend/crates/kalamdb-core/src/flush/user_table_flush.rs:961:60
    |
961 |             .put("test_ns", "test_table", "user1", "row2", row2_active)
    |              --- arguments to this method are incorrect    ^^^^^^^^^^^ expected `&UserTableRow`, found `Value`
    |
note: method defined here
   --> backend/crates/kalamdb-core/src/stores/system_table.rs:167:8
    |
167 |     fn put(
    |        ^^^
...
173 |         row: &V,
    |         ---

error[E0277]: the trait bound `kalamdb_sql::KalamSql: kalamdb_store::StorageBackend` is not satisfied
   --> backend/crates/kalamdb-core/src/jobs/executor.rs:300:61
    |
300 |         let jobs_provider = Arc::new(JobsTableProvider::new(kalam_sql));
    |                                                             ^^^^^^^^^ the trait `kalamdb_store::StorageBackend` is not implemented for `kalamdb_sql::KalamSql`
    |
    = help: the following other types implement trait `kalamdb_store::StorageBackend`:
              InMemoryBackend
              RocksDBBackend
    = note: required for the cast from `std::sync::Arc<kalamdb_sql::KalamSql>` to `std::sync::Arc<(dyn kalamdb_store::StorageBackend + 'static)>`

error[E0277]: the trait bound `kalamdb_sql::KalamSql: kalamdb_store::StorageBackend` is not satisfied
   --> backend/crates/kalamdb-core/src/jobs/retention.rs:130:61
    |
130 |         let jobs_provider = Arc::new(JobsTableProvider::new(kalam_sql));
    |                                                             ^^^^^^^^^ the trait `kalamdb_store::StorageBackend` is not implemented for `kalamdb_sql::KalamSql`
    |
    = help: the following other types implement trait `kalamdb_store::StorageBackend`:
              InMemoryBackend
              RocksDBBackend
    = note: required for the cast from `std::sync::Arc<kalamdb_sql::KalamSql>` to `std::sync::Arc<(dyn kalamdb_store::StorageBackend + 'static)>`

error[E0277]: the trait bound `kalamdb_sql::KalamSql: kalamdb_store::StorageBackend` is not satisfied
   --> backend/crates/kalamdb-core/src/jobs/retention.rs:278:61
    |
278 |         let jobs_provider = Arc::new(JobsTableProvider::new(kalam_sql));
    |                                                             ^^^^^^^^^ the trait `kalamdb_store::StorageBackend` is not implemented for `kalamdb_sql::KalamSql`
    |
    = help: the following other types implement trait `kalamdb_store::StorageBackend`:
              InMemoryBackend
              RocksDBBackend
    = note: required for the cast from `std::sync::Arc<kalamdb_sql::KalamSql>` to `std::sync::Arc<(dyn kalamdb_store::StorageBackend + 'static)>`

error[E0277]: the trait bound `DBCommon<SingleThreaded, DBWithThreadModeInner>: StorageBackend` is not satisfied
   --> backend/crates/kalamdb-core/src/jobs/stream_eviction.rs:318:59
    |
318 |         let stream_store = Arc::new(StreamTableStore::new(db.clone()).unwrap());
    |                                                           ^^^^^^^^^^ unsatisfied trait bound
    |
    = help: the trait `kalamdb_store::StorageBackend` is not implemented for `rocksdb::db::DBCommon<rocksdb::db::SingleThreaded, rocksdb::db::DBWithThreadModeInner>`
    = help: the following other types implement trait `kalamdb_store::StorageBackend`:
              InMemoryBackend
              RocksDBBackend
    = note: required for the cast from `Arc<DBCommon<SingleThreaded, DBWithThreadModeInner>>` to `std::sync::Arc<(dyn kalamdb_store::StorageBackend + 'static)>`
    = note: the full name for the type has been written to '/Users/jamal/git/KalamDB/target/debug/deps/kalamdb_core-33fb41c69eed5b08.long-type-12290098849917426244.txt'
    = note: consider using `--verbose` to print the full type name to the console

error[E0061]: this function takes 2 arguments but 1 argument was supplied
   --> backend/crates/kalamdb-core/src/jobs/stream_eviction.rs:318:37
    |
318 |         let stream_store = Arc::new(StreamTableStore::new(db.clone()).unwrap());
    |                                     ^^^^^^^^^^^^^^^^^^^^^------------ argument #2 is missing
    |
note: associated function defined here
   --> backend/crates/kalamdb-core/src/stores/system_table.rs:85:12
    |
 85 |     pub fn new(backend: Arc<dyn StorageBackend>, partition: impl Into<String>) -> Self {
    |            ^^^                                   ----------------------------
help: provide the argument
    |
318 |         let stream_store = Arc::new(StreamTableStore::new(db.clone(), /* partition */).unwrap());
    |                                                                     +++++++++++++++++

error[E0599]: no method named `unwrap` found for struct `SystemTableStore` in the current scope
   --> backend/crates/kalamdb-core/src/jobs/stream_eviction.rs:318:71
    |
318 |         let stream_store = Arc::new(StreamTableStore::new(db.clone()).unwrap());
    |                                                                       ^^^^^^ method not found in `SystemTableStore<StreamTableRowId, StreamTableRow>`
    |
   ::: backend/crates/kalamdb-core/src/stores/system_table.rs:67:1
    |
 67 | pub struct SystemTableStore<K, V> {
    | --------------------------------- method `unwrap` not found for this struct
    |
    = help: items from traits can only be used if the trait is implemented and in scope
    = note: the following trait defines an item `unwrap`, perhaps you need to implement it:
            candidate #1: `brotli::enc::threading::OwnedRetriever`

error[E0308]: mismatched types
   --> backend/crates/kalamdb-core/src/jobs/stream_eviction.rs:322:72
    |
322 |         let jobs_provider = Arc::new(JobsTableProvider::new(Arc::clone(&kalam_sql)));
    |                                                             ---------- ^^^^^^^^^^ expected `&Arc<dyn StorageBackend>`, found `&Arc<KalamSql>`
    |                                                             |
    |                                                             arguments to this function are incorrect
    |
    = note: expected reference `&std::sync::Arc<dyn kalamdb_store::StorageBackend>`
               found reference `&std::sync::Arc<kalamdb_sql::KalamSql>`
note: method defined here
   --> /Users/jamal/.rustup/toolchains/stable-aarch64-apple-darwin/lib/rustlib/src/rust/library/core/src/clone.rs:204:8
    |
204 |     fn clone(&self) -> Self;
    |        ^^^^^

error[E0277]: the trait bound `DBCommon<SingleThreaded, DBWithThreadModeInner>: StorageBackend` is not satisfied
   --> backend/crates/kalamdb-core/src/jobs/stream_eviction.rs:344:59
    |
344 |         let stream_store = Arc::new(StreamTableStore::new(db.clone()).unwrap());
    |                                                           ^^^^^^^^^^ unsatisfied trait bound
    |
    = help: the trait `kalamdb_store::StorageBackend` is not implemented for `rocksdb::db::DBCommon<rocksdb::db::SingleThreaded, rocksdb::db::DBWithThreadModeInner>`
    = help: the following other types implement trait `kalamdb_store::StorageBackend`:
              InMemoryBackend
              RocksDBBackend
    = note: required for the cast from `Arc<DBCommon<SingleThreaded, DBWithThreadModeInner>>` to `std::sync::Arc<(dyn kalamdb_store::StorageBackend + 'static)>`
    = note: the full name for the type has been written to '/Users/jamal/git/KalamDB/target/debug/deps/kalamdb_core-33fb41c69eed5b08.long-type-12290098849917426244.txt'
    = note: consider using `--verbose` to print the full type name to the console

error[E0061]: this function takes 2 arguments but 1 argument was supplied
   --> backend/crates/kalamdb-core/src/jobs/stream_eviction.rs:344:37
    |
344 |         let stream_store = Arc::new(StreamTableStore::new(db.clone()).unwrap());
    |                                     ^^^^^^^^^^^^^^^^^^^^^------------ argument #2 is missing
    |
note: associated function defined here
   --> backend/crates/kalamdb-core/src/stores/system_table.rs:85:12
    |
 85 |     pub fn new(backend: Arc<dyn StorageBackend>, partition: impl Into<String>) -> Self {
    |            ^^^                                   ----------------------------
help: provide the argument
    |
344 |         let stream_store = Arc::new(StreamTableStore::new(db.clone(), /* partition */).unwrap());
    |                                                                     +++++++++++++++++

error[E0599]: no method named `unwrap` found for struct `SystemTableStore` in the current scope
   --> backend/crates/kalamdb-core/src/jobs/stream_eviction.rs:344:71
    |
344 |         let stream_store = Arc::new(StreamTableStore::new(db.clone()).unwrap());
    |                                                                       ^^^^^^ method not found in `SystemTableStore<StreamTableRowId, StreamTableRow>`
    |
   ::: backend/crates/kalamdb-core/src/stores/system_table.rs:67:1
    |
 67 | pub struct SystemTableStore<K, V> {
    | --------------------------------- method `unwrap` not found for this struct
    |
    = help: items from traits can only be used if the trait is implemented and in scope
    = note: the following trait defines an item `unwrap`, perhaps you need to implement it:
            candidate #1: `brotli::enc::threading::OwnedRetriever`

error[E0308]: mismatched types
   --> backend/crates/kalamdb-core/src/jobs/stream_eviction.rs:348:72
    |
348 |         let jobs_provider = Arc::new(JobsTableProvider::new(Arc::clone(&kalam_sql)));
    |                                                             ---------- ^^^^^^^^^^ expected `&Arc<dyn StorageBackend>`, found `&Arc<KalamSql>`
    |                                                             |
    |                                                             arguments to this function are incorrect
    |
    = note: expected reference `&std::sync::Arc<dyn kalamdb_store::StorageBackend>`
               found reference `&std::sync::Arc<kalamdb_sql::KalamSql>`
note: method defined here
   --> /Users/jamal/.rustup/toolchains/stable-aarch64-apple-darwin/lib/rustlib/src/rust/library/core/src/clone.rs:204:8
    |
204 |     fn clone(&self) -> Self;
    |        ^^^^^

error[E0061]: this function takes 2 arguments but 1 argument was supplied
   --> backend/crates/kalamdb-core/src/jobs/stream_eviction_scheduler.rs:159:37
    |
159 |         let stream_store = Arc::new(StreamTableStore::new(db.clone()).unwrap());
    |                                     ^^^^^^^^^^^^^^^^^^^^^------------ argument #2 is missing
    |
note: associated function defined here
   --> backend/crates/kalamdb-core/src/stores/system_table.rs:85:12
    |
 85 |     pub fn new(backend: Arc<dyn StorageBackend>, partition: impl Into<String>) -> Self {
    |            ^^^                                   ----------------------------
help: provide the argument
    |
159 |         let stream_store = Arc::new(StreamTableStore::new(db.clone(), /* partition */).unwrap());
    |                                                                     +++++++++++++++++

error[E0599]: no method named `unwrap` found for struct `SystemTableStore` in the current scope
   --> backend/crates/kalamdb-core/src/jobs/stream_eviction_scheduler.rs:159:71
    |
159 |         let stream_store = Arc::new(StreamTableStore::new(db.clone()).unwrap());
    |                                                                       ^^^^^^ method not found in `SystemTableStore<StreamTableRowId, StreamTableRow>`
    |
   ::: backend/crates/kalamdb-core/src/stores/system_table.rs:67:1
    |
 67 | pub struct SystemTableStore<K, V> {
    | --------------------------------- method `unwrap` not found for this struct
    |
    = help: items from traits can only be used if the trait is implemented and in scope
    = note: the following trait defines an item `unwrap`, perhaps you need to implement it:
            candidate #1: `brotli::enc::threading::OwnedRetriever`

error[E0308]: mismatched types
   --> backend/crates/kalamdb-core/src/jobs/stream_eviction_scheduler.rs:163:72
    |
163 |         let jobs_provider = Arc::new(JobsTableProvider::new(Arc::clone(&kalam_sql)));
    |                                                             ---------- ^^^^^^^^^^ expected `&Arc<dyn StorageBackend>`, found `&Arc<KalamSql>`
    |                                                             |
    |                                                             arguments to this function are incorrect
    |
    = note: expected reference `&std::sync::Arc<dyn kalamdb_store::StorageBackend>`
               found reference `&std::sync::Arc<kalamdb_sql::KalamSql>`
note: method defined here
   --> /Users/jamal/.rustup/toolchains/stable-aarch64-apple-darwin/lib/rustlib/src/rust/library/core/src/clone.rs:204:8
    |
204 |     fn clone(&self) -> Self;
    |        ^^^^^

error[E0034]: multiple applicable items in scope
   --> backend/crates/kalamdb-core/src/live_query/change_detector.rs:488:14
    |
488 |             .get(namespace_id, table_name, user_id, row_id)
    |              ^^^ multiple `get` found
    |
note: candidate #1 is defined in an impl of the trait `system_table::SharedTableStoreExt` for the type `system_table::SystemTableStore<user_table_store::UserTableRowId, user_table_store::UserTableRow>`
   --> backend/crates/kalamdb-core/src/stores/system_table.rs:475:5
    |
475 | /     fn get(
476 | |         &self,
477 | |         namespace_id: &str,
478 | |         table_name: &str,
479 | |         row_id: &str,
480 | |     ) -> std::result::Result<Option<UserTableRow>, KalamDbError> {
    | |________________________________________________________________^
note: candidate #2 is defined in an impl of the trait `system_table::UserTableStoreExt` for the type `system_table::SystemTableStore<user_table_store::UserTableRowId, user_table_store::UserTableRow>`
   --> backend/crates/kalamdb-core/src/stores/system_table.rs:255:5
    |
255 | /     fn get(
256 | |         &self,
257 | |         _namespace_id: &str,
258 | |         _table_name: &str,
259 | |         user_id: &str,
260 | |         row_id: &str,
261 | |     ) -> std::result::Result<Option<UserTableRow>, KalamDbError> {
    | |________________________________________________________________^
help: disambiguate the method for candidate #1
    |
486 ~         let retrieved = system_table::SharedTableStoreExt::get(&detector
487 +             .store(), namespace_id, table_name, user_id, row_id)
    |
help: disambiguate the method for candidate #2
    |
486 ~         let retrieved = system_table::UserTableStoreExt::get(&detector
487 +             .store(), namespace_id, table_name, user_id, row_id)
    |

error[E0034]: multiple applicable items in scope
   --> backend/crates/kalamdb-core/src/live_query/change_detector.rs:519:14
    |
519 |             .get(namespace_id, table_name, user_id, row_id)
    |              ^^^ multiple `get` found
    |
note: candidate #1 is defined in an impl of the trait `system_table::SharedTableStoreExt` for the type `system_table::SystemTableStore<user_table_store::UserTableRowId, user_table_store::UserTableRow>`
   --> backend/crates/kalamdb-core/src/stores/system_table.rs:475:5
    |
475 | /     fn get(
476 | |         &self,
477 | |         namespace_id: &str,
478 | |         table_name: &str,
479 | |         row_id: &str,
480 | |     ) -> std::result::Result<Option<UserTableRow>, KalamDbError> {
    | |________________________________________________________________^
note: candidate #2 is defined in an impl of the trait `system_table::UserTableStoreExt` for the type `system_table::SystemTableStore<user_table_store::UserTableRowId, user_table_store::UserTableRow>`
   --> backend/crates/kalamdb-core/src/stores/system_table.rs:255:5
    |
255 | /     fn get(
256 | |         &self,
257 | |         _namespace_id: &str,
258 | |         _table_name: &str,
259 | |         user_id: &str,
260 | |         row_id: &str,
261 | |     ) -> std::result::Result<Option<UserTableRow>, KalamDbError> {
    | |________________________________________________________________^
help: disambiguate the method for candidate #1
    |
517 ~         let retrieved = system_table::SharedTableStoreExt::get(&detector
518 +             .store(), namespace_id, table_name, user_id, row_id)
    |
help: disambiguate the method for candidate #2
    |
517 ~         let retrieved = system_table::UserTableStoreExt::get(&detector
518 +             .store(), namespace_id, table_name, user_id, row_id)
    |

error[E0034]: multiple applicable items in scope
   --> backend/crates/kalamdb-core/src/live_query/change_detector.rs:550:14
    |
550 |             .get(namespace_id, table_name, user_id, row_id)
    |              ^^^ multiple `get` found
    |
note: candidate #1 is defined in an impl of the trait `system_table::SharedTableStoreExt` for the type `system_table::SystemTableStore<user_table_store::UserTableRowId, user_table_store::UserTableRow>`
   --> backend/crates/kalamdb-core/src/stores/system_table.rs:475:5
    |
475 | /     fn get(
476 | |         &self,
477 | |         namespace_id: &str,
478 | |         table_name: &str,
479 | |         row_id: &str,
480 | |     ) -> std::result::Result<Option<UserTableRow>, KalamDbError> {
    | |________________________________________________________________^
note: candidate #2 is defined in an impl of the trait `system_table::UserTableStoreExt` for the type `system_table::SystemTableStore<user_table_store::UserTableRowId, user_table_store::UserTableRow>`
   --> backend/crates/kalamdb-core/src/stores/system_table.rs:255:5
    |
255 | /     fn get(
256 | |         &self,
257 | |         _namespace_id: &str,
258 | |         _table_name: &str,
259 | |         user_id: &str,
260 | |         row_id: &str,
261 | |     ) -> std::result::Result<Option<UserTableRow>, KalamDbError> {
    | |________________________________________________________________^
help: disambiguate the method for candidate #1
    |
548 ~         let retrieved = system_table::SharedTableStoreExt::get(&detector
549 +             .store(), namespace_id, table_name, user_id, row_id)
    |
help: disambiguate the method for candidate #2
    |
548 ~         let retrieved = system_table::UserTableStoreExt::get(&detector
549 +             .store(), namespace_id, table_name, user_id, row_id)
    |

error[E0308]: mismatched types
   --> backend/crates/kalamdb-core/src/services/schema_evolution_service.rs:545:23
    |
545 |             table_id: table_id.clone(),
    |                       ^^^^^^^^^^^^^^^^ expected `TableId`, found `String`

error[E0308]: mismatched types
   --> backend/crates/kalamdb-core/src/services/schema_evolution_service.rs:720:22
    |
720 |             live_id: "lq123".to_string(),
    |                      ^^^^^^^^^^^^^^^^^^^ expected `LiveQueryId`, found `String`
    |
help: call `Into::into` on this expression to convert `std::string::String` into `kalamdb_commons::LiveQueryId`
    |
720 |             live_id: "lq123".to_string().into(),
    |                                         +++++++

error[E0277]: the trait bound `DBCommon<SingleThreaded, DBWithThreadModeInner>: StorageBackend` is not satisfied
   --> backend/crates/kalamdb-core/src/services/stream_table_service.rs:293:65
    |
293 |         let stream_table_store = Arc::new(StreamTableStore::new(test_db.db.clone()).unwrap());
    |                                                                 ^^^^^^^^^^^^^^^^^^ unsatisfied trait bound
    |
    = help: the trait `kalamdb_store::StorageBackend` is not implemented for `rocksdb::db::DBCommon<rocksdb::db::SingleThreaded, rocksdb::db::DBWithThreadModeInner>`
    = help: the following other types implement trait `kalamdb_store::StorageBackend`:
              InMemoryBackend
              RocksDBBackend
    = note: required for the cast from `Arc<DBCommon<SingleThreaded, DBWithThreadModeInner>>` to `std::sync::Arc<(dyn kalamdb_store::StorageBackend + 'static)>`
    = note: the full name for the type has been written to '/Users/jamal/git/KalamDB/target/debug/deps/kalamdb_core-33fb41c69eed5b08.long-type-12290098849917426244.txt'
    = note: consider using `--verbose` to print the full type name to the console

error[E0061]: this function takes 2 arguments but 1 argument was supplied
   --> backend/crates/kalamdb-core/src/services/stream_table_service.rs:293:43
    |
293 |         let stream_table_store = Arc::new(StreamTableStore::new(test_db.db.clone()).unwrap());
    |                                           ^^^^^^^^^^^^^^^^^^^^^-------------------- argument #2 is missing
    |
note: associated function defined here
   --> backend/crates/kalamdb-core/src/stores/system_table.rs:85:12
    |
 85 |     pub fn new(backend: Arc<dyn StorageBackend>, partition: impl Into<String>) -> Self {
    |            ^^^                                   ----------------------------
help: provide the argument
    |
293 |         let stream_table_store = Arc::new(StreamTableStore::new(test_db.db.clone(), /* partition */).unwrap());
    |                                                                                   +++++++++++++++++

error[E0599]: no method named `unwrap` found for struct `SystemTableStore` in the current scope
   --> backend/crates/kalamdb-core/src/services/stream_table_service.rs:293:85
    |
293 |         let stream_table_store = Arc::new(StreamTableStore::new(test_db.db.clone()).unwrap());
    |                                                                                     ^^^^^^ method not found in `SystemTableStore<StreamTableRowId, StreamTableRow>`
    |
   ::: backend/crates/kalamdb-core/src/stores/system_table.rs:67:1
    |
 67 | pub struct SystemTableStore<K, V> {
    | --------------------------------- method `unwrap` not found for this struct
    |
    = help: items from traits can only be used if the trait is implemented and in scope
    = note: the following trait defines an item `unwrap`, perhaps you need to implement it:
            candidate #1: `brotli::enc::threading::OwnedRetriever`

error[E0061]: this function takes 2 arguments but 1 argument was supplied
   --> backend/crates/kalamdb-core/src/services/user_table_service.rs:418:41
    |
418 |         let user_table_store = Arc::new(UserTableStore::new(backend));
    |                                         ^^^^^^^^^^^^^^^^^^^--------- argument #2 is missing
    |
note: associated function defined here
   --> backend/crates/kalamdb-core/src/stores/system_table.rs:85:12
    |
 85 |     pub fn new(backend: Arc<dyn StorageBackend>, partition: impl Into<String>) -> Self {
    |            ^^^                                   ----------------------------
help: provide the argument
    |
418 |         let user_table_store = Arc::new(UserTableStore::new(backend, /* partition */));
    |                                                                    +++++++++++++++++

error[E0061]: this function takes 2 arguments but 3 arguments were supplied
    --> backend/crates/kalamdb-core/src/sql/executor.rs:4124:43
     |
4124 | ...et stream_table_store = Arc::new(crate::tables::new_stream_table_store(backend.clone(), &NamespaceId::new("default"), &TableName::new(...
     |                                     ^^^^^^^^^^^^^^^^^^^^^^^^^^^^^^^^^^^^^ --------------- unexpected argument #1 of type `std::sync::Arc<dyn kalamdb_store::StorageBackend>`
     |
note: function defined here
    --> backend/crates/kalamdb-core/src/tables/stream_tables/stream_table_store.rs:58:8
     |
  58 | pub fn new_stream_table_store(
     |        ^^^^^^^^^^^^^^^^^^^^^^
help: remove the extra argument
     |
4124 -         let stream_table_store = Arc::new(crate::tables::new_stream_table_store(backend.clone(), &NamespaceId::new("default"), &TableName::new("test")));
4124 +         let stream_table_store = Arc::new(crate::tables::new_stream_table_store(&NamespaceId::new("default"), &TableName::new("test")));
     |

error[E0061]: this function takes 2 arguments but 3 arguments were supplied
    --> backend/crates/kalamdb-core/src/sql/executor.rs:4230:43
     |
4230 | ...et stream_table_store = Arc::new(crate::tables::new_stream_table_store(backend.clone(), &NamespaceId::new("default"), &TableName::new(...
     |                                     ^^^^^^^^^^^^^^^^^^^^^^^^^^^^^^^^^^^^^ --------------- unexpected argument #1 of type `std::sync::Arc<dyn kalamdb_store::StorageBackend>`
     |
note: function defined here
    --> backend/crates/kalamdb-core/src/tables/stream_tables/stream_table_store.rs:58:8
     |
  58 | pub fn new_stream_table_store(
     |        ^^^^^^^^^^^^^^^^^^^^^^
help: remove the extra argument
     |
4230 -         let stream_table_store = Arc::new(crate::tables::new_stream_table_store(backend.clone(), &NamespaceId::new("default"), &TableName::new("test")));
4230 +         let stream_table_store = Arc::new(crate::tables::new_stream_table_store(&NamespaceId::new("default"), &TableName::new("test")));
     |

error[E0308]: mismatched types
    --> backend/crates/kalamdb-core/src/sql/executor.rs:4253:23
     |
4253 |             table_id: "app:events".to_string(),
     |                       ^^^^^^^^^^^^^^^^^^^^^^^^ expected `TableId`, found `String`

error[E0599]: no method named `invoke` found for struct `current_user::CurrentUserFunction` in the current scope
   --> backend/crates/kalamdb-core/src/sql/functions/current_user.rs:112:32
    |
 21 | pub struct CurrentUserFunction {
    | ------------------------------ method `invoke` not found for this struct
...
112 |         let result = func_impl.invoke(&args);
    |                                ^^^^^^
    |
help: there is a method `into` with a similar name, but with different arguments
   --> /Users/jamal/.rustup/toolchains/stable-aarch64-apple-darwin/lib/rustlib/src/rust/library/core/src/convert/mod.rs:458:5
    |
458 |     fn into(self) -> T;
    |     ^^^^^^^^^^^^^^^^^^^

error[E0599]: no method named `invoke` found for struct `uuid_v7::UuidV7Function` in the current scope
   --> backend/crates/kalamdb-core/src/sql/functions/uuid_v7.rs:194:32
    |
 38 | pub struct UuidV7Function;
    | ------------------------- method `invoke` not found for this struct
...
194 |         let result = func_impl.invoke(&args);
    |                                ^^^^^^
    |
help: there is a method `into` with a similar name, but with different arguments
   --> /Users/jamal/.rustup/toolchains/stable-aarch64-apple-darwin/lib/rustlib/src/rust/library/core/src/convert/mod.rs:458:5
    |
458 |     fn into(self) -> T;
    |     ^^^^^^^^^^^^^^^^^^^

error[E0308]: mismatched types
   --> backend/crates/kalamdb-core/src/stores/system_table.rs:842:19
    |
842 |         store.put("e1", &entity).unwrap();
    |               --- ^^^^ expected `&String`, found `&str`
    |               |
    |               arguments to this method are incorrect
    |
    = note: expected reference `&std::string::String`
               found reference `&'static str`
note: method defined here
   --> /Users/jamal/git/KalamDB/backend/crates/kalamdb-store/src/entity_store.rs:135:8
    |
135 |     fn put(&self, key: &K, entity: &V) -> Result<()> {
    |        ^^^

error[E0308]: mismatched types
   --> backend/crates/kalamdb-core/src/stores/system_table.rs:845:35
    |
845 |         let retrieved = store.get("e1").unwrap().unwrap();
    |                               --- ^^^^ expected `&String`, found `&str`
    |                               |
    |                               arguments to this method are incorrect
    |
    = note: expected reference `&std::string::String`
               found reference `&'static str`
note: method defined here
   --> /Users/jamal/git/KalamDB/backend/crates/kalamdb-store/src/entity_store.rs:153:8
    |
153 |     fn get(&self, key: &K) -> Result<Option<V>> {
    |        ^^^

error[E0308]: mismatched types
   --> backend/crates/kalamdb-core/src/stores/system_table.rs:849:33
    |
849 |         let missing = store.get("e999").unwrap();
    |                             --- ^^^^^^ expected `&String`, found `&str`
    |                             |
    |                             arguments to this method are incorrect
    |
    = note: expected reference `&std::string::String`
               found reference `&'static str`
note: method defined here
   --> /Users/jamal/git/KalamDB/backend/crates/kalamdb-store/src/entity_store.rs:153:8
    |
153 |     fn get(&self, key: &K) -> Result<Option<V>> {
    |        ^^^

error[E0599]: `system_table::SystemTableStore<kalamdb_commons::JobId, kalamdb_sql::Job>` is not an iterator
  --> backend/crates/kalamdb-core/src/tables/system/jobs_v2/jobs_store.rs:59:26
   |
59 |         assert_eq!(store.partition(), "system_jobs");
   |                          ^^^^^^^^^
   |                          |
   |                          `system_table::SystemTableStore<kalamdb_commons::JobId, kalamdb_sql::Job>` is not an iterator
   |                          private field, not a method
   |
  ::: backend/crates/kalamdb-core/src/stores/system_table.rs:67:1
   |
67 | pub struct SystemTableStore<K, V> {
   | --------------------------------- method `partition` not found for this struct because it doesn't satisfy `_: Iterator`
   |
   = note: the following trait bounds were not satisfied:
           `system_table::SystemTableStore<kalamdb_commons::JobId, kalamdb_sql::Job>: Iterator`
           which is required by `&mut system_table::SystemTableStore<kalamdb_commons::JobId, kalamdb_sql::Job>: Iterator`
note: the trait `Iterator` must be implemented
  --> /Users/jamal/.rustup/toolchains/stable-aarch64-apple-darwin/lib/rustlib/src/rust/library/core/src/iter/traits/iterator.rs:39:1
   |
39 | pub trait Iterator {
   | ^^^^^^^^^^^^^^^^^^
   = help: items from traits can only be used if the trait is in scope
help: trait `EntityStore` which provides `partition` is implemented but not in scope; perhaps you want to import it
   |
27 +     use kalamdb_store::EntityStoreV2;
   |

error[E0599]: no method named `put` found for struct `system_table::SystemTableStore` in the current scope
   --> backend/crates/kalamdb-core/src/tables/system/jobs_v2/jobs_store.rs:69:15
    |
 69 |         store.put(&job_id, &job).unwrap();
    |               ^^^ method not found in `system_table::SystemTableStore<kalamdb_commons::JobId, kalamdb_sql::Job>`
    |
   ::: backend/crates/kalamdb-core/src/stores/system_table.rs:67:1
    |
 67 | pub struct SystemTableStore<K, V> {
    | --------------------------------- method `put` not found for this struct
    |
   ::: /Users/jamal/git/KalamDB/backend/crates/kalamdb-store/src/entity_store.rs:135:8
    |
135 |     fn put(&self, key: &K, entity: &V) -> Result<()> {
    |        --- the method is available for `system_table::SystemTableStore<kalamdb_commons::JobId, kalamdb_sql::Job>` here
    |
    = help: items from traits can only be used if the trait is in scope
help: trait `EntityStore` which provides `put` is implemented but not in scope; perhaps you want to import it
    |
 27 +     use kalamdb_store::EntityStoreV2;
    |

error[E0599]: no method named `get` found for struct `system_table::SystemTableStore` in the current scope
   --> backend/crates/kalamdb-core/src/tables/system/jobs_v2/jobs_store.rs:72:31
    |
 72 |         let retrieved = store.get(&job_id).unwrap();
    |                               ^^^ method not found in `system_table::SystemTableStore<kalamdb_commons::JobId, kalamdb_sql::Job>`
    |
   ::: backend/crates/kalamdb-core/src/stores/system_table.rs:67:1
    |
 67 | pub struct SystemTableStore<K, V> {
    | --------------------------------- method `get` not found for this struct
    |
   ::: /Users/jamal/git/KalamDB/backend/crates/kalamdb-store/src/entity_store.rs:153:8
    |
153 |     fn get(&self, key: &K) -> Result<Option<V>> {
    |        --- the method is available for `system_table::SystemTableStore<kalamdb_commons::JobId, kalamdb_sql::Job>` here
    |
    = help: items from traits can only be used if the trait is in scope
help: trait `EntityStore` which provides `get` is implemented but not in scope; perhaps you want to import it
    |
 27 +     use kalamdb_store::EntityStoreV2;
    |

error[E0599]: no method named `put` found for struct `system_table::SystemTableStore` in the current scope
   --> backend/crates/kalamdb-core/src/tables/system/jobs_v2/jobs_store.rs:86:15
    |
 86 |         store.put(&job_id, &job).unwrap();
    |               ^^^ method not found in `system_table::SystemTableStore<kalamdb_commons::JobId, kalamdb_sql::Job>`
    |
   ::: backend/crates/kalamdb-core/src/stores/system_table.rs:67:1
    |
 67 | pub struct SystemTableStore<K, V> {
    | --------------------------------- method `put` not found for this struct
    |
   ::: /Users/jamal/git/KalamDB/backend/crates/kalamdb-store/src/entity_store.rs:135:8
    |
135 |     fn put(&self, key: &K, entity: &V) -> Result<()> {
    |        --- the method is available for `system_table::SystemTableStore<kalamdb_commons::JobId, kalamdb_sql::Job>` here
    |
    = help: items from traits can only be used if the trait is in scope
help: trait `EntityStore` which provides `put` is implemented but not in scope; perhaps you want to import it
    |
 27 +     use kalamdb_store::EntityStoreV2;
    |

error[E0599]: no method named `delete` found for struct `system_table::SystemTableStore` in the current scope
   --> backend/crates/kalamdb-core/src/tables/system/jobs_v2/jobs_store.rs:87:15
    |
 87 |         store.delete(&job_id).unwrap();
    |               ^^^^^^ method not found in `system_table::SystemTableStore<kalamdb_commons::JobId, kalamdb_sql::Job>`
    |
   ::: backend/crates/kalamdb-core/src/stores/system_table.rs:67:1
    |
 67 | pub struct SystemTableStore<K, V> {
    | --------------------------------- method `delete` not found for this struct
    |
   ::: /Users/jamal/git/KalamDB/backend/crates/kalamdb-store/src/entity_store.rs:171:8
    |
171 |     fn delete(&self, key: &K) -> Result<()> {
    |        ------ the method is available for `system_table::SystemTableStore<kalamdb_commons::JobId, kalamdb_sql::Job>` here
    |
    = help: items from traits can only be used if the trait is in scope
help: trait `EntityStore` which provides `delete` is implemented but not in scope; perhaps you want to import it
    |
 27 +     use kalamdb_store::EntityStoreV2;
    |

error[E0599]: no method named `get` found for struct `system_table::SystemTableStore` in the current scope
   --> backend/crates/kalamdb-core/src/tables/system/jobs_v2/jobs_store.rs:90:31
    |
 90 |         let retrieved = store.get(&job_id).unwrap();
    |                               ^^^ method not found in `system_table::SystemTableStore<kalamdb_commons::JobId, kalamdb_sql::Job>`
    |
   ::: backend/crates/kalamdb-core/src/stores/system_table.rs:67:1
    |
 67 | pub struct SystemTableStore<K, V> {
    | --------------------------------- method `get` not found for this struct
    |
   ::: /Users/jamal/git/KalamDB/backend/crates/kalamdb-store/src/entity_store.rs:153:8
    |
153 |     fn get(&self, key: &K) -> Result<Option<V>> {
    |        --- the method is available for `system_table::SystemTableStore<kalamdb_commons::JobId, kalamdb_sql::Job>` here
    |
    = help: items from traits can only be used if the trait is in scope
help: trait `EntityStore` which provides `get` is implemented but not in scope; perhaps you want to import it
    |
 27 +     use kalamdb_store::EntityStoreV2;
    |

error[E0599]: no method named `put` found for struct `system_table::SystemTableStore` in the current scope
   --> backend/crates/kalamdb-core/src/tables/system/jobs_v2/jobs_store.rs:102:19
    |
102 |             store.put(&job_id, &job).unwrap();
    |                   ^^^ method not found in `system_table::SystemTableStore<kalamdb_commons::JobId, kalamdb_sql::Job>`
    |
   ::: backend/crates/kalamdb-core/src/stores/system_table.rs:67:1
    |
 67 | pub struct SystemTableStore<K, V> {
    | --------------------------------- method `put` not found for this struct
    |
   ::: /Users/jamal/git/KalamDB/backend/crates/kalamdb-store/src/entity_store.rs:135:8
    |
135 |     fn put(&self, key: &K, entity: &V) -> Result<()> {
    |        --- the method is available for `system_table::SystemTableStore<kalamdb_commons::JobId, kalamdb_sql::Job>` here
    |
    = help: items from traits can only be used if the trait is in scope
help: trait `EntityStore` which provides `put` is implemented but not in scope; perhaps you want to import it
    |
 27 +     use kalamdb_store::EntityStoreV2;
    |

error[E0599]: no method named `scan_all` found for struct `system_table::SystemTableStore` in the current scope
   --> backend/crates/kalamdb-core/src/tables/system/jobs_v2/jobs_store.rs:106:26
    |
106 |         let jobs = store.scan_all().unwrap();
    |                          ^^^^^^^^ method not found in `system_table::SystemTableStore<kalamdb_commons::JobId, kalamdb_sql::Job>`
    |
   ::: backend/crates/kalamdb-core/src/stores/system_table.rs:67:1
    |
 67 | pub struct SystemTableStore<K, V> {
    | --------------------------------- method `scan_all` not found for this struct
    |
   ::: /Users/jamal/git/KalamDB/backend/crates/kalamdb-store/src/entity_store.rs:217:8
    |
217 |     fn scan_all(&self) -> Result<Vec<(Vec<u8>, V)>> {
    |        -------- the method is available for `system_table::SystemTableStore<kalamdb_commons::JobId, kalamdb_sql::Job>` here
    |
    = help: items from traits can only be used if the trait is in scope
help: trait `EntityStore` which provides `scan_all` is implemented but not in scope; perhaps you want to import it
    |
 27 +     use kalamdb_store::EntityStoreV2;
    |

error[E0599]: no method named `table_access` found for struct `system_table::SystemTableStore` in the current scope
   --> backend/crates/kalamdb-core/src/tables/system/jobs_v2/jobs_store.rs:115:23
    |
115 |         assert!(store.table_access().is_none());
    |                       ^^^^^^^^^^^^
    |
   ::: /Users/jamal/git/KalamDB/backend/crates/kalamdb-store/src/entity_store.rs:270:8
    |
270 |     fn table_access(&self) -> Option<TableAccess>;
    |        ------------ the method is available for `system_table::SystemTableStore<kalamdb_commons::JobId, kalamdb_sql::Job>` here
    |
   ::: backend/crates/kalamdb-core/src/stores/system_table.rs:67:1
    |
 67 | pub struct SystemTableStore<K, V> {
    | --------------------------------- method `table_access` not found for this struct
    |
    = help: items from traits can only be used if the trait is in scope
help: trait `CrossUserTableStore` which provides `table_access` is implemented but not in scope; perhaps you want to import it
    |
 27 +     use kalamdb_store::CrossUserTableStore;
    |
help: there is a method `table_name` with a similar name
    |
115 -         assert!(store.table_access().is_none());
115 +         assert!(store.table_name().is_none());
    |

error[E0599]: no method named `can_read` found for struct `system_table::SystemTableStore` in the current scope
   --> backend/crates/kalamdb-core/src/tables/system/jobs_v2/jobs_store.rs:118:24
    |
118 |         assert!(!store.can_read(Role::User));
    |                        ^^^^^^^^ method not found in `system_table::SystemTableStore<kalamdb_commons::JobId, kalamdb_sql::Job>`
    |
   ::: backend/crates/kalamdb-core/src/stores/system_table.rs:67:1
    |
 67 | pub struct SystemTableStore<K, V> {
    | --------------------------------- method `can_read` not found for this struct
    |
   ::: /Users/jamal/git/KalamDB/backend/crates/kalamdb-store/src/entity_store.rs:289:8
    |
289 |     fn can_read(&self, user_role: &Role) -> bool {
    |        -------- the method is available for `system_table::SystemTableStore<kalamdb_commons::JobId, kalamdb_sql::Job>` here
    |
    = help: items from traits can only be used if the trait is in scope
help: trait `CrossUserTableStore` which provides `can_read` is implemented but not in scope; perhaps you want to import it
    |
 27 +     use kalamdb_store::CrossUserTableStore;
    |

error[E0599]: no method named `can_read` found for struct `system_table::SystemTableStore` in the current scope
   --> backend/crates/kalamdb-core/src/tables/system/jobs_v2/jobs_store.rs:119:23
    |
119 |         assert!(store.can_read(Role::Service));
    |                       ^^^^^^^^ method not found in `system_table::SystemTableStore<kalamdb_commons::JobId, kalamdb_sql::Job>`
    |
   ::: backend/crates/kalamdb-core/src/stores/system_table.rs:67:1
    |
 67 | pub struct SystemTableStore<K, V> {
    | --------------------------------- method `can_read` not found for this struct
    |
   ::: /Users/jamal/git/KalamDB/backend/crates/kalamdb-store/src/entity_store.rs:289:8
    |
289 |     fn can_read(&self, user_role: &Role) -> bool {
    |        -------- the method is available for `system_table::SystemTableStore<kalamdb_commons::JobId, kalamdb_sql::Job>` here
    |
    = help: items from traits can only be used if the trait is in scope
help: trait `CrossUserTableStore` which provides `can_read` is implemented but not in scope; perhaps you want to import it
    |
 27 +     use kalamdb_store::CrossUserTableStore;
    |

error[E0599]: no method named `can_read` found for struct `system_table::SystemTableStore` in the current scope
   --> backend/crates/kalamdb-core/src/tables/system/jobs_v2/jobs_store.rs:120:23
    |
120 |         assert!(store.can_read(Role::Dba));
    |                       ^^^^^^^^ method not found in `system_table::SystemTableStore<kalamdb_commons::JobId, kalamdb_sql::Job>`
    |
   ::: backend/crates/kalamdb-core/src/stores/system_table.rs:67:1
    |
 67 | pub struct SystemTableStore<K, V> {
    | --------------------------------- method `can_read` not found for this struct
    |
   ::: /Users/jamal/git/KalamDB/backend/crates/kalamdb-store/src/entity_store.rs:289:8
    |
289 |     fn can_read(&self, user_role: &Role) -> bool {
    |        -------- the method is available for `system_table::SystemTableStore<kalamdb_commons::JobId, kalamdb_sql::Job>` here
    |
    = help: items from traits can only be used if the trait is in scope
help: trait `CrossUserTableStore` which provides `can_read` is implemented but not in scope; perhaps you want to import it
    |
 27 +     use kalamdb_store::CrossUserTableStore;
    |

error[E0599]: no method named `can_read` found for struct `system_table::SystemTableStore` in the current scope
   --> backend/crates/kalamdb-core/src/tables/system/jobs_v2/jobs_store.rs:121:23
    |
121 |         assert!(store.can_read(Role::System));
    |                       ^^^^^^^^ method not found in `system_table::SystemTableStore<kalamdb_commons::JobId, kalamdb_sql::Job>`
    |
   ::: backend/crates/kalamdb-core/src/stores/system_table.rs:67:1
    |
 67 | pub struct SystemTableStore<K, V> {
    | --------------------------------- method `can_read` not found for this struct
    |
   ::: /Users/jamal/git/KalamDB/backend/crates/kalamdb-store/src/entity_store.rs:289:8
    |
289 |     fn can_read(&self, user_role: &Role) -> bool {
    |        -------- the method is available for `system_table::SystemTableStore<kalamdb_commons::JobId, kalamdb_sql::Job>` here
    |
    = help: items from traits can only be used if the trait is in scope
help: trait `CrossUserTableStore` which provides `can_read` is implemented but not in scope; perhaps you want to import it
    |
 27 +     use kalamdb_store::CrossUserTableStore;
    |

error[E0308]: mismatched types
   --> backend/crates/kalamdb-core/src/tables/system/live_queries_v2/live_queries_provider.rs:289:49
    |
289 |         let retrieved = provider.get_live_query(&live_query.live_id).unwrap();
    |                                  -------------- ^^^^^^^^^^^^^^^^^^^ expected `&str`, found `&LiveQueryId`
    |                                  |
    |                                  arguments to this method are incorrect
    |
    = note: expected reference `&str`
               found reference `&kalamdb_commons::LiveQueryId`
note: method defined here
   --> backend/crates/kalamdb-core/src/tables/system/live_queries_v2/live_queries_provider.rs:72:12
    |
 72 |     pub fn get_live_query(&self, live_id: &str) -> Result<Option<LiveQuery>, KalamDbError> {
    |            ^^^^^^^^^^^^^^        -------------

error[E0308]: mismatched types
   --> backend/crates/kalamdb-core/src/tables/system/live_queries_v2/live_queries_provider.rs:308:29
    |
308 |             .get_live_query(&live_query.live_id)
    |              -------------- ^^^^^^^^^^^^^^^^^^^ expected `&str`, found `&LiveQueryId`
    |              |
    |              arguments to this method are incorrect
    |
    = note: expected reference `&str`
               found reference `&kalamdb_commons::LiveQueryId`
note: method defined here
   --> backend/crates/kalamdb-core/src/tables/system/live_queries_v2/live_queries_provider.rs:72:12
    |
 72 |     pub fn get_live_query(&self, live_id: &str) -> Result<Option<LiveQuery>, KalamDbError> {
    |            ^^^^^^^^^^^^^^        -------------

error[E0308]: mismatched types
   --> backend/crates/kalamdb-core/src/tables/system/live_queries_v2/live_queries_provider.rs:322:49
    |
322 |         let retrieved = provider.get_live_query(&live_query.live_id).unwrap();
    |                                  -------------- ^^^^^^^^^^^^^^^^^^^ expected `&str`, found `&LiveQueryId`
    |                                  |
    |                                  arguments to this method are incorrect
    |
    = note: expected reference `&str`
               found reference `&kalamdb_commons::LiveQueryId`
note: method defined here
   --> backend/crates/kalamdb-core/src/tables/system/live_queries_v2/live_queries_provider.rs:72:12
    |
 72 |     pub fn get_live_query(&self, live_id: &str) -> Result<Option<LiveQuery>, KalamDbError> {
    |            ^^^^^^^^^^^^^^        -------------

error[E0599]: `system_table::SystemTableStore<kalamdb_commons::NamespaceId, kalamdb_sql::Namespace>` is not an iterator
  --> backend/crates/kalamdb-core/src/tables/system/namespaces_v2/namespaces_store.rs:49:26
   |
49 |         assert_eq!(store.partition(), "system_namespaces");
   |                          ^^^^^^^^^
   |                          |
   |                          `system_table::SystemTableStore<kalamdb_commons::NamespaceId, kalamdb_sql::Namespace>` is not an iterator
   |                          private field, not a method
   |
  ::: backend/crates/kalamdb-core/src/stores/system_table.rs:67:1
   |
67 | pub struct SystemTableStore<K, V> {
   | --------------------------------- method `partition` not found for this struct because it doesn't satisfy `_: Iterator`
   |
   = note: the following trait bounds were not satisfied:
           `system_table::SystemTableStore<kalamdb_commons::NamespaceId, kalamdb_sql::Namespace>: Iterator`
           which is required by `&mut system_table::SystemTableStore<kalamdb_commons::NamespaceId, kalamdb_sql::Namespace>: Iterator`
note: the trait `Iterator` must be implemented
  --> /Users/jamal/.rustup/toolchains/stable-aarch64-apple-darwin/lib/rustlib/src/rust/library/core/src/iter/traits/iterator.rs:39:1
   |
39 | pub trait Iterator {
   | ^^^^^^^^^^^^^^^^^^
   = help: items from traits can only be used if the trait is in scope
help: trait `EntityStore` which provides `partition` is implemented but not in scope; perhaps you want to import it
   |
27 +     use kalamdb_store::EntityStoreV2;
   |

error[E0599]: no method named `put` found for struct `system_table::SystemTableStore` in the current scope
   --> backend/crates/kalamdb-core/src/tables/system/namespaces_v2/namespaces_store.rs:59:15
    |
 59 |         store.put(&namespace_id, &namespace).unwrap();
    |               ^^^ method not found in `system_table::SystemTableStore<kalamdb_commons::NamespaceId, kalamdb_sql::Namespace>`
    |
   ::: backend/crates/kalamdb-core/src/stores/system_table.rs:67:1
    |
 67 | pub struct SystemTableStore<K, V> {
    | --------------------------------- method `put` not found for this struct
    |
   ::: /Users/jamal/git/KalamDB/backend/crates/kalamdb-store/src/entity_store.rs:135:8
    |
135 |     fn put(&self, key: &K, entity: &V) -> Result<()> {
    |        --- the method is available for `system_table::SystemTableStore<kalamdb_commons::NamespaceId, kalamdb_sql::Namespace>` here
    |
    = help: items from traits can only be used if the trait is in scope
help: trait `EntityStore` which provides `put` is implemented but not in scope; perhaps you want to import it
    |
 27 +     use kalamdb_store::EntityStoreV2;
    |

error[E0599]: no method named `get` found for struct `system_table::SystemTableStore` in the current scope
   --> backend/crates/kalamdb-core/src/tables/system/namespaces_v2/namespaces_store.rs:62:31
    |
 62 |         let retrieved = store.get(&namespace_id).unwrap();
    |                               ^^^ method not found in `system_table::SystemTableStore<kalamdb_commons::NamespaceId, kalamdb_sql::Namespace>`
    |
   ::: backend/crates/kalamdb-core/src/stores/system_table.rs:67:1
    |
 67 | pub struct SystemTableStore<K, V> {
    | --------------------------------- method `get` not found for this struct
    |
   ::: /Users/jamal/git/KalamDB/backend/crates/kalamdb-store/src/entity_store.rs:153:8
    |
153 |     fn get(&self, key: &K) -> Result<Option<V>> {
    |        --- the method is available for `system_table::SystemTableStore<kalamdb_commons::NamespaceId, kalamdb_sql::Namespace>` here
    |
    = help: items from traits can only be used if the trait is in scope
help: trait `EntityStore` which provides `get` is implemented but not in scope; perhaps you want to import it
    |
 27 +     use kalamdb_store::EntityStoreV2;
    |

error[E0599]: no method named `put` found for struct `system_table::SystemTableStore` in the current scope
   --> backend/crates/kalamdb-core/src/tables/system/namespaces_v2/namespaces_store.rs:76:15
    |
 76 |         store.put(&namespace_id, &namespace).unwrap();
    |               ^^^ method not found in `system_table::SystemTableStore<kalamdb_commons::NamespaceId, kalamdb_sql::Namespace>`
    |
   ::: backend/crates/kalamdb-core/src/stores/system_table.rs:67:1
    |
 67 | pub struct SystemTableStore<K, V> {
    | --------------------------------- method `put` not found for this struct
    |
   ::: /Users/jamal/git/KalamDB/backend/crates/kalamdb-store/src/entity_store.rs:135:8
    |
135 |     fn put(&self, key: &K, entity: &V) -> Result<()> {
    |        --- the method is available for `system_table::SystemTableStore<kalamdb_commons::NamespaceId, kalamdb_sql::Namespace>` here
    |
    = help: items from traits can only be used if the trait is in scope
help: trait `EntityStore` which provides `put` is implemented but not in scope; perhaps you want to import it
    |
 27 +     use kalamdb_store::EntityStoreV2;
    |

error[E0599]: no method named `delete` found for struct `system_table::SystemTableStore` in the current scope
   --> backend/crates/kalamdb-core/src/tables/system/namespaces_v2/namespaces_store.rs:77:15
    |
 77 |         store.delete(&namespace_id).unwrap();
    |               ^^^^^^ method not found in `system_table::SystemTableStore<kalamdb_commons::NamespaceId, kalamdb_sql::Namespace>`
    |
   ::: backend/crates/kalamdb-core/src/stores/system_table.rs:67:1
    |
 67 | pub struct SystemTableStore<K, V> {
    | --------------------------------- method `delete` not found for this struct
    |
   ::: /Users/jamal/git/KalamDB/backend/crates/kalamdb-store/src/entity_store.rs:171:8
    |
171 |     fn delete(&self, key: &K) -> Result<()> {
    |        ------ the method is available for `system_table::SystemTableStore<kalamdb_commons::NamespaceId, kalamdb_sql::Namespace>` here
    |
    = help: items from traits can only be used if the trait is in scope
help: trait `EntityStore` which provides `delete` is implemented but not in scope; perhaps you want to import it
    |
 27 +     use kalamdb_store::EntityStoreV2;
    |

error[E0599]: no method named `get` found for struct `system_table::SystemTableStore` in the current scope
   --> backend/crates/kalamdb-core/src/tables/system/namespaces_v2/namespaces_store.rs:80:31
    |
 80 |         let retrieved = store.get(&namespace_id).unwrap();
    |                               ^^^ method not found in `system_table::SystemTableStore<kalamdb_commons::NamespaceId, kalamdb_sql::Namespace>`
    |
   ::: backend/crates/kalamdb-core/src/stores/system_table.rs:67:1
    |
 67 | pub struct SystemTableStore<K, V> {
    | --------------------------------- method `get` not found for this struct
    |
   ::: /Users/jamal/git/KalamDB/backend/crates/kalamdb-store/src/entity_store.rs:153:8
    |
153 |     fn get(&self, key: &K) -> Result<Option<V>> {
    |        --- the method is available for `system_table::SystemTableStore<kalamdb_commons::NamespaceId, kalamdb_sql::Namespace>` here
    |
    = help: items from traits can only be used if the trait is in scope
help: trait `EntityStore` which provides `get` is implemented but not in scope; perhaps you want to import it
    |
 27 +     use kalamdb_store::EntityStoreV2;
    |

error[E0599]: no method named `put` found for struct `system_table::SystemTableStore` in the current scope
   --> backend/crates/kalamdb-core/src/tables/system/namespaces_v2/namespaces_store.rs:92:19
    |
 92 |             store.put(&namespace_id, &namespace).unwrap();
    |                   ^^^ method not found in `system_table::SystemTableStore<kalamdb_commons::NamespaceId, kalamdb_sql::Namespace>`
    |
   ::: backend/crates/kalamdb-core/src/stores/system_table.rs:67:1
    |
 67 | pub struct SystemTableStore<K, V> {
    | --------------------------------- method `put` not found for this struct
    |
   ::: /Users/jamal/git/KalamDB/backend/crates/kalamdb-store/src/entity_store.rs:135:8
    |
135 |     fn put(&self, key: &K, entity: &V) -> Result<()> {
    |        --- the method is available for `system_table::SystemTableStore<kalamdb_commons::NamespaceId, kalamdb_sql::Namespace>` here
    |
    = help: items from traits can only be used if the trait is in scope
help: trait `EntityStore` which provides `put` is implemented but not in scope; perhaps you want to import it
    |
 27 +     use kalamdb_store::EntityStoreV2;
    |

error[E0599]: no method named `scan_all` found for struct `system_table::SystemTableStore` in the current scope
   --> backend/crates/kalamdb-core/src/tables/system/namespaces_v2/namespaces_store.rs:96:32
    |
 96 |         let namespaces = store.scan_all().unwrap();
    |                                ^^^^^^^^ method not found in `system_table::SystemTableStore<kalamdb_commons::NamespaceId, kalamdb_sql::Namespace>`
    |
   ::: backend/crates/kalamdb-core/src/stores/system_table.rs:67:1
    |
 67 | pub struct SystemTableStore<K, V> {
    | --------------------------------- method `scan_all` not found for this struct
    |
   ::: /Users/jamal/git/KalamDB/backend/crates/kalamdb-store/src/entity_store.rs:217:8
    |
217 |     fn scan_all(&self) -> Result<Vec<(Vec<u8>, V)>> {
    |        -------- the method is available for `system_table::SystemTableStore<kalamdb_commons::NamespaceId, kalamdb_sql::Namespace>` here
    |
    = help: items from traits can only be used if the trait is in scope
help: trait `EntityStore` which provides `scan_all` is implemented but not in scope; perhaps you want to import it
    |
 27 +     use kalamdb_store::EntityStoreV2;
    |

error[E0599]: no method named `table_access` found for struct `system_table::SystemTableStore` in the current scope
   --> backend/crates/kalamdb-core/src/tables/system/namespaces_v2/namespaces_store.rs:105:23
    |
105 |         assert!(store.table_access().is_none());
    |                       ^^^^^^^^^^^^
    |
   ::: /Users/jamal/git/KalamDB/backend/crates/kalamdb-store/src/entity_store.rs:270:8
    |
270 |     fn table_access(&self) -> Option<TableAccess>;
    |        ------------ the method is available for `system_table::SystemTableStore<kalamdb_commons::NamespaceId, kalamdb_sql::Namespace>` here
    |
   ::: backend/crates/kalamdb-core/src/stores/system_table.rs:67:1
    |
 67 | pub struct SystemTableStore<K, V> {
    | --------------------------------- method `table_access` not found for this struct
    |
    = help: items from traits can only be used if the trait is in scope
help: trait `CrossUserTableStore` which provides `table_access` is implemented but not in scope; perhaps you want to import it
    |
 27 +     use kalamdb_store::CrossUserTableStore;
    |
help: there is a method `table_name` with a similar name
    |
105 -         assert!(store.table_access().is_none());
105 +         assert!(store.table_name().is_none());
    |

error[E0599]: no method named `can_read` found for struct `system_table::SystemTableStore` in the current scope
   --> backend/crates/kalamdb-core/src/tables/system/namespaces_v2/namespaces_store.rs:108:24
    |
108 |         assert!(!store.can_read(Role::User));
    |                        ^^^^^^^^ method not found in `system_table::SystemTableStore<kalamdb_commons::NamespaceId, kalamdb_sql::Namespace>`
    |
   ::: backend/crates/kalamdb-core/src/stores/system_table.rs:67:1
    |
 67 | pub struct SystemTableStore<K, V> {
    | --------------------------------- method `can_read` not found for this struct
    |
   ::: /Users/jamal/git/KalamDB/backend/crates/kalamdb-store/src/entity_store.rs:289:8
    |
289 |     fn can_read(&self, user_role: &Role) -> bool {
    |        -------- the method is available for `system_table::SystemTableStore<kalamdb_commons::NamespaceId, kalamdb_sql::Namespace>` here
    |
    = help: items from traits can only be used if the trait is in scope
help: trait `CrossUserTableStore` which provides `can_read` is implemented but not in scope; perhaps you want to import it
    |
 27 +     use kalamdb_store::CrossUserTableStore;
    |

error[E0599]: no method named `can_read` found for struct `system_table::SystemTableStore` in the current scope
   --> backend/crates/kalamdb-core/src/tables/system/namespaces_v2/namespaces_store.rs:109:23
    |
109 |         assert!(store.can_read(Role::Service));
    |                       ^^^^^^^^ method not found in `system_table::SystemTableStore<kalamdb_commons::NamespaceId, kalamdb_sql::Namespace>`
    |
   ::: backend/crates/kalamdb-core/src/stores/system_table.rs:67:1
    |
 67 | pub struct SystemTableStore<K, V> {
    | --------------------------------- method `can_read` not found for this struct
    |
   ::: /Users/jamal/git/KalamDB/backend/crates/kalamdb-store/src/entity_store.rs:289:8
    |
289 |     fn can_read(&self, user_role: &Role) -> bool {
    |        -------- the method is available for `system_table::SystemTableStore<kalamdb_commons::NamespaceId, kalamdb_sql::Namespace>` here
    |
    = help: items from traits can only be used if the trait is in scope
help: trait `CrossUserTableStore` which provides `can_read` is implemented but not in scope; perhaps you want to import it
    |
 27 +     use kalamdb_store::CrossUserTableStore;
    |

error[E0599]: no method named `can_read` found for struct `system_table::SystemTableStore` in the current scope
   --> backend/crates/kalamdb-core/src/tables/system/namespaces_v2/namespaces_store.rs:110:23
    |
110 |         assert!(store.can_read(Role::Dba));
    |                       ^^^^^^^^ method not found in `system_table::SystemTableStore<kalamdb_commons::NamespaceId, kalamdb_sql::Namespace>`
    |
   ::: backend/crates/kalamdb-core/src/stores/system_table.rs:67:1
    |
 67 | pub struct SystemTableStore<K, V> {
    | --------------------------------- method `can_read` not found for this struct
    |
   ::: /Users/jamal/git/KalamDB/backend/crates/kalamdb-store/src/entity_store.rs:289:8
    |
289 |     fn can_read(&self, user_role: &Role) -> bool {
    |        -------- the method is available for `system_table::SystemTableStore<kalamdb_commons::NamespaceId, kalamdb_sql::Namespace>` here
    |
    = help: items from traits can only be used if the trait is in scope
help: trait `CrossUserTableStore` which provides `can_read` is implemented but not in scope; perhaps you want to import it
    |
 27 +     use kalamdb_store::CrossUserTableStore;
    |

error[E0599]: no method named `can_read` found for struct `system_table::SystemTableStore` in the current scope
   --> backend/crates/kalamdb-core/src/tables/system/namespaces_v2/namespaces_store.rs:111:23
    |
111 |         assert!(store.can_read(Role::System));
    |                       ^^^^^^^^ method not found in `system_table::SystemTableStore<kalamdb_commons::NamespaceId, kalamdb_sql::Namespace>`
    |
   ::: backend/crates/kalamdb-core/src/stores/system_table.rs:67:1
    |
 67 | pub struct SystemTableStore<K, V> {
    | --------------------------------- method `can_read` not found for this struct
    |
   ::: /Users/jamal/git/KalamDB/backend/crates/kalamdb-store/src/entity_store.rs:289:8
    |
289 |     fn can_read(&self, user_role: &Role) -> bool {
    |        -------- the method is available for `system_table::SystemTableStore<kalamdb_commons::NamespaceId, kalamdb_sql::Namespace>` here
    |
    = help: items from traits can only be used if the trait is in scope
help: trait `CrossUserTableStore` which provides `can_read` is implemented but not in scope; perhaps you want to import it
    |
 27 +     use kalamdb_store::CrossUserTableStore;
    |

error[E0599]: `system_table::SystemTableStore<kalamdb_commons::StorageId, kalamdb_sql::Storage>` is not an iterator
  --> backend/crates/kalamdb-core/src/tables/system/storages_v2/storages_store.rs:54:26
   |
54 |         assert_eq!(store.partition(), "system_storages");
   |                          ^^^^^^^^^
   |                          |
   |                          `system_table::SystemTableStore<kalamdb_commons::StorageId, kalamdb_sql::Storage>` is not an iterator
   |                          private field, not a method
   |
  ::: backend/crates/kalamdb-core/src/stores/system_table.rs:67:1
   |
67 | pub struct SystemTableStore<K, V> {
   | --------------------------------- method `partition` not found for this struct because it doesn't satisfy `_: Iterator`
   |
   = note: the following trait bounds were not satisfied:
           `system_table::SystemTableStore<kalamdb_commons::StorageId, kalamdb_sql::Storage>: Iterator`
           which is required by `&mut system_table::SystemTableStore<kalamdb_commons::StorageId, kalamdb_sql::Storage>: Iterator`
note: the trait `Iterator` must be implemented
  --> /Users/jamal/.rustup/toolchains/stable-aarch64-apple-darwin/lib/rustlib/src/rust/library/core/src/iter/traits/iterator.rs:39:1
   |
39 | pub trait Iterator {
   | ^^^^^^^^^^^^^^^^^^
   = help: items from traits can only be used if the trait is in scope
help: trait `EntityStore` which provides `partition` is implemented but not in scope; perhaps you want to import it
   |
27 +     use kalamdb_store::EntityStoreV2;
   |

error[E0599]: no method named `put` found for struct `system_table::SystemTableStore` in the current scope
   --> backend/crates/kalamdb-core/src/tables/system/storages_v2/storages_store.rs:64:15
    |
 64 |         store.put(&storage_id, &storage).unwrap();
    |               ^^^ method not found in `system_table::SystemTableStore<kalamdb_commons::StorageId, kalamdb_sql::Storage>`
    |
   ::: backend/crates/kalamdb-core/src/stores/system_table.rs:67:1
    |
 67 | pub struct SystemTableStore<K, V> {
    | --------------------------------- method `put` not found for this struct
    |
   ::: /Users/jamal/git/KalamDB/backend/crates/kalamdb-store/src/entity_store.rs:135:8
    |
135 |     fn put(&self, key: &K, entity: &V) -> Result<()> {
    |        --- the method is available for `system_table::SystemTableStore<kalamdb_commons::StorageId, kalamdb_sql::Storage>` here
    |
    = help: items from traits can only be used if the trait is in scope
help: trait `EntityStore` which provides `put` is implemented but not in scope; perhaps you want to import it
    |
 27 +     use kalamdb_store::EntityStoreV2;
    |

error[E0599]: no method named `get` found for struct `system_table::SystemTableStore` in the current scope
   --> backend/crates/kalamdb-core/src/tables/system/storages_v2/storages_store.rs:67:31
    |
 67 |         let retrieved = store.get(&storage_id).unwrap();
    |                               ^^^ method not found in `system_table::SystemTableStore<kalamdb_commons::StorageId, kalamdb_sql::Storage>`
    |
   ::: backend/crates/kalamdb-core/src/stores/system_table.rs:67:1
    |
 67 | pub struct SystemTableStore<K, V> {
    | --------------------------------- method `get` not found for this struct
    |
   ::: /Users/jamal/git/KalamDB/backend/crates/kalamdb-store/src/entity_store.rs:153:8
    |
153 |     fn get(&self, key: &K) -> Result<Option<V>> {
    |        --- the method is available for `system_table::SystemTableStore<kalamdb_commons::StorageId, kalamdb_sql::Storage>` here
    |
    = help: items from traits can only be used if the trait is in scope
help: trait `EntityStore` which provides `get` is implemented but not in scope; perhaps you want to import it
    |
 27 +     use kalamdb_store::EntityStoreV2;
    |

error[E0599]: no method named `put` found for struct `system_table::SystemTableStore` in the current scope
   --> backend/crates/kalamdb-core/src/tables/system/storages_v2/storages_store.rs:81:15
    |
 81 |         store.put(&storage_id, &storage).unwrap();
    |               ^^^ method not found in `system_table::SystemTableStore<kalamdb_commons::StorageId, kalamdb_sql::Storage>`
    |
   ::: backend/crates/kalamdb-core/src/stores/system_table.rs:67:1
    |
 67 | pub struct SystemTableStore<K, V> {
    | --------------------------------- method `put` not found for this struct
    |
   ::: /Users/jamal/git/KalamDB/backend/crates/kalamdb-store/src/entity_store.rs:135:8
    |
135 |     fn put(&self, key: &K, entity: &V) -> Result<()> {
    |        --- the method is available for `system_table::SystemTableStore<kalamdb_commons::StorageId, kalamdb_sql::Storage>` here
    |
    = help: items from traits can only be used if the trait is in scope
help: trait `EntityStore` which provides `put` is implemented but not in scope; perhaps you want to import it
    |
 27 +     use kalamdb_store::EntityStoreV2;
    |

error[E0599]: no method named `delete` found for struct `system_table::SystemTableStore` in the current scope
   --> backend/crates/kalamdb-core/src/tables/system/storages_v2/storages_store.rs:82:15
    |
 82 |         store.delete(&storage_id).unwrap();
    |               ^^^^^^ method not found in `system_table::SystemTableStore<kalamdb_commons::StorageId, kalamdb_sql::Storage>`
    |
   ::: backend/crates/kalamdb-core/src/stores/system_table.rs:67:1
    |
 67 | pub struct SystemTableStore<K, V> {
    | --------------------------------- method `delete` not found for this struct
    |
   ::: /Users/jamal/git/KalamDB/backend/crates/kalamdb-store/src/entity_store.rs:171:8
    |
171 |     fn delete(&self, key: &K) -> Result<()> {
    |        ------ the method is available for `system_table::SystemTableStore<kalamdb_commons::StorageId, kalamdb_sql::Storage>` here
    |
    = help: items from traits can only be used if the trait is in scope
help: trait `EntityStore` which provides `delete` is implemented but not in scope; perhaps you want to import it
    |
 27 +     use kalamdb_store::EntityStoreV2;
    |

error[E0599]: no method named `get` found for struct `system_table::SystemTableStore` in the current scope
   --> backend/crates/kalamdb-core/src/tables/system/storages_v2/storages_store.rs:85:31
    |
 85 |         let retrieved = store.get(&storage_id).unwrap();
    |                               ^^^ method not found in `system_table::SystemTableStore<kalamdb_commons::StorageId, kalamdb_sql::Storage>`
    |
   ::: backend/crates/kalamdb-core/src/stores/system_table.rs:67:1
    |
 67 | pub struct SystemTableStore<K, V> {
    | --------------------------------- method `get` not found for this struct
    |
   ::: /Users/jamal/git/KalamDB/backend/crates/kalamdb-store/src/entity_store.rs:153:8
    |
153 |     fn get(&self, key: &K) -> Result<Option<V>> {
    |        --- the method is available for `system_table::SystemTableStore<kalamdb_commons::StorageId, kalamdb_sql::Storage>` here
    |
    = help: items from traits can only be used if the trait is in scope
help: trait `EntityStore` which provides `get` is implemented but not in scope; perhaps you want to import it
    |
 27 +     use kalamdb_store::EntityStoreV2;
    |

error[E0599]: no method named `put` found for struct `system_table::SystemTableStore` in the current scope
   --> backend/crates/kalamdb-core/src/tables/system/storages_v2/storages_store.rs:97:19
    |
 97 |             store.put(&storage_id, &storage).unwrap();
    |                   ^^^ method not found in `system_table::SystemTableStore<kalamdb_commons::StorageId, kalamdb_sql::Storage>`
    |
   ::: backend/crates/kalamdb-core/src/stores/system_table.rs:67:1
    |
 67 | pub struct SystemTableStore<K, V> {
    | --------------------------------- method `put` not found for this struct
    |
   ::: /Users/jamal/git/KalamDB/backend/crates/kalamdb-store/src/entity_store.rs:135:8
    |
135 |     fn put(&self, key: &K, entity: &V) -> Result<()> {
    |        --- the method is available for `system_table::SystemTableStore<kalamdb_commons::StorageId, kalamdb_sql::Storage>` here
    |
    = help: items from traits can only be used if the trait is in scope
help: trait `EntityStore` which provides `put` is implemented but not in scope; perhaps you want to import it
    |
 27 +     use kalamdb_store::EntityStoreV2;
    |

error[E0599]: no method named `scan_all` found for struct `system_table::SystemTableStore` in the current scope
   --> backend/crates/kalamdb-core/src/tables/system/storages_v2/storages_store.rs:101:30
    |
101 |         let storages = store.scan_all().unwrap();
    |                              ^^^^^^^^ method not found in `system_table::SystemTableStore<kalamdb_commons::StorageId, kalamdb_sql::Storage>`
    |
   ::: backend/crates/kalamdb-core/src/stores/system_table.rs:67:1
    |
 67 | pub struct SystemTableStore<K, V> {
    | --------------------------------- method `scan_all` not found for this struct
    |
   ::: /Users/jamal/git/KalamDB/backend/crates/kalamdb-store/src/entity_store.rs:217:8
    |
217 |     fn scan_all(&self) -> Result<Vec<(Vec<u8>, V)>> {
    |        -------- the method is available for `system_table::SystemTableStore<kalamdb_commons::StorageId, kalamdb_sql::Storage>` here
    |
    = help: items from traits can only be used if the trait is in scope
help: trait `EntityStore` which provides `scan_all` is implemented but not in scope; perhaps you want to import it
    |
 27 +     use kalamdb_store::EntityStoreV2;
    |

error[E0599]: no method named `table_access` found for struct `system_table::SystemTableStore` in the current scope
   --> backend/crates/kalamdb-core/src/tables/system/storages_v2/storages_store.rs:110:23
    |
110 |         assert!(store.table_access().is_none());
    |                       ^^^^^^^^^^^^
    |
   ::: /Users/jamal/git/KalamDB/backend/crates/kalamdb-store/src/entity_store.rs:270:8
    |
270 |     fn table_access(&self) -> Option<TableAccess>;
    |        ------------ the method is available for `system_table::SystemTableStore<kalamdb_commons::StorageId, kalamdb_sql::Storage>` here
    |
   ::: backend/crates/kalamdb-core/src/stores/system_table.rs:67:1
    |
 67 | pub struct SystemTableStore<K, V> {
    | --------------------------------- method `table_access` not found for this struct
    |
    = help: items from traits can only be used if the trait is in scope
help: trait `CrossUserTableStore` which provides `table_access` is implemented but not in scope; perhaps you want to import it
    |
 27 +     use kalamdb_store::CrossUserTableStore;
    |
help: there is a method `table_name` with a similar name
    |
110 -         assert!(store.table_access().is_none());
110 +         assert!(store.table_name().is_none());
    |

error[E0599]: no method named `can_read` found for struct `system_table::SystemTableStore` in the current scope
   --> backend/crates/kalamdb-core/src/tables/system/storages_v2/storages_store.rs:113:24
    |
113 |         assert!(!store.can_read(Role::User));
    |                        ^^^^^^^^ method not found in `system_table::SystemTableStore<kalamdb_commons::StorageId, kalamdb_sql::Storage>`
    |
   ::: backend/crates/kalamdb-core/src/stores/system_table.rs:67:1
    |
 67 | pub struct SystemTableStore<K, V> {
    | --------------------------------- method `can_read` not found for this struct
    |
   ::: /Users/jamal/git/KalamDB/backend/crates/kalamdb-store/src/entity_store.rs:289:8
    |
289 |     fn can_read(&self, user_role: &Role) -> bool {
    |        -------- the method is available for `system_table::SystemTableStore<kalamdb_commons::StorageId, kalamdb_sql::Storage>` here
    |
    = help: items from traits can only be used if the trait is in scope
help: trait `CrossUserTableStore` which provides `can_read` is implemented but not in scope; perhaps you want to import it
    |
 27 +     use kalamdb_store::CrossUserTableStore;
    |

error[E0599]: no method named `can_read` found for struct `system_table::SystemTableStore` in the current scope
   --> backend/crates/kalamdb-core/src/tables/system/storages_v2/storages_store.rs:114:23
    |
114 |         assert!(store.can_read(Role::Service));
    |                       ^^^^^^^^ method not found in `system_table::SystemTableStore<kalamdb_commons::StorageId, kalamdb_sql::Storage>`
    |
   ::: backend/crates/kalamdb-core/src/stores/system_table.rs:67:1
    |
 67 | pub struct SystemTableStore<K, V> {
    | --------------------------------- method `can_read` not found for this struct
    |
   ::: /Users/jamal/git/KalamDB/backend/crates/kalamdb-store/src/entity_store.rs:289:8
    |
289 |     fn can_read(&self, user_role: &Role) -> bool {
    |        -------- the method is available for `system_table::SystemTableStore<kalamdb_commons::StorageId, kalamdb_sql::Storage>` here
    |
    = help: items from traits can only be used if the trait is in scope
help: trait `CrossUserTableStore` which provides `can_read` is implemented but not in scope; perhaps you want to import it
    |
 27 +     use kalamdb_store::CrossUserTableStore;
    |

error[E0599]: no method named `can_read` found for struct `system_table::SystemTableStore` in the current scope
   --> backend/crates/kalamdb-core/src/tables/system/storages_v2/storages_store.rs:115:23
    |
115 |         assert!(store.can_read(Role::Dba));
    |                       ^^^^^^^^ method not found in `system_table::SystemTableStore<kalamdb_commons::StorageId, kalamdb_sql::Storage>`
    |
   ::: backend/crates/kalamdb-core/src/stores/system_table.rs:67:1
    |
 67 | pub struct SystemTableStore<K, V> {
    | --------------------------------- method `can_read` not found for this struct
    |
   ::: /Users/jamal/git/KalamDB/backend/crates/kalamdb-store/src/entity_store.rs:289:8
    |
289 |     fn can_read(&self, user_role: &Role) -> bool {
    |        -------- the method is available for `system_table::SystemTableStore<kalamdb_commons::StorageId, kalamdb_sql::Storage>` here
    |
    = help: items from traits can only be used if the trait is in scope
help: trait `CrossUserTableStore` which provides `can_read` is implemented but not in scope; perhaps you want to import it
    |
 27 +     use kalamdb_store::CrossUserTableStore;
    |

error[E0599]: no method named `can_read` found for struct `system_table::SystemTableStore` in the current scope
   --> backend/crates/kalamdb-core/src/tables/system/storages_v2/storages_store.rs:116:23
    |
116 |         assert!(store.can_read(Role::System));
    |                       ^^^^^^^^ method not found in `system_table::SystemTableStore<kalamdb_commons::StorageId, kalamdb_sql::Storage>`
    |
   ::: backend/crates/kalamdb-core/src/stores/system_table.rs:67:1
    |
 67 | pub struct SystemTableStore<K, V> {
    | --------------------------------- method `can_read` not found for this struct
    |
   ::: /Users/jamal/git/KalamDB/backend/crates/kalamdb-store/src/entity_store.rs:289:8
    |
289 |     fn can_read(&self, user_role: &Role) -> bool {
    |        -------- the method is available for `system_table::SystemTableStore<kalamdb_commons::StorageId, kalamdb_sql::Storage>` here
    |
    = help: items from traits can only be used if the trait is in scope
help: trait `CrossUserTableStore` which provides `can_read` is implemented but not in scope; perhaps you want to import it
    |
 27 +     use kalamdb_store::CrossUserTableStore;
    |

error[E0308]: mismatched types
   --> backend/crates/kalamdb-core/src/tables/system/tables_v2/tables_provider.rs:197:23
    |
197 |             table_id: table_id.to_string(),
    |                       ^^^^^^^^^^^^^^^^^^^^ expected `TableId`, found `String`

error[E0308]: mismatched types
   --> backend/crates/kalamdb-core/src/tables/system/tables_v2/tables_provider.rs:222:40
    |
222 |         assert_eq!(retrieved.table_id, "table1");
    |                                        ^^^^^^^^ expected `TableId`, found `&str`

error[E0308]: mismatched types
  --> backend/crates/kalamdb-core/src/tables/system/tables_v2/tables_store.rs:37:23
   |
37 |             table_id: table_id.to_string(),
   |                       ^^^^^^^^^^^^^^^^^^^^ expected `TableId`, found `String`

error[E0599]: `system_table::SystemTableStore<std::string::String, kalamdb_sql::Table>` is not an iterator
  --> backend/crates/kalamdb-core/src/tables/system/tables_v2/tables_store.rs:55:26
   |
55 |         assert_eq!(store.partition(), "system_tables");
   |                          ^^^^^^^^^
   |                          |
   |                          `system_table::SystemTableStore<std::string::String, kalamdb_sql::Table>` is not an iterator
   |                          private field, not a method
   |
  ::: backend/crates/kalamdb-core/src/stores/system_table.rs:67:1
   |
67 | pub struct SystemTableStore<K, V> {
   | --------------------------------- method `partition` not found for this struct because it doesn't satisfy `_: Iterator`
   |
   = note: the following trait bounds were not satisfied:
           `system_table::SystemTableStore<std::string::String, kalamdb_sql::Table>: Iterator`
           which is required by `&mut system_table::SystemTableStore<std::string::String, kalamdb_sql::Table>: Iterator`
note: the trait `Iterator` must be implemented
  --> /Users/jamal/.rustup/toolchains/stable-aarch64-apple-darwin/lib/rustlib/src/rust/library/core/src/iter/traits/iterator.rs:39:1
   |
39 | pub trait Iterator {
   | ^^^^^^^^^^^^^^^^^^
   = help: items from traits can only be used if the trait is in scope
help: trait `EntityStore` which provides `partition` is implemented but not in scope; perhaps you want to import it
   |
26 +     use kalamdb_store::EntityStoreV2;
   |

error[E0599]: no method named `put` found for struct `system_table::SystemTableStore` in the current scope
   --> backend/crates/kalamdb-core/src/tables/system/tables_v2/tables_store.rs:65:15
    |
 65 |         store.put(&table_id, &table).unwrap();
    |               ^^^ method not found in `system_table::SystemTableStore<std::string::String, kalamdb_sql::Table>`
    |
   ::: backend/crates/kalamdb-core/src/stores/system_table.rs:67:1
    |
 67 | pub struct SystemTableStore<K, V> {
    | --------------------------------- method `put` not found for this struct
    |
   ::: /Users/jamal/git/KalamDB/backend/crates/kalamdb-store/src/entity_store.rs:135:8
    |
135 |     fn put(&self, key: &K, entity: &V) -> Result<()> {
    |        --- the method is available for `system_table::SystemTableStore<std::string::String, kalamdb_sql::Table>` here
    |
    = help: items from traits can only be used if the trait is in scope
help: trait `EntityStore` which provides `put` is implemented but not in scope; perhaps you want to import it
    |
 26 +     use kalamdb_store::EntityStoreV2;
    |

error[E0599]: no method named `get` found for struct `system_table::SystemTableStore` in the current scope
   --> backend/crates/kalamdb-core/src/tables/system/tables_v2/tables_store.rs:68:31
    |
 68 |         let retrieved = store.get(&table_id).unwrap();
    |                               ^^^ method not found in `system_table::SystemTableStore<std::string::String, kalamdb_sql::Table>`
    |
   ::: backend/crates/kalamdb-core/src/stores/system_table.rs:67:1
    |
 67 | pub struct SystemTableStore<K, V> {
    | --------------------------------- method `get` not found for this struct
    |
   ::: /Users/jamal/git/KalamDB/backend/crates/kalamdb-store/src/entity_store.rs:153:8
    |
153 |     fn get(&self, key: &K) -> Result<Option<V>> {
    |        --- the method is available for `system_table::SystemTableStore<std::string::String, kalamdb_sql::Table>` here
    |
    = help: items from traits can only be used if the trait is in scope
help: trait `EntityStore` which provides `get` is implemented but not in scope; perhaps you want to import it
    |
 26 +     use kalamdb_store::EntityStoreV2;
    |

error[E0599]: no method named `put` found for struct `system_table::SystemTableStore` in the current scope
   --> backend/crates/kalamdb-core/src/tables/system/tables_v2/tables_store.rs:82:15
    |
 82 |         store.put(&table_id, &table).unwrap();
    |               ^^^ method not found in `system_table::SystemTableStore<std::string::String, kalamdb_sql::Table>`
    |
   ::: backend/crates/kalamdb-core/src/stores/system_table.rs:67:1
    |
 67 | pub struct SystemTableStore<K, V> {
    | --------------------------------- method `put` not found for this struct
    |
   ::: /Users/jamal/git/KalamDB/backend/crates/kalamdb-store/src/entity_store.rs:135:8
    |
135 |     fn put(&self, key: &K, entity: &V) -> Result<()> {
    |        --- the method is available for `system_table::SystemTableStore<std::string::String, kalamdb_sql::Table>` here
    |
    = help: items from traits can only be used if the trait is in scope
help: trait `EntityStore` which provides `put` is implemented but not in scope; perhaps you want to import it
    |
 26 +     use kalamdb_store::EntityStoreV2;
    |

error[E0599]: no method named `delete` found for struct `system_table::SystemTableStore` in the current scope
   --> backend/crates/kalamdb-core/src/tables/system/tables_v2/tables_store.rs:83:15
    |
 83 |         store.delete(&table_id).unwrap();
    |               ^^^^^^ method not found in `system_table::SystemTableStore<std::string::String, kalamdb_sql::Table>`
    |
   ::: backend/crates/kalamdb-core/src/stores/system_table.rs:67:1
    |
 67 | pub struct SystemTableStore<K, V> {
    | --------------------------------- method `delete` not found for this struct
    |
   ::: /Users/jamal/git/KalamDB/backend/crates/kalamdb-store/src/entity_store.rs:171:8
    |
171 |     fn delete(&self, key: &K) -> Result<()> {
    |        ------ the method is available for `system_table::SystemTableStore<std::string::String, kalamdb_sql::Table>` here
    |
    = help: items from traits can only be used if the trait is in scope
help: trait `EntityStore` which provides `delete` is implemented but not in scope; perhaps you want to import it
    |
 26 +     use kalamdb_store::EntityStoreV2;
    |

error[E0599]: no method named `get` found for struct `system_table::SystemTableStore` in the current scope
   --> backend/crates/kalamdb-core/src/tables/system/tables_v2/tables_store.rs:86:31
    |
 86 |         let retrieved = store.get(&table_id).unwrap();
    |                               ^^^ method not found in `system_table::SystemTableStore<std::string::String, kalamdb_sql::Table>`
    |
   ::: backend/crates/kalamdb-core/src/stores/system_table.rs:67:1
    |
 67 | pub struct SystemTableStore<K, V> {
    | --------------------------------- method `get` not found for this struct
    |
   ::: /Users/jamal/git/KalamDB/backend/crates/kalamdb-store/src/entity_store.rs:153:8
    |
153 |     fn get(&self, key: &K) -> Result<Option<V>> {
    |        --- the method is available for `system_table::SystemTableStore<std::string::String, kalamdb_sql::Table>` here
    |
    = help: items from traits can only be used if the trait is in scope
help: trait `EntityStore` which provides `get` is implemented but not in scope; perhaps you want to import it
    |
 26 +     use kalamdb_store::EntityStoreV2;
    |

error[E0599]: no method named `put` found for struct `system_table::SystemTableStore` in the current scope
   --> backend/crates/kalamdb-core/src/tables/system/tables_v2/tables_store.rs:98:19
    |
 98 |             store.put(&table_id, &table).unwrap();
    |                   ^^^ method not found in `system_table::SystemTableStore<std::string::String, kalamdb_sql::Table>`
    |
   ::: backend/crates/kalamdb-core/src/stores/system_table.rs:67:1
    |
 67 | pub struct SystemTableStore<K, V> {
    | --------------------------------- method `put` not found for this struct
    |
   ::: /Users/jamal/git/KalamDB/backend/crates/kalamdb-store/src/entity_store.rs:135:8
    |
135 |     fn put(&self, key: &K, entity: &V) -> Result<()> {
    |        --- the method is available for `system_table::SystemTableStore<std::string::String, kalamdb_sql::Table>` here
    |
    = help: items from traits can only be used if the trait is in scope
help: trait `EntityStore` which provides `put` is implemented but not in scope; perhaps you want to import it
    |
 26 +     use kalamdb_store::EntityStoreV2;
    |

error[E0599]: no method named `scan_all` found for struct `system_table::SystemTableStore` in the current scope
   --> backend/crates/kalamdb-core/src/tables/system/tables_v2/tables_store.rs:102:28
    |
102 |         let tables = store.scan_all().unwrap();
    |                            ^^^^^^^^ method not found in `system_table::SystemTableStore<std::string::String, kalamdb_sql::Table>`
    |
   ::: backend/crates/kalamdb-core/src/stores/system_table.rs:67:1
    |
 67 | pub struct SystemTableStore<K, V> {
    | --------------------------------- method `scan_all` not found for this struct
    |
   ::: /Users/jamal/git/KalamDB/backend/crates/kalamdb-store/src/entity_store.rs:217:8
    |
217 |     fn scan_all(&self) -> Result<Vec<(Vec<u8>, V)>> {
    |        -------- the method is available for `system_table::SystemTableStore<std::string::String, kalamdb_sql::Table>` here
    |
    = help: items from traits can only be used if the trait is in scope
help: trait `EntityStore` which provides `scan_all` is implemented but not in scope; perhaps you want to import it
    |
 26 +     use kalamdb_store::EntityStoreV2;
    |

error[E0599]: no method named `table_access` found for struct `system_table::SystemTableStore` in the current scope
   --> backend/crates/kalamdb-core/src/tables/system/tables_v2/tables_store.rs:111:23
    |
111 |         assert!(store.table_access().is_none());
    |                       ^^^^^^^^^^^^
    |
   ::: /Users/jamal/git/KalamDB/backend/crates/kalamdb-store/src/entity_store.rs:270:8
    |
270 |     fn table_access(&self) -> Option<TableAccess>;
    |        ------------ the method is available for `system_table::SystemTableStore<std::string::String, kalamdb_sql::Table>` here
    |
   ::: backend/crates/kalamdb-core/src/stores/system_table.rs:67:1
    |
 67 | pub struct SystemTableStore<K, V> {
    | --------------------------------- method `table_access` not found for this struct
    |
    = help: items from traits can only be used if the trait is in scope
help: trait `CrossUserTableStore` which provides `table_access` is implemented but not in scope; perhaps you want to import it
    |
 26 +     use kalamdb_store::CrossUserTableStore;
    |
help: there is a method `table_name` with a similar name
    |
111 -         assert!(store.table_access().is_none());
111 +         assert!(store.table_name().is_none());
    |

error[E0599]: no method named `can_read` found for struct `system_table::SystemTableStore` in the current scope
   --> backend/crates/kalamdb-core/src/tables/system/tables_v2/tables_store.rs:114:24
    |
114 |         assert!(!store.can_read(Role::User));
    |                        ^^^^^^^^ method not found in `system_table::SystemTableStore<std::string::String, kalamdb_sql::Table>`
    |
   ::: backend/crates/kalamdb-core/src/stores/system_table.rs:67:1
    |
 67 | pub struct SystemTableStore<K, V> {
    | --------------------------------- method `can_read` not found for this struct
    |
   ::: /Users/jamal/git/KalamDB/backend/crates/kalamdb-store/src/entity_store.rs:289:8
    |
289 |     fn can_read(&self, user_role: &Role) -> bool {
    |        -------- the method is available for `system_table::SystemTableStore<std::string::String, kalamdb_sql::Table>` here
    |
    = help: items from traits can only be used if the trait is in scope
help: trait `CrossUserTableStore` which provides `can_read` is implemented but not in scope; perhaps you want to import it
    |
 26 +     use kalamdb_store::CrossUserTableStore;
    |

error[E0599]: no method named `can_read` found for struct `system_table::SystemTableStore` in the current scope
   --> backend/crates/kalamdb-core/src/tables/system/tables_v2/tables_store.rs:115:23
    |
115 |         assert!(store.can_read(Role::Service));
    |                       ^^^^^^^^ method not found in `system_table::SystemTableStore<std::string::String, kalamdb_sql::Table>`
    |
   ::: backend/crates/kalamdb-core/src/stores/system_table.rs:67:1
    |
 67 | pub struct SystemTableStore<K, V> {
    | --------------------------------- method `can_read` not found for this struct
    |
   ::: /Users/jamal/git/KalamDB/backend/crates/kalamdb-store/src/entity_store.rs:289:8
    |
289 |     fn can_read(&self, user_role: &Role) -> bool {
    |        -------- the method is available for `system_table::SystemTableStore<std::string::String, kalamdb_sql::Table>` here
    |
    = help: items from traits can only be used if the trait is in scope
help: trait `CrossUserTableStore` which provides `can_read` is implemented but not in scope; perhaps you want to import it
    |
 26 +     use kalamdb_store::CrossUserTableStore;
    |

error[E0599]: no method named `can_read` found for struct `system_table::SystemTableStore` in the current scope
   --> backend/crates/kalamdb-core/src/tables/system/tables_v2/tables_store.rs:116:23
    |
116 |         assert!(store.can_read(Role::Dba));
    |                       ^^^^^^^^ method not found in `system_table::SystemTableStore<std::string::String, kalamdb_sql::Table>`
    |
   ::: backend/crates/kalamdb-core/src/stores/system_table.rs:67:1
    |
 67 | pub struct SystemTableStore<K, V> {
    | --------------------------------- method `can_read` not found for this struct
    |
   ::: /Users/jamal/git/KalamDB/backend/crates/kalamdb-store/src/entity_store.rs:289:8
    |
289 |     fn can_read(&self, user_role: &Role) -> bool {
    |        -------- the method is available for `system_table::SystemTableStore<std::string::String, kalamdb_sql::Table>` here
    |
    = help: items from traits can only be used if the trait is in scope
help: trait `CrossUserTableStore` which provides `can_read` is implemented but not in scope; perhaps you want to import it
    |
 26 +     use kalamdb_store::CrossUserTableStore;
    |

error[E0599]: no method named `can_read` found for struct `system_table::SystemTableStore` in the current scope
   --> backend/crates/kalamdb-core/src/tables/system/tables_v2/tables_store.rs:117:23
    |
117 |         assert!(store.can_read(Role::System));
    |                       ^^^^^^^^ method not found in `system_table::SystemTableStore<std::string::String, kalamdb_sql::Table>`
    |
   ::: backend/crates/kalamdb-core/src/stores/system_table.rs:67:1
    |
 67 | pub struct SystemTableStore<K, V> {
    | --------------------------------- method `can_read` not found for this struct
    |
   ::: /Users/jamal/git/KalamDB/backend/crates/kalamdb-store/src/entity_store.rs:289:8
    |
289 |     fn can_read(&self, user_role: &Role) -> bool {
    |        -------- the method is available for `system_table::SystemTableStore<std::string::String, kalamdb_sql::Table>` here
    |
    = help: items from traits can only be used if the trait is in scope
help: trait `CrossUserTableStore` which provides `can_read` is implemented but not in scope; perhaps you want to import it
    |
 26 +     use kalamdb_store::CrossUserTableStore;
    |

error[E0308]: mismatched types
   --> backend/crates/kalamdb-core/src/tables/system/users_v2/users_index_manager.rs:210:23
    |
210 |             username: username.to_string(),
    |                       ^^^^^^^^^^^^^^^^^^^^ expected `UserName`, found `String`
    |
help: call `Into::into` on this expression to convert `std::string::String` into `kalamdb_commons::models::UserName`
    |
210 |             username: username.to_string().into(),
    |                                           +++++++

error[E0308]: mismatched types
   --> backend/crates/kalamdb-core/src/tables/system/users_v2/users_index_manager.rs:216:25
    |
216 |             created_at: Utc::now(),
    |                         ^^^^^^^^^^ expected `i64`, found `DateTime<Utc>`
    |
    = note: expected type `i64`
             found struct `chrono::DateTime<chrono::Utc>`

error[E0308]: mismatched types
   --> backend/crates/kalamdb-core/src/tables/system/users_v2/users_index_manager.rs:217:25
    |
217 |             updated_at: Utc::now(),
    |                         ^^^^^^^^^^ expected `i64`, found `DateTime<Utc>`
    |
    = note: expected type `i64`
             found struct `chrono::DateTime<chrono::Utc>`

error[E0308]: mismatched types
   --> backend/crates/kalamdb-core/src/tables/system/users_v2/users_index_manager.rs:219:13
    |
219 |             deleted_at,
    |             ^^^^^^^^^^ expected `Option<i64>`, found `Option<DateTime<Utc>>`
    |
    = note: expected enum `std::option::Option<i64>`
               found enum `std::option::Option<chrono::DateTime<chrono::Utc>>`

error[E0599]: no variant or associated item named `Embedded` found for enum `StorageMode` in the current scope
   --> backend/crates/kalamdb-core/src/tables/system/users_v2/users_index_manager.rs:220:40
    |
220 |             storage_mode: StorageMode::Embedded,
    |                                        ^^^^^^^^ variant or associated item not found in `StorageMode`

error[E0308]: mismatched types
   --> backend/crates/kalamdb-core/src/tables/system/users_v2/users_index_manager.rs:221:25
    |
221 |             storage_id: StorageId::new("local"),
    |                         ^^^^^^^^^^^^^^^^^^^^^^^ expected `Option<StorageId>`, found `StorageId`
    |
    = note: expected enum `std::option::Option<kalamdb_commons::StorageId>`
             found struct `kalamdb_commons::StorageId`
help: try wrapping the expression in `Some`
    |
221 |             storage_id: Some(StorageId::new("local")),
    |                         +++++                       +

error[E0308]: mismatched types
   --> backend/crates/kalamdb-core/src/tables/system/users_v2/users_provider.rs:272:23
    |
272 |             username: username.to_string(),
    |                       ^^^^^^^^^^^^^^^^^^^^ expected `UserName`, found `String`
    |
help: call `Into::into` on this expression to convert `std::string::String` into `kalamdb_commons::models::UserName`
    |
272 |             username: username.to_string().into(),
    |                                           +++++++

error[E0308]: mismatched types
   --> backend/crates/kalamdb-core/src/tables/system/users_v2/users_provider.rs:299:40
    |
299 |         assert_eq!(retrieved.username, "alice");
    |                                        ^^^^^^^ expected `UserName`, found `&str`
    |
help: call `Into::into` on this expression to convert `&str` into `kalamdb_commons::models::UserName`
    |
299 |         assert_eq!(retrieved.username, "alice".into());
    |                                               +++++++

error[E0308]: mismatched types
   --> backend/crates/kalamdb-core/src/tables/system/users_v2/users_provider.rs:355:28
    |
355 |         updated.username = "bob".to_string();
    |         ----------------   ^^^^^^^^^^^^^^^^^ expected `UserName`, found `String`
    |         |
    |         expected due to the type of this binding
    |
help: call `Into::into` on this expression to convert `std::string::String` into `kalamdb_commons::models::UserName`
    |
355 |         updated.username = "bob".to_string().into();
    |                                             +++++++

error[E0308]: mismatched types
  --> backend/crates/kalamdb-core/src/tables/system/users_v2/users_store.rs:39:23
   |
39 |             username: username.to_string(),
   |                       ^^^^^^^^^^^^^^^^^^^^ expected `UserName`, found `String`
   |
help: call `Into::into` on this expression to convert `std::string::String` into `kalamdb_commons::models::UserName`
   |
39 |             username: username.to_string().into(),
   |                                           +++++++

error[E0599]: `system_table::SystemTableStore<kalamdb_commons::UserId, kalamdb_sql::User>` is not an iterator
  --> backend/crates/kalamdb-core/src/tables/system/users_v2/users_store.rs:57:26
   |
57 |         assert_eq!(store.partition(), "system_users");
   |                          ^^^^^^^^^
   |                          |
   |                          `system_table::SystemTableStore<kalamdb_commons::UserId, kalamdb_sql::User>` is not an iterator
   |                          private field, not a method
   |
  ::: backend/crates/kalamdb-core/src/stores/system_table.rs:67:1
   |
67 | pub struct SystemTableStore<K, V> {
   | --------------------------------- method `partition` not found for this struct because it doesn't satisfy `_: Iterator`
   |
   = note: the following trait bounds were not satisfied:
           `system_table::SystemTableStore<kalamdb_commons::UserId, kalamdb_sql::User>: Iterator`
           which is required by `&mut system_table::SystemTableStore<kalamdb_commons::UserId, kalamdb_sql::User>: Iterator`
note: the trait `Iterator` must be implemented
  --> /Users/jamal/.rustup/toolchains/stable-aarch64-apple-darwin/lib/rustlib/src/rust/library/core/src/iter/traits/iterator.rs:39:1
   |
39 | pub trait Iterator {
   | ^^^^^^^^^^^^^^^^^^
   = help: items from traits can only be used if the trait is in scope
help: trait `EntityStore` which provides `partition` is implemented but not in scope; perhaps you want to import it
   |
27 +     use kalamdb_store::EntityStoreV2;
   |

error[E0599]: no method named `put` found for struct `system_table::SystemTableStore` in the current scope
   --> backend/crates/kalamdb-core/src/tables/system/users_v2/users_store.rs:67:15
    |
 67 |         store.put(&user_id, &user).unwrap();
    |               ^^^ method not found in `system_table::SystemTableStore<kalamdb_commons::UserId, kalamdb_sql::User>`
    |
   ::: backend/crates/kalamdb-core/src/stores/system_table.rs:67:1
    |
 67 | pub struct SystemTableStore<K, V> {
    | --------------------------------- method `put` not found for this struct
    |
   ::: /Users/jamal/git/KalamDB/backend/crates/kalamdb-store/src/entity_store.rs:135:8
    |
135 |     fn put(&self, key: &K, entity: &V) -> Result<()> {
    |        --- the method is available for `system_table::SystemTableStore<kalamdb_commons::UserId, kalamdb_sql::User>` here
    |
    = help: items from traits can only be used if the trait is in scope
help: trait `EntityStore` which provides `put` is implemented but not in scope; perhaps you want to import it
    |
 27 +     use kalamdb_store::EntityStoreV2;
    |

error[E0599]: no method named `get` found for struct `system_table::SystemTableStore` in the current scope
   --> backend/crates/kalamdb-core/src/tables/system/users_v2/users_store.rs:70:31
    |
 70 |         let retrieved = store.get(&user_id).unwrap();
    |                               ^^^ method not found in `system_table::SystemTableStore<kalamdb_commons::UserId, kalamdb_sql::User>`
    |
   ::: backend/crates/kalamdb-core/src/stores/system_table.rs:67:1
    |
 67 | pub struct SystemTableStore<K, V> {
    | --------------------------------- method `get` not found for this struct
    |
   ::: /Users/jamal/git/KalamDB/backend/crates/kalamdb-store/src/entity_store.rs:153:8
    |
153 |     fn get(&self, key: &K) -> Result<Option<V>> {
    |        --- the method is available for `system_table::SystemTableStore<kalamdb_commons::UserId, kalamdb_sql::User>` here
    |
    = help: items from traits can only be used if the trait is in scope
help: trait `EntityStore` which provides `get` is implemented but not in scope; perhaps you want to import it
    |
 27 +     use kalamdb_store::EntityStoreV2;
    |

error[E0599]: no method named `put` found for struct `system_table::SystemTableStore` in the current scope
   --> backend/crates/kalamdb-core/src/tables/system/users_v2/users_store.rs:85:15
    |
 85 |         store.put(&user_id, &user).unwrap();
    |               ^^^ method not found in `system_table::SystemTableStore<kalamdb_commons::UserId, kalamdb_sql::User>`
    |
   ::: backend/crates/kalamdb-core/src/stores/system_table.rs:67:1
    |
 67 | pub struct SystemTableStore<K, V> {
    | --------------------------------- method `put` not found for this struct
    |
   ::: /Users/jamal/git/KalamDB/backend/crates/kalamdb-store/src/entity_store.rs:135:8
    |
135 |     fn put(&self, key: &K, entity: &V) -> Result<()> {
    |        --- the method is available for `system_table::SystemTableStore<kalamdb_commons::UserId, kalamdb_sql::User>` here
    |
    = help: items from traits can only be used if the trait is in scope
help: trait `EntityStore` which provides `put` is implemented but not in scope; perhaps you want to import it
    |
 27 +     use kalamdb_store::EntityStoreV2;
    |

error[E0599]: no method named `delete` found for struct `system_table::SystemTableStore` in the current scope
   --> backend/crates/kalamdb-core/src/tables/system/users_v2/users_store.rs:86:15
    |
 86 |         store.delete(&user_id).unwrap();
    |               ^^^^^^ method not found in `system_table::SystemTableStore<kalamdb_commons::UserId, kalamdb_sql::User>`
    |
   ::: backend/crates/kalamdb-core/src/stores/system_table.rs:67:1
    |
 67 | pub struct SystemTableStore<K, V> {
    | --------------------------------- method `delete` not found for this struct
    |
   ::: /Users/jamal/git/KalamDB/backend/crates/kalamdb-store/src/entity_store.rs:171:8
    |
171 |     fn delete(&self, key: &K) -> Result<()> {
    |        ------ the method is available for `system_table::SystemTableStore<kalamdb_commons::UserId, kalamdb_sql::User>` here
    |
    = help: items from traits can only be used if the trait is in scope
help: trait `EntityStore` which provides `delete` is implemented but not in scope; perhaps you want to import it
    |
 27 +     use kalamdb_store::EntityStoreV2;
    |

error[E0599]: no method named `get` found for struct `system_table::SystemTableStore` in the current scope
   --> backend/crates/kalamdb-core/src/tables/system/users_v2/users_store.rs:89:31
    |
 89 |         let retrieved = store.get(&user_id).unwrap();
    |                               ^^^ method not found in `system_table::SystemTableStore<kalamdb_commons::UserId, kalamdb_sql::User>`
    |
   ::: backend/crates/kalamdb-core/src/stores/system_table.rs:67:1
    |
 67 | pub struct SystemTableStore<K, V> {
    | --------------------------------- method `get` not found for this struct
    |
   ::: /Users/jamal/git/KalamDB/backend/crates/kalamdb-store/src/entity_store.rs:153:8
    |
153 |     fn get(&self, key: &K) -> Result<Option<V>> {
    |        --- the method is available for `system_table::SystemTableStore<kalamdb_commons::UserId, kalamdb_sql::User>` here
    |
    = help: items from traits can only be used if the trait is in scope
help: trait `EntityStore` which provides `get` is implemented but not in scope; perhaps you want to import it
    |
 27 +     use kalamdb_store::EntityStoreV2;
    |

error[E0599]: no method named `put` found for struct `system_table::SystemTableStore` in the current scope
   --> backend/crates/kalamdb-core/src/tables/system/users_v2/users_store.rs:101:19
    |
101 |             store.put(&user_id, &user).unwrap();
    |                   ^^^ method not found in `system_table::SystemTableStore<kalamdb_commons::UserId, kalamdb_sql::User>`
    |
   ::: backend/crates/kalamdb-core/src/stores/system_table.rs:67:1
    |
 67 | pub struct SystemTableStore<K, V> {
    | --------------------------------- method `put` not found for this struct
    |
   ::: /Users/jamal/git/KalamDB/backend/crates/kalamdb-store/src/entity_store.rs:135:8
    |
135 |     fn put(&self, key: &K, entity: &V) -> Result<()> {
    |        --- the method is available for `system_table::SystemTableStore<kalamdb_commons::UserId, kalamdb_sql::User>` here
    |
    = help: items from traits can only be used if the trait is in scope
help: trait `EntityStore` which provides `put` is implemented but not in scope; perhaps you want to import it
    |
 27 +     use kalamdb_store::EntityStoreV2;
    |

error[E0599]: no method named `scan_all` found for struct `system_table::SystemTableStore` in the current scope
   --> backend/crates/kalamdb-core/src/tables/system/users_v2/users_store.rs:105:27
    |
105 |         let users = store.scan_all().unwrap();
    |                           ^^^^^^^^ method not found in `system_table::SystemTableStore<kalamdb_commons::UserId, kalamdb_sql::User>`
    |
   ::: backend/crates/kalamdb-core/src/stores/system_table.rs:67:1
    |
 67 | pub struct SystemTableStore<K, V> {
    | --------------------------------- method `scan_all` not found for this struct
    |
   ::: /Users/jamal/git/KalamDB/backend/crates/kalamdb-store/src/entity_store.rs:217:8
    |
217 |     fn scan_all(&self) -> Result<Vec<(Vec<u8>, V)>> {
    |        -------- the method is available for `system_table::SystemTableStore<kalamdb_commons::UserId, kalamdb_sql::User>` here
    |
    = help: items from traits can only be used if the trait is in scope
help: trait `EntityStore` which provides `scan_all` is implemented but not in scope; perhaps you want to import it
    |
 27 +     use kalamdb_store::EntityStoreV2;
    |

error[E0599]: no method named `table_access` found for struct `system_table::SystemTableStore` in the current scope
   --> backend/crates/kalamdb-core/src/tables/system/users_v2/users_store.rs:114:23
    |
114 |         assert!(store.table_access().is_none());
    |                       ^^^^^^^^^^^^
    |
   ::: /Users/jamal/git/KalamDB/backend/crates/kalamdb-store/src/entity_store.rs:270:8
    |
270 |     fn table_access(&self) -> Option<TableAccess>;
    |        ------------ the method is available for `system_table::SystemTableStore<kalamdb_commons::UserId, kalamdb_sql::User>` here
    |
   ::: backend/crates/kalamdb-core/src/stores/system_table.rs:67:1
    |
 67 | pub struct SystemTableStore<K, V> {
    | --------------------------------- method `table_access` not found for this struct
    |
    = help: items from traits can only be used if the trait is in scope
help: trait `CrossUserTableStore` which provides `table_access` is implemented but not in scope; perhaps you want to import it
    |
 27 +     use kalamdb_store::CrossUserTableStore;
    |
help: there is a method `table_name` with a similar name
    |
114 -         assert!(store.table_access().is_none());
114 +         assert!(store.table_name().is_none());
    |

error[E0599]: no method named `can_read` found for struct `system_table::SystemTableStore` in the current scope
   --> backend/crates/kalamdb-core/src/tables/system/users_v2/users_store.rs:117:24
    |
117 |         assert!(!store.can_read(Role::User));
    |                        ^^^^^^^^ method not found in `system_table::SystemTableStore<kalamdb_commons::UserId, kalamdb_sql::User>`
    |
   ::: backend/crates/kalamdb-core/src/stores/system_table.rs:67:1
    |
 67 | pub struct SystemTableStore<K, V> {
    | --------------------------------- method `can_read` not found for this struct
    |
   ::: /Users/jamal/git/KalamDB/backend/crates/kalamdb-store/src/entity_store.rs:289:8
    |
289 |     fn can_read(&self, user_role: &Role) -> bool {
    |        -------- the method is available for `system_table::SystemTableStore<kalamdb_commons::UserId, kalamdb_sql::User>` here
    |
    = help: items from traits can only be used if the trait is in scope
help: trait `CrossUserTableStore` which provides `can_read` is implemented but not in scope; perhaps you want to import it
    |
 27 +     use kalamdb_store::CrossUserTableStore;
    |

error[E0599]: no method named `can_read` found for struct `system_table::SystemTableStore` in the current scope
   --> backend/crates/kalamdb-core/src/tables/system/users_v2/users_store.rs:118:23
    |
118 |         assert!(store.can_read(Role::Service));
    |                       ^^^^^^^^ method not found in `system_table::SystemTableStore<kalamdb_commons::UserId, kalamdb_sql::User>`
    |
   ::: backend/crates/kalamdb-core/src/stores/system_table.rs:67:1
    |
 67 | pub struct SystemTableStore<K, V> {
    | --------------------------------- method `can_read` not found for this struct
    |
   ::: /Users/jamal/git/KalamDB/backend/crates/kalamdb-store/src/entity_store.rs:289:8
    |
289 |     fn can_read(&self, user_role: &Role) -> bool {
    |        -------- the method is available for `system_table::SystemTableStore<kalamdb_commons::UserId, kalamdb_sql::User>` here
    |
    = help: items from traits can only be used if the trait is in scope
help: trait `CrossUserTableStore` which provides `can_read` is implemented but not in scope; perhaps you want to import it
    |
 27 +     use kalamdb_store::CrossUserTableStore;
    |

error[E0599]: no method named `can_read` found for struct `system_table::SystemTableStore` in the current scope
   --> backend/crates/kalamdb-core/src/tables/system/users_v2/users_store.rs:119:23
    |
119 |         assert!(store.can_read(Role::Dba));
    |                       ^^^^^^^^ method not found in `system_table::SystemTableStore<kalamdb_commons::UserId, kalamdb_sql::User>`
    |
   ::: backend/crates/kalamdb-core/src/stores/system_table.rs:67:1
    |
 67 | pub struct SystemTableStore<K, V> {
    | --------------------------------- method `can_read` not found for this struct
    |
   ::: /Users/jamal/git/KalamDB/backend/crates/kalamdb-store/src/entity_store.rs:289:8
    |
289 |     fn can_read(&self, user_role: &Role) -> bool {
    |        -------- the method is available for `system_table::SystemTableStore<kalamdb_commons::UserId, kalamdb_sql::User>` here
    |
    = help: items from traits can only be used if the trait is in scope
help: trait `CrossUserTableStore` which provides `can_read` is implemented but not in scope; perhaps you want to import it
    |
 27 +     use kalamdb_store::CrossUserTableStore;
    |

error[E0599]: no method named `can_read` found for struct `system_table::SystemTableStore` in the current scope
   --> backend/crates/kalamdb-core/src/tables/system/users_v2/users_store.rs:120:23
    |
120 |         assert!(store.can_read(Role::System));
    |                       ^^^^^^^^ method not found in `system_table::SystemTableStore<kalamdb_commons::UserId, kalamdb_sql::User>`
    |
   ::: backend/crates/kalamdb-core/src/stores/system_table.rs:67:1
    |
 67 | pub struct SystemTableStore<K, V> {
    | --------------------------------- method `can_read` not found for this struct
    |
   ::: /Users/jamal/git/KalamDB/backend/crates/kalamdb-store/src/entity_store.rs:289:8
    |
289 |     fn can_read(&self, user_role: &Role) -> bool {
    |        -------- the method is available for `system_table::SystemTableStore<kalamdb_commons::UserId, kalamdb_sql::User>` here
    |
    = help: items from traits can only be used if the trait is in scope
help: trait `CrossUserTableStore` which provides `can_read` is implemented but not in scope; perhaps you want to import it
    |
 27 +     use kalamdb_store::CrossUserTableStore;
    |

error[E0277]: the trait bound `DBCommon<SingleThreaded, DBWithThreadModeInner>: StorageBackend` is not satisfied
   --> backend/crates/kalamdb-core/src/tables/user_tables/user_table_provider.rs:512:38
    |
512 |         Arc::new(UserTableStore::new(test_db.db).unwrap())
    |                                      ^^^^^^^^^^ unsatisfied trait bound
    |
    = help: the trait `kalamdb_store::StorageBackend` is not implemented for `rocksdb::db::DBCommon<rocksdb::db::SingleThreaded, rocksdb::db::DBWithThreadModeInner>`
    = help: the following other types implement trait `kalamdb_store::StorageBackend`:
              InMemoryBackend
              RocksDBBackend
    = note: required for the cast from `Arc<DBCommon<SingleThreaded, DBWithThreadModeInner>>` to `std::sync::Arc<(dyn kalamdb_store::StorageBackend + 'static)>`
    = note: the full name for the type has been written to '/Users/jamal/git/KalamDB/target/debug/deps/kalamdb_core-33fb41c69eed5b08.long-type-12290098849917426244.txt'
    = note: consider using `--verbose` to print the full type name to the console

error[E0061]: this function takes 2 arguments but 1 argument was supplied
   --> backend/crates/kalamdb-core/src/tables/user_tables/user_table_provider.rs:512:18
    |
512 |         Arc::new(UserTableStore::new(test_db.db).unwrap())
    |                  ^^^^^^^^^^^^^^^^^^^------------ argument #2 is missing
    |
note: associated function defined here
   --> backend/crates/kalamdb-core/src/stores/system_table.rs:85:12
    |
 85 |     pub fn new(backend: Arc<dyn StorageBackend>, partition: impl Into<String>) -> Self {
    |            ^^^                                   ----------------------------
help: provide the argument
    |
512 |         Arc::new(UserTableStore::new(test_db.db, /* partition */).unwrap())
    |                                                +++++++++++++++++

error[E0599]: no method named `unwrap` found for struct `SystemTableStore` in the current scope
   --> backend/crates/kalamdb-core/src/tables/user_tables/user_table_provider.rs:512:50
    |
512 |         Arc::new(UserTableStore::new(test_db.db).unwrap())
    |                                                  ^^^^^^ method not found in `SystemTableStore<UserTableRowId, UserTableRow>`
    |
   ::: backend/crates/kalamdb-core/src/stores/system_table.rs:67:1
    |
 67 | pub struct SystemTableStore<K, V> {
    | --------------------------------- method `unwrap` not found for this struct
    |
    = help: items from traits can only be used if the trait is implemented and in scope
    = note: the following trait defines an item `unwrap`, perhaps you need to implement it:
            candidate #1: `brotli::enc::threading::OwnedRetriever`

error[E0034]: multiple applicable items in scope
   --> backend/crates/kalamdb-core/src/tables/user_tables/user_table_update.rs:251:15
    |
251 |         store.put(&namespace_id, &table_name, row_id, &row).unwrap();
    |               ^^^ multiple `put` found
    |
note: candidate #1 is defined in an impl of the trait `kalamdb_store::EntityStoreV2` for the type `system_table::SystemTableStore<K, V>`
   --> backend/crates/kalamdb-core/src/stores/system_table.rs:94:1
    |
 94 | / impl<K, V> EntityStore<K, V> for SystemTableStore<K, V>
 95 | | where
 96 | |     K: AsRef<[u8]> + Clone + Send + Sync,
 97 | |     V: Serialize + for<'de> Deserialize<'de> + Send + Sync,
    | |___________________________________________________________^
note: candidate #2 is defined in an impl of the trait `system_table::SharedTableStoreExt` for the type `system_table::SystemTableStore<user_table_store::UserTableRowId, user_table_store::UserTableRow>`
   --> backend/crates/kalamdb-core/src/stores/system_table.rs:485:5
    |
485 | /     fn put(
486 | |         &self,
487 | |         namespace_id: &str,
488 | |         table_name: &str,
489 | |         row_id: &str,
490 | |         row: &UserTableRow,
491 | |     ) -> std::result::Result<(), KalamDbError> {
    | |______________________________________________^
note: candidate #3 is defined in an impl of the trait `system_table::UserTableStoreExt` for the type `system_table::SystemTableStore<user_table_store::UserTableRowId, user_table_store::UserTableRow>`
   --> backend/crates/kalamdb-core/src/stores/system_table.rs:268:5
    |
268 | /     fn put(
269 | |         &self,
270 | |         _namespace_id: &str,
271 | |         _table_name: &str,
...   |
274 | |         row: &UserTableRow,
275 | |     ) -> std::result::Result<(), KalamDbError> {
    | |______________________________________________^
help: disambiguate the method for candidate #1
    |
251 -         store.put(&namespace_id, &table_name, row_id, &row).unwrap();
251 +         kalamdb_store::EntityStoreV2::put(&store, &namespace_id, &table_name, row_id, &row).unwrap();
    |
help: disambiguate the method for candidate #2
    |
251 -         store.put(&namespace_id, &table_name, row_id, &row).unwrap();
251 +         system_table::SharedTableStoreExt::put(&store, &namespace_id, &table_name, row_id, &row).unwrap();
    |
help: disambiguate the method for candidate #3
    |
251 -         store.put(&namespace_id, &table_name, row_id, &row).unwrap();
251 +         system_table::UserTableStoreExt::put(&store, &namespace_id, &table_name, row_id, &row).unwrap();
    |

error[E0034]: multiple applicable items in scope
   --> backend/crates/kalamdb-core/src/tables/user_tables/user_table_update.rs:263:14
    |
263 |             .get(&namespace_id, &table_name, row_id)
    |              ^^^ multiple `get` found
    |
note: candidate #1 is defined in an impl of the trait `kalamdb_store::EntityStoreV2` for the type `system_table::SystemTableStore<K, V>`
   --> backend/crates/kalamdb-core/src/stores/system_table.rs:94:1
    |
 94 | / impl<K, V> EntityStore<K, V> for SystemTableStore<K, V>
 95 | | where
 96 | |     K: AsRef<[u8]> + Clone + Send + Sync,
 97 | |     V: Serialize + for<'de> Deserialize<'de> + Send + Sync,
    | |___________________________________________________________^
note: candidate #2 is defined in an impl of the trait `system_table::SharedTableStoreExt` for the type `system_table::SystemTableStore<user_table_store::UserTableRowId, user_table_store::UserTableRow>`
   --> backend/crates/kalamdb-core/src/stores/system_table.rs:475:5
    |
475 | /     fn get(
476 | |         &self,
477 | |         namespace_id: &str,
478 | |         table_name: &str,
479 | |         row_id: &str,
480 | |     ) -> std::result::Result<Option<UserTableRow>, KalamDbError> {
    | |________________________________________________________________^
note: candidate #3 is defined in an impl of the trait `system_table::UserTableStoreExt` for the type `system_table::SystemTableStore<user_table_store::UserTableRowId, user_table_store::UserTableRow>`
   --> backend/crates/kalamdb-core/src/stores/system_table.rs:255:5
    |
255 | /     fn get(
256 | |         &self,
257 | |         _namespace_id: &str,
258 | |         _table_name: &str,
259 | |         user_id: &str,
260 | |         row_id: &str,
261 | |     ) -> std::result::Result<Option<UserTableRow>, KalamDbError> {
    | |________________________________________________________________^
help: disambiguate the method for candidate #1
    |
262 -         let stored = store
263 -             .get(&namespace_id, &table_name, row_id)
262 +         let stored = kalamdb_store::EntityStoreV2::get(&store, &namespace_id, &table_name, row_id)
    |
help: disambiguate the method for candidate #2
    |
262 -         let stored = store
263 -             .get(&namespace_id, &table_name, row_id)
262 +         let stored = system_table::SharedTableStoreExt::get(&store, &namespace_id, &table_name, row_id)
    |
help: disambiguate the method for candidate #3
    |
262 -         let stored = store
263 -             .get(&namespace_id, &table_name, row_id)
262 +         let stored = system_table::UserTableStoreExt::get(&store, &namespace_id, &table_name, row_id)
    |

error[E0034]: multiple applicable items in scope
   --> backend/crates/kalamdb-core/src/tables/user_tables/user_table_update.rs:309:15
    |
309 |         store.put(&namespace_id, &table_name, "row1", &row1).unwrap();
    |               ^^^ multiple `put` found
    |
note: candidate #1 is defined in an impl of the trait `kalamdb_store::EntityStoreV2` for the type `system_table::SystemTableStore<K, V>`
   --> backend/crates/kalamdb-core/src/stores/system_table.rs:94:1
    |
 94 | / impl<K, V> EntityStore<K, V> for SystemTableStore<K, V>
 95 | | where
 96 | |     K: AsRef<[u8]> + Clone + Send + Sync,
 97 | |     V: Serialize + for<'de> Deserialize<'de> + Send + Sync,
    | |___________________________________________________________^
note: candidate #2 is defined in an impl of the trait `system_table::SharedTableStoreExt` for the type `system_table::SystemTableStore<user_table_store::UserTableRowId, user_table_store::UserTableRow>`
   --> backend/crates/kalamdb-core/src/stores/system_table.rs:485:5
    |
485 | /     fn put(
486 | |         &self,
487 | |         namespace_id: &str,
488 | |         table_name: &str,
489 | |         row_id: &str,
490 | |         row: &UserTableRow,
491 | |     ) -> std::result::Result<(), KalamDbError> {
    | |______________________________________________^
note: candidate #3 is defined in an impl of the trait `system_table::UserTableStoreExt` for the type `system_table::SystemTableStore<user_table_store::UserTableRowId, user_table_store::UserTableRow>`
   --> backend/crates/kalamdb-core/src/stores/system_table.rs:268:5
    |
268 | /     fn put(
269 | |         &self,
270 | |         _namespace_id: &str,
271 | |         _table_name: &str,
...   |
274 | |         row: &UserTableRow,
275 | |     ) -> std::result::Result<(), KalamDbError> {
    | |______________________________________________^
help: disambiguate the method for candidate #1
    |
309 -         store.put(&namespace_id, &table_name, "row1", &row1).unwrap();
309 +         kalamdb_store::EntityStoreV2::put(&store, &namespace_id, &table_name, "row1", &row1).unwrap();
    |
help: disambiguate the method for candidate #2
    |
309 -         store.put(&namespace_id, &table_name, "row1", &row1).unwrap();
309 +         system_table::SharedTableStoreExt::put(&store, &namespace_id, &table_name, "row1", &row1).unwrap();
    |
help: disambiguate the method for candidate #3
    |
309 -         store.put(&namespace_id, &table_name, "row1", &row1).unwrap();
309 +         system_table::UserTableStoreExt::put(&store, &namespace_id, &table_name, "row1", &row1).unwrap();
    |

error[E0034]: multiple applicable items in scope
   --> backend/crates/kalamdb-core/src/tables/user_tables/user_table_update.rs:319:15
    |
319 |         store.put(&namespace_id, &table_name, "row2", &row2).unwrap();
    |               ^^^ multiple `put` found
    |
note: candidate #1 is defined in an impl of the trait `kalamdb_store::EntityStoreV2` for the type `system_table::SystemTableStore<K, V>`
   --> backend/crates/kalamdb-core/src/stores/system_table.rs:94:1
    |
 94 | / impl<K, V> EntityStore<K, V> for SystemTableStore<K, V>
 95 | | where
 96 | |     K: AsRef<[u8]> + Clone + Send + Sync,
 97 | |     V: Serialize + for<'de> Deserialize<'de> + Send + Sync,
    | |___________________________________________________________^
note: candidate #2 is defined in an impl of the trait `system_table::SharedTableStoreExt` for the type `system_table::SystemTableStore<user_table_store::UserTableRowId, user_table_store::UserTableRow>`
   --> backend/crates/kalamdb-core/src/stores/system_table.rs:485:5
    |
485 | /     fn put(
486 | |         &self,
487 | |         namespace_id: &str,
488 | |         table_name: &str,
489 | |         row_id: &str,
490 | |         row: &UserTableRow,
491 | |     ) -> std::result::Result<(), KalamDbError> {
    | |______________________________________________^
note: candidate #3 is defined in an impl of the trait `system_table::UserTableStoreExt` for the type `system_table::SystemTableStore<user_table_store::UserTableRowId, user_table_store::UserTableRow>`
   --> backend/crates/kalamdb-core/src/stores/system_table.rs:268:5
    |
268 | /     fn put(
269 | |         &self,
270 | |         _namespace_id: &str,
271 | |         _table_name: &str,
...   |
274 | |         row: &UserTableRow,
275 | |     ) -> std::result::Result<(), KalamDbError> {
    | |______________________________________________^
help: disambiguate the method for candidate #1
    |
319 -         store.put(&namespace_id, &table_name, "row2", &row2).unwrap();
319 +         kalamdb_store::EntityStoreV2::put(&store, &namespace_id, &table_name, "row2", &row2).unwrap();
    |
help: disambiguate the method for candidate #2
    |
319 -         store.put(&namespace_id, &table_name, "row2", &row2).unwrap();
319 +         system_table::SharedTableStoreExt::put(&store, &namespace_id, &table_name, "row2", &row2).unwrap();
    |
help: disambiguate the method for candidate #3
    |
319 -         store.put(&namespace_id, &table_name, "row2", &row2).unwrap();
319 +         system_table::UserTableStoreExt::put(&store, &namespace_id, &table_name, "row2", &row2).unwrap();
    |

error[E0034]: multiple applicable items in scope
   --> backend/crates/kalamdb-core/src/tables/user_tables/user_table_update.rs:335:14
    |
335 |             .get(&namespace_id, &table_name, "row1")
    |              ^^^ multiple `get` found
    |
note: candidate #1 is defined in an impl of the trait `kalamdb_store::EntityStoreV2` for the type `system_table::SystemTableStore<K, V>`
   --> backend/crates/kalamdb-core/src/stores/system_table.rs:94:1
    |
 94 | / impl<K, V> EntityStore<K, V> for SystemTableStore<K, V>
 95 | | where
 96 | |     K: AsRef<[u8]> + Clone + Send + Sync,
 97 | |     V: Serialize + for<'de> Deserialize<'de> + Send + Sync,
    | |___________________________________________________________^
note: candidate #2 is defined in an impl of the trait `system_table::SharedTableStoreExt` for the type `system_table::SystemTableStore<user_table_store::UserTableRowId, user_table_store::UserTableRow>`
   --> backend/crates/kalamdb-core/src/stores/system_table.rs:475:5
    |
475 | /     fn get(
476 | |         &self,
477 | |         namespace_id: &str,
478 | |         table_name: &str,
479 | |         row_id: &str,
480 | |     ) -> std::result::Result<Option<UserTableRow>, KalamDbError> {
    | |________________________________________________________________^
note: candidate #3 is defined in an impl of the trait `system_table::UserTableStoreExt` for the type `system_table::SystemTableStore<user_table_store::UserTableRowId, user_table_store::UserTableRow>`
   --> backend/crates/kalamdb-core/src/stores/system_table.rs:255:5
    |
255 | /     fn get(
256 | |         &self,
257 | |         _namespace_id: &str,
258 | |         _table_name: &str,
259 | |         user_id: &str,
260 | |         row_id: &str,
261 | |     ) -> std::result::Result<Option<UserTableRow>, KalamDbError> {
    | |________________________________________________________________^
help: disambiguate the method for candidate #1
    |
334 -         let stored1 = store
335 -             .get(&namespace_id, &table_name, "row1")
334 +         let stored1 = kalamdb_store::EntityStoreV2::get(&store, &namespace_id, &table_name, "row1")
    |
help: disambiguate the method for candidate #2
    |
334 -         let stored1 = store
335 -             .get(&namespace_id, &table_name, "row1")
334 +         let stored1 = system_table::SharedTableStoreExt::get(&store, &namespace_id, &table_name, "row1")
    |
help: disambiguate the method for candidate #3
    |
334 -         let stored1 = store
335 -             .get(&namespace_id, &table_name, "row1")
334 +         let stored1 = system_table::UserTableStoreExt::get(&store, &namespace_id, &table_name, "row1")
    |

error[E0034]: multiple applicable items in scope
   --> backend/crates/kalamdb-core/src/tables/user_tables/user_table_update.rs:341:14
    |
341 |             .get(&namespace_id, &table_name, "row2")
    |              ^^^ multiple `get` found
    |
note: candidate #1 is defined in an impl of the trait `kalamdb_store::EntityStoreV2` for the type `system_table::SystemTableStore<K, V>`
   --> backend/crates/kalamdb-core/src/stores/system_table.rs:94:1
    |
 94 | / impl<K, V> EntityStore<K, V> for SystemTableStore<K, V>
 95 | | where
 96 | |     K: AsRef<[u8]> + Clone + Send + Sync,
 97 | |     V: Serialize + for<'de> Deserialize<'de> + Send + Sync,
    | |___________________________________________________________^
note: candidate #2 is defined in an impl of the trait `system_table::SharedTableStoreExt` for the type `system_table::SystemTableStore<user_table_store::UserTableRowId, user_table_store::UserTableRow>`
   --> backend/crates/kalamdb-core/src/stores/system_table.rs:475:5
    |
475 | /     fn get(
476 | |         &self,
477 | |         namespace_id: &str,
478 | |         table_name: &str,
479 | |         row_id: &str,
480 | |     ) -> std::result::Result<Option<UserTableRow>, KalamDbError> {
    | |________________________________________________________________^
note: candidate #3 is defined in an impl of the trait `system_table::UserTableStoreExt` for the type `system_table::SystemTableStore<user_table_store::UserTableRowId, user_table_store::UserTableRow>`
   --> backend/crates/kalamdb-core/src/stores/system_table.rs:255:5
    |
255 | /     fn get(
256 | |         &self,
257 | |         _namespace_id: &str,
258 | |         _table_name: &str,
259 | |         user_id: &str,
260 | |         row_id: &str,
261 | |     ) -> std::result::Result<Option<UserTableRow>, KalamDbError> {
    | |________________________________________________________________^
help: disambiguate the method for candidate #1
    |
340 -         let stored2 = store
341 -             .get(&namespace_id, &table_name, "row2")
340 +         let stored2 = kalamdb_store::EntityStoreV2::get(&store, &namespace_id, &table_name, "row2")
    |
help: disambiguate the method for candidate #2
    |
340 -         let stored2 = store
341 -             .get(&namespace_id, &table_name, "row2")
340 +         let stored2 = system_table::SharedTableStoreExt::get(&store, &namespace_id, &table_name, "row2")
    |
help: disambiguate the method for candidate #3
    |
340 -         let stored2 = store
341 -             .get(&namespace_id, &table_name, "row2")
340 +         let stored2 = system_table::UserTableStoreExt::get(&store, &namespace_id, &table_name, "row2")
    |

error[E0034]: multiple applicable items in scope
   --> backend/crates/kalamdb-core/src/tables/user_tables/user_table_update.rs:364:15
    |
364 |         store.put(&namespace_id, &table_name, row_id, &row).unwrap();
    |               ^^^ multiple `put` found
    |
note: candidate #1 is defined in an impl of the trait `kalamdb_store::EntityStoreV2` for the type `system_table::SystemTableStore<K, V>`
   --> backend/crates/kalamdb-core/src/stores/system_table.rs:94:1
    |
 94 | / impl<K, V> EntityStore<K, V> for SystemTableStore<K, V>
 95 | | where
 96 | |     K: AsRef<[u8]> + Clone + Send + Sync,
 97 | |     V: Serialize + for<'de> Deserialize<'de> + Send + Sync,
    | |___________________________________________________________^
note: candidate #2 is defined in an impl of the trait `system_table::SharedTableStoreExt` for the type `system_table::SystemTableStore<user_table_store::UserTableRowId, user_table_store::UserTableRow>`
   --> backend/crates/kalamdb-core/src/stores/system_table.rs:485:5
    |
485 | /     fn put(
486 | |         &self,
487 | |         namespace_id: &str,
488 | |         table_name: &str,
489 | |         row_id: &str,
490 | |         row: &UserTableRow,
491 | |     ) -> std::result::Result<(), KalamDbError> {
    | |______________________________________________^
note: candidate #3 is defined in an impl of the trait `system_table::UserTableStoreExt` for the type `system_table::SystemTableStore<user_table_store::UserTableRowId, user_table_store::UserTableRow>`
   --> backend/crates/kalamdb-core/src/stores/system_table.rs:268:5
    |
268 | /     fn put(
269 | |         &self,
270 | |         _namespace_id: &str,
271 | |         _table_name: &str,
...   |
274 | |         row: &UserTableRow,
275 | |     ) -> std::result::Result<(), KalamDbError> {
    | |______________________________________________^
help: disambiguate the method for candidate #1
    |
364 -         store.put(&namespace_id, &table_name, row_id, &row).unwrap();
364 +         kalamdb_store::EntityStoreV2::put(&store, &namespace_id, &table_name, row_id, &row).unwrap();
    |
help: disambiguate the method for candidate #2
    |
364 -         store.put(&namespace_id, &table_name, row_id, &row).unwrap();
364 +         system_table::SharedTableStoreExt::put(&store, &namespace_id, &table_name, row_id, &row).unwrap();
    |
help: disambiguate the method for candidate #3
    |
364 -         store.put(&namespace_id, &table_name, row_id, &row).unwrap();
364 +         system_table::UserTableStoreExt::put(&store, &namespace_id, &table_name, row_id, &row).unwrap();
    |

error[E0034]: multiple applicable items in scope
   --> backend/crates/kalamdb-core/src/tables/user_tables/user_table_update.rs:379:14
    |
379 |             .get(&namespace_id, &table_name, row_id)
    |              ^^^ multiple `get` found
    |
note: candidate #1 is defined in an impl of the trait `kalamdb_store::EntityStoreV2` for the type `system_table::SystemTableStore<K, V>`
   --> backend/crates/kalamdb-core/src/stores/system_table.rs:94:1
    |
 94 | / impl<K, V> EntityStore<K, V> for SystemTableStore<K, V>
 95 | | where
 96 | |     K: AsRef<[u8]> + Clone + Send + Sync,
 97 | |     V: Serialize + for<'de> Deserialize<'de> + Send + Sync,
    | |___________________________________________________________^
note: candidate #2 is defined in an impl of the trait `system_table::SharedTableStoreExt` for the type `system_table::SystemTableStore<user_table_store::UserTableRowId, user_table_store::UserTableRow>`
   --> backend/crates/kalamdb-core/src/stores/system_table.rs:475:5
    |
475 | /     fn get(
476 | |         &self,
477 | |         namespace_id: &str,
478 | |         table_name: &str,
479 | |         row_id: &str,
480 | |     ) -> std::result::Result<Option<UserTableRow>, KalamDbError> {
    | |________________________________________________________________^
note: candidate #3 is defined in an impl of the trait `system_table::UserTableStoreExt` for the type `system_table::SystemTableStore<user_table_store::UserTableRowId, user_table_store::UserTableRow>`
   --> backend/crates/kalamdb-core/src/stores/system_table.rs:255:5
    |
255 | /     fn get(
256 | |         &self,
257 | |         _namespace_id: &str,
258 | |         _table_name: &str,
259 | |         user_id: &str,
260 | |         row_id: &str,
261 | |     ) -> std::result::Result<Option<UserTableRow>, KalamDbError> {
    | |________________________________________________________________^
help: disambiguate the method for candidate #1
    |
378 -         let stored = store
379 -             .get(&namespace_id, &table_name, row_id)
378 +         let stored = kalamdb_store::EntityStoreV2::get(&store, &namespace_id, &table_name, row_id)
    |
help: disambiguate the method for candidate #2
    |
378 -         let stored = store
379 -             .get(&namespace_id, &table_name, row_id)
378 +         let stored = system_table::SharedTableStoreExt::get(&store, &namespace_id, &table_name, row_id)
    |
help: disambiguate the method for candidate #3
    |
378 -         let stored = store
379 -             .get(&namespace_id, &table_name, row_id)
378 +         let stored = system_table::UserTableStoreExt::get(&store, &namespace_id, &table_name, row_id)
    |

error[E0034]: multiple applicable items in scope
   --> backend/crates/kalamdb-core/src/tables/user_tables/user_table_update.rs:404:15
    |
404 |         store.put(&namespace_id, &table_name, "row1", &row1).unwrap();
    |               ^^^ multiple `put` found
    |
note: candidate #1 is defined in an impl of the trait `kalamdb_store::EntityStoreV2` for the type `system_table::SystemTableStore<K, V>`
   --> backend/crates/kalamdb-core/src/stores/system_table.rs:94:1
    |
 94 | / impl<K, V> EntityStore<K, V> for SystemTableStore<K, V>
 95 | | where
 96 | |     K: AsRef<[u8]> + Clone + Send + Sync,
 97 | |     V: Serialize + for<'de> Deserialize<'de> + Send + Sync,
    | |___________________________________________________________^
note: candidate #2 is defined in an impl of the trait `system_table::SharedTableStoreExt` for the type `system_table::SystemTableStore<user_table_store::UserTableRowId, user_table_store::UserTableRow>`
   --> backend/crates/kalamdb-core/src/stores/system_table.rs:485:5
    |
485 | /     fn put(
486 | |         &self,
487 | |         namespace_id: &str,
488 | |         table_name: &str,
489 | |         row_id: &str,
490 | |         row: &UserTableRow,
491 | |     ) -> std::result::Result<(), KalamDbError> {
    | |______________________________________________^
note: candidate #3 is defined in an impl of the trait `system_table::UserTableStoreExt` for the type `system_table::SystemTableStore<user_table_store::UserTableRowId, user_table_store::UserTableRow>`
   --> backend/crates/kalamdb-core/src/stores/system_table.rs:268:5
    |
268 | /     fn put(
269 | |         &self,
270 | |         _namespace_id: &str,
271 | |         _table_name: &str,
...   |
274 | |         row: &UserTableRow,
275 | |     ) -> std::result::Result<(), KalamDbError> {
    | |______________________________________________^
help: disambiguate the method for candidate #1
    |
404 -         store.put(&namespace_id, &table_name, "row1", &row1).unwrap();
404 +         kalamdb_store::EntityStoreV2::put(&store, &namespace_id, &table_name, "row1", &row1).unwrap();
    |
help: disambiguate the method for candidate #2
    |
404 -         store.put(&namespace_id, &table_name, "row1", &row1).unwrap();
404 +         system_table::SharedTableStoreExt::put(&store, &namespace_id, &table_name, "row1", &row1).unwrap();
    |
help: disambiguate the method for candidate #3
    |
404 -         store.put(&namespace_id, &table_name, "row1", &row1).unwrap();
404 +         system_table::UserTableStoreExt::put(&store, &namespace_id, &table_name, "row1", &row1).unwrap();
    |

error[E0034]: multiple applicable items in scope
   --> backend/crates/kalamdb-core/src/tables/user_tables/user_table_update.rs:414:15
    |
414 |         store.put(&namespace_id, &table_name, "row1", &row2).unwrap();
    |               ^^^ multiple `put` found
    |
note: candidate #1 is defined in an impl of the trait `kalamdb_store::EntityStoreV2` for the type `system_table::SystemTableStore<K, V>`
   --> backend/crates/kalamdb-core/src/stores/system_table.rs:94:1
    |
 94 | / impl<K, V> EntityStore<K, V> for SystemTableStore<K, V>
 95 | | where
 96 | |     K: AsRef<[u8]> + Clone + Send + Sync,
 97 | |     V: Serialize + for<'de> Deserialize<'de> + Send + Sync,
    | |___________________________________________________________^
note: candidate #2 is defined in an impl of the trait `system_table::SharedTableStoreExt` for the type `system_table::SystemTableStore<user_table_store::UserTableRowId, user_table_store::UserTableRow>`
   --> backend/crates/kalamdb-core/src/stores/system_table.rs:485:5
    |
485 | /     fn put(
486 | |         &self,
487 | |         namespace_id: &str,
488 | |         table_name: &str,
489 | |         row_id: &str,
490 | |         row: &UserTableRow,
491 | |     ) -> std::result::Result<(), KalamDbError> {
    | |______________________________________________^
note: candidate #3 is defined in an impl of the trait `system_table::UserTableStoreExt` for the type `system_table::SystemTableStore<user_table_store::UserTableRowId, user_table_store::UserTableRow>`
   --> backend/crates/kalamdb-core/src/stores/system_table.rs:268:5
    |
268 | /     fn put(
269 | |         &self,
270 | |         _namespace_id: &str,
271 | |         _table_name: &str,
...   |
274 | |         row: &UserTableRow,
275 | |     ) -> std::result::Result<(), KalamDbError> {
    | |______________________________________________^
help: disambiguate the method for candidate #1
    |
414 -         store.put(&namespace_id, &table_name, "row1", &row2).unwrap();
414 +         kalamdb_store::EntityStoreV2::put(&store, &namespace_id, &table_name, "row1", &row2).unwrap();
    |
help: disambiguate the method for candidate #2
    |
414 -         store.put(&namespace_id, &table_name, "row1", &row2).unwrap();
414 +         system_table::SharedTableStoreExt::put(&store, &namespace_id, &table_name, "row1", &row2).unwrap();
    |
help: disambiguate the method for candidate #3
    |
414 -         store.put(&namespace_id, &table_name, "row1", &row2).unwrap();
414 +         system_table::UserTableStoreExt::put(&store, &namespace_id, &table_name, "row1", &row2).unwrap();
    |

error[E0034]: multiple applicable items in scope
   --> backend/crates/kalamdb-core/src/tables/user_tables/user_table_update.rs:429:14
    |
429 |             .get(&namespace_id, &table_name, "row1")
    |              ^^^ multiple `get` found
    |
note: candidate #1 is defined in an impl of the trait `kalamdb_store::EntityStoreV2` for the type `system_table::SystemTableStore<K, V>`
   --> backend/crates/kalamdb-core/src/stores/system_table.rs:94:1
    |
 94 | / impl<K, V> EntityStore<K, V> for SystemTableStore<K, V>
 95 | | where
 96 | |     K: AsRef<[u8]> + Clone + Send + Sync,
 97 | |     V: Serialize + for<'de> Deserialize<'de> + Send + Sync,
    | |___________________________________________________________^
note: candidate #2 is defined in an impl of the trait `system_table::SharedTableStoreExt` for the type `system_table::SystemTableStore<user_table_store::UserTableRowId, user_table_store::UserTableRow>`
   --> backend/crates/kalamdb-core/src/stores/system_table.rs:475:5
    |
475 | /     fn get(
476 | |         &self,
477 | |         namespace_id: &str,
478 | |         table_name: &str,
479 | |         row_id: &str,
480 | |     ) -> std::result::Result<Option<UserTableRow>, KalamDbError> {
    | |________________________________________________________________^
note: candidate #3 is defined in an impl of the trait `system_table::UserTableStoreExt` for the type `system_table::SystemTableStore<user_table_store::UserTableRowId, user_table_store::UserTableRow>`
   --> backend/crates/kalamdb-core/src/stores/system_table.rs:255:5
    |
255 | /     fn get(
256 | |         &self,
257 | |         _namespace_id: &str,
258 | |         _table_name: &str,
259 | |         user_id: &str,
260 | |         row_id: &str,
261 | |     ) -> std::result::Result<Option<UserTableRow>, KalamDbError> {
    | |________________________________________________________________^
help: disambiguate the method for candidate #1
    |
428 -         let stored2 = store
429 -             .get(&namespace_id, &table_name, "row1")
428 +         let stored2 = kalamdb_store::EntityStoreV2::get(&store, &namespace_id, &table_name, "row1")
    |
help: disambiguate the method for candidate #2
    |
428 -         let stored2 = store
429 -             .get(&namespace_id, &table_name, "row1")
428 +         let stored2 = system_table::SharedTableStoreExt::get(&store, &namespace_id, &table_name, "row1")
    |
help: disambiguate the method for candidate #3
    |
428 -         let stored2 = store
429 -             .get(&namespace_id, &table_name, "row1")
428 +         let stored2 = system_table::UserTableStoreExt::get(&store, &namespace_id, &table_name, "row1")
    |

error[E0034]: multiple applicable items in scope
   --> backend/crates/kalamdb-core/src/tables/user_tables/user_table_update.rs:451:15
    |
451 |         store.put(&namespace_id, &table_name, "row1", &row).unwrap();
    |               ^^^ multiple `put` found
    |
note: candidate #1 is defined in an impl of the trait `kalamdb_store::EntityStoreV2` for the type `system_table::SystemTableStore<K, V>`
   --> backend/crates/kalamdb-core/src/stores/system_table.rs:94:1
    |
 94 | / impl<K, V> EntityStore<K, V> for SystemTableStore<K, V>
 95 | | where
 96 | |     K: AsRef<[u8]> + Clone + Send + Sync,
 97 | |     V: Serialize + for<'de> Deserialize<'de> + Send + Sync,
    | |___________________________________________________________^
note: candidate #2 is defined in an impl of the trait `system_table::SharedTableStoreExt` for the type `system_table::SystemTableStore<user_table_store::UserTableRowId, user_table_store::UserTableRow>`
   --> backend/crates/kalamdb-core/src/stores/system_table.rs:485:5
    |
485 | /     fn put(
486 | |         &self,
487 | |         namespace_id: &str,
488 | |         table_name: &str,
489 | |         row_id: &str,
490 | |         row: &UserTableRow,
491 | |     ) -> std::result::Result<(), KalamDbError> {
    | |______________________________________________^
note: candidate #3 is defined in an impl of the trait `system_table::UserTableStoreExt` for the type `system_table::SystemTableStore<user_table_store::UserTableRowId, user_table_store::UserTableRow>`
   --> backend/crates/kalamdb-core/src/stores/system_table.rs:268:5
    |
268 | /     fn put(
269 | |         &self,
270 | |         _namespace_id: &str,
271 | |         _table_name: &str,
...   |
274 | |         row: &UserTableRow,
275 | |     ) -> std::result::Result<(), KalamDbError> {
    | |______________________________________________^
help: disambiguate the method for candidate #1
    |
451 -         store.put(&namespace_id, &table_name, "row1", &row).unwrap();
451 +         kalamdb_store::EntityStoreV2::put(&store, &namespace_id, &table_name, "row1", &row).unwrap();
    |
help: disambiguate the method for candidate #2
    |
451 -         store.put(&namespace_id, &table_name, "row1", &row).unwrap();
451 +         system_table::SharedTableStoreExt::put(&store, &namespace_id, &table_name, "row1", &row).unwrap();
    |
help: disambiguate the method for candidate #3
    |
451 -         store.put(&namespace_id, &table_name, "row1", &row).unwrap();
451 +         system_table::UserTableStoreExt::put(&store, &namespace_id, &table_name, "row1", &row).unwrap();
    |

error[E0034]: multiple applicable items in scope
   --> backend/crates/kalamdb-core/src/tables/user_tables/user_table_delete.rs:279:15
    |
279 |         store.put(&namespace_id, &table_name, row_id, &entity).unwrap();
    |               ^^^ multiple `put` found
    |
note: candidate #1 is defined in an impl of the trait `kalamdb_store::EntityStoreV2` for the type `system_table::SystemTableStore<K, V>`
   --> backend/crates/kalamdb-core/src/stores/system_table.rs:94:1
    |
 94 | / impl<K, V> EntityStore<K, V> for SystemTableStore<K, V>
 95 | | where
 96 | |     K: AsRef<[u8]> + Clone + Send + Sync,
 97 | |     V: Serialize + for<'de> Deserialize<'de> + Send + Sync,
    | |___________________________________________________________^
note: candidate #2 is defined in an impl of the trait `system_table::SharedTableStoreExt` for the type `system_table::SystemTableStore<user_table_store::UserTableRowId, user_table_store::UserTableRow>`
   --> backend/crates/kalamdb-core/src/stores/system_table.rs:485:5
    |
485 | /     fn put(
486 | |         &self,
487 | |         namespace_id: &str,
488 | |         table_name: &str,
489 | |         row_id: &str,
490 | |         row: &UserTableRow,
491 | |     ) -> std::result::Result<(), KalamDbError> {
    | |______________________________________________^
note: candidate #3 is defined in an impl of the trait `system_table::UserTableStoreExt` for the type `system_table::SystemTableStore<user_table_store::UserTableRowId, user_table_store::UserTableRow>`
   --> backend/crates/kalamdb-core/src/stores/system_table.rs:268:5
    |
268 | /     fn put(
269 | |         &self,
270 | |         _namespace_id: &str,
271 | |         _table_name: &str,
...   |
274 | |         row: &UserTableRow,
275 | |     ) -> std::result::Result<(), KalamDbError> {
    | |______________________________________________^
help: disambiguate the method for candidate #1
    |
279 -         store.put(&namespace_id, &table_name, row_id, &entity).unwrap();
279 +         kalamdb_store::EntityStoreV2::put(&store, &namespace_id, &table_name, row_id, &entity).unwrap();
    |
help: disambiguate the method for candidate #2
    |
279 -         store.put(&namespace_id, &table_name, row_id, &entity).unwrap();
279 +         system_table::SharedTableStoreExt::put(&store, &namespace_id, &table_name, row_id, &entity).unwrap();
    |
help: disambiguate the method for candidate #3
    |
279 -         store.put(&namespace_id, &table_name, row_id, &entity).unwrap();
279 +         system_table::UserTableStoreExt::put(&store, &namespace_id, &table_name, row_id, &entity).unwrap();
    |

error[E0034]: multiple applicable items in scope
   --> backend/crates/kalamdb-core/src/tables/user_tables/user_table_delete.rs:289:28
    |
289 |         let stored = store.get(&namespace_id, &table_name, row_id).unwrap();
    |                            ^^^ multiple `get` found
    |
note: candidate #1 is defined in an impl of the trait `kalamdb_store::EntityStoreV2` for the type `system_table::SystemTableStore<K, V>`
   --> backend/crates/kalamdb-core/src/stores/system_table.rs:94:1
    |
 94 | / impl<K, V> EntityStore<K, V> for SystemTableStore<K, V>
 95 | | where
 96 | |     K: AsRef<[u8]> + Clone + Send + Sync,
 97 | |     V: Serialize + for<'de> Deserialize<'de> + Send + Sync,
    | |___________________________________________________________^
note: candidate #2 is defined in an impl of the trait `system_table::SharedTableStoreExt` for the type `system_table::SystemTableStore<user_table_store::UserTableRowId, user_table_store::UserTableRow>`
   --> backend/crates/kalamdb-core/src/stores/system_table.rs:475:5
    |
475 | /     fn get(
476 | |         &self,
477 | |         namespace_id: &str,
478 | |         table_name: &str,
479 | |         row_id: &str,
480 | |     ) -> std::result::Result<Option<UserTableRow>, KalamDbError> {
    | |________________________________________________________________^
note: candidate #3 is defined in an impl of the trait `system_table::UserTableStoreExt` for the type `system_table::SystemTableStore<user_table_store::UserTableRowId, user_table_store::UserTableRow>`
   --> backend/crates/kalamdb-core/src/stores/system_table.rs:255:5
    |
255 | /     fn get(
256 | |         &self,
257 | |         _namespace_id: &str,
258 | |         _table_name: &str,
259 | |         user_id: &str,
260 | |         row_id: &str,
261 | |     ) -> std::result::Result<Option<UserTableRow>, KalamDbError> {
    | |________________________________________________________________^
help: disambiguate the method for candidate #1
    |
289 -         let stored = store.get(&namespace_id, &table_name, row_id).unwrap();
289 +         let stored = kalamdb_store::EntityStoreV2::get(&store, &namespace_id, &table_name, row_id).unwrap();
    |
help: disambiguate the method for candidate #2
    |
289 -         let stored = store.get(&namespace_id, &table_name, row_id).unwrap();
289 +         let stored = system_table::SharedTableStoreExt::get(&store, &namespace_id, &table_name, row_id).unwrap();
    |
help: disambiguate the method for candidate #3
    |
289 -         let stored = store.get(&namespace_id, &table_name, row_id).unwrap();
289 +         let stored = system_table::UserTableStoreExt::get(&store, &namespace_id, &table_name, row_id).unwrap();
    |

error[E0034]: multiple applicable items in scope
   --> backend/crates/kalamdb-core/src/tables/user_tables/user_table_delete.rs:323:14
    |
323 |             .put(
    |              ^^^ multiple `put` found
    |
note: candidate #1 is defined in an impl of the trait `kalamdb_store::EntityStoreV2` for the type `system_table::SystemTableStore<K, V>`
   --> backend/crates/kalamdb-core/src/stores/system_table.rs:94:1
    |
 94 | / impl<K, V> EntityStore<K, V> for SystemTableStore<K, V>
 95 | | where
 96 | |     K: AsRef<[u8]> + Clone + Send + Sync,
 97 | |     V: Serialize + for<'de> Deserialize<'de> + Send + Sync,
    | |___________________________________________________________^
note: candidate #2 is defined in an impl of the trait `system_table::SharedTableStoreExt` for the type `system_table::SystemTableStore<user_table_store::UserTableRowId, user_table_store::UserTableRow>`
   --> backend/crates/kalamdb-core/src/stores/system_table.rs:485:5
    |
485 | /     fn put(
486 | |         &self,
487 | |         namespace_id: &str,
488 | |         table_name: &str,
489 | |         row_id: &str,
490 | |         row: &UserTableRow,
491 | |     ) -> std::result::Result<(), KalamDbError> {
    | |______________________________________________^
note: candidate #3 is defined in an impl of the trait `system_table::UserTableStoreExt` for the type `system_table::SystemTableStore<user_table_store::UserTableRowId, user_table_store::UserTableRow>`
   --> backend/crates/kalamdb-core/src/stores/system_table.rs:268:5
    |
268 | /     fn put(
269 | |         &self,
270 | |         _namespace_id: &str,
271 | |         _table_name: &str,
...   |
274 | |         row: &UserTableRow,
275 | |     ) -> std::result::Result<(), KalamDbError> {
    | |______________________________________________^
help: disambiguate the method for candidate #1
    |
322 ~         kalamdb_store::EntityStoreV2::put(&store, &namespace_id, &table_name, "row1", &UserTableRow {
323 +                     row_id: "row1".to_string(),
324 +                     user_id: user_id.as_str().to_string(),
325 +                     fields: serde_json::json!({"name": "Alice"}),
326 +                     _updated: chrono::Utc::now().to_rfc3339(),
327 +                     _deleted: false,
328 +                 })
    |
help: disambiguate the method for candidate #2
    |
322 ~         system_table::SharedTableStoreExt::put(&store, &namespace_id, &table_name, "row1", &UserTableRow {
323 +                     row_id: "row1".to_string(),
324 +                     user_id: user_id.as_str().to_string(),
325 +                     fields: serde_json::json!({"name": "Alice"}),
326 +                     _updated: chrono::Utc::now().to_rfc3339(),
327 +                     _deleted: false,
328 +                 })
    |
help: disambiguate the method for candidate #3
    |
322 ~         system_table::UserTableStoreExt::put(&store, &namespace_id, &table_name, "row1", &UserTableRow {
323 +                     row_id: "row1".to_string(),
324 +                     user_id: user_id.as_str().to_string(),
325 +                     fields: serde_json::json!({"name": "Alice"}),
326 +                     _updated: chrono::Utc::now().to_rfc3339(),
327 +                     _deleted: false,
328 +                 })
    |

error[E0034]: multiple applicable items in scope
   --> backend/crates/kalamdb-core/src/tables/user_tables/user_table_delete.rs:337:14
    |
337 |             .put(
    |              ^^^ multiple `put` found
    |
note: candidate #1 is defined in an impl of the trait `kalamdb_store::EntityStoreV2` for the type `system_table::SystemTableStore<K, V>`
   --> backend/crates/kalamdb-core/src/stores/system_table.rs:94:1
    |
 94 | / impl<K, V> EntityStore<K, V> for SystemTableStore<K, V>
 95 | | where
 96 | |     K: AsRef<[u8]> + Clone + Send + Sync,
 97 | |     V: Serialize + for<'de> Deserialize<'de> + Send + Sync,
    | |___________________________________________________________^
note: candidate #2 is defined in an impl of the trait `system_table::SharedTableStoreExt` for the type `system_table::SystemTableStore<user_table_store::UserTableRowId, user_table_store::UserTableRow>`
   --> backend/crates/kalamdb-core/src/stores/system_table.rs:485:5
    |
485 | /     fn put(
486 | |         &self,
487 | |         namespace_id: &str,
488 | |         table_name: &str,
489 | |         row_id: &str,
490 | |         row: &UserTableRow,
491 | |     ) -> std::result::Result<(), KalamDbError> {
    | |______________________________________________^
note: candidate #3 is defined in an impl of the trait `system_table::UserTableStoreExt` for the type `system_table::SystemTableStore<user_table_store::UserTableRowId, user_table_store::UserTableRow>`
   --> backend/crates/kalamdb-core/src/stores/system_table.rs:268:5
    |
268 | /     fn put(
269 | |         &self,
270 | |         _namespace_id: &str,
271 | |         _table_name: &str,
...   |
274 | |         row: &UserTableRow,
275 | |     ) -> std::result::Result<(), KalamDbError> {
    | |______________________________________________^
help: disambiguate the method for candidate #1
    |
336 ~         kalamdb_store::EntityStoreV2::put(&store, &namespace_id, &table_name, "row2", &UserTableRow {
337 +                     row_id: "row2".to_string(),
338 +                     user_id: user_id.as_str().to_string(),
339 +                     fields: serde_json::json!({"name": "Bob"}),
340 +                     _updated: chrono::Utc::now().to_rfc3339(),
341 +                     _deleted: false,
342 +                 })
    |
help: disambiguate the method for candidate #2
    |
336 ~         system_table::SharedTableStoreExt::put(&store, &namespace_id, &table_name, "row2", &UserTableRow {
337 +                     row_id: "row2".to_string(),
338 +                     user_id: user_id.as_str().to_string(),
339 +                     fields: serde_json::json!({"name": "Bob"}),
340 +                     _updated: chrono::Utc::now().to_rfc3339(),
341 +                     _deleted: false,
342 +                 })
    |
help: disambiguate the method for candidate #3
    |
336 ~         system_table::UserTableStoreExt::put(&store, &namespace_id, &table_name, "row2", &UserTableRow {
337 +                     row_id: "row2".to_string(),
338 +                     user_id: user_id.as_str().to_string(),
339 +                     fields: serde_json::json!({"name": "Bob"}),
340 +                     _updated: chrono::Utc::now().to_rfc3339(),
341 +                     _deleted: false,
342 +                 })
    |

error[E0034]: multiple applicable items in scope
   --> backend/crates/kalamdb-core/src/tables/user_tables/user_table_delete.rs:351:14
    |
351 |             .put(
    |              ^^^ multiple `put` found
    |
note: candidate #1 is defined in an impl of the trait `kalamdb_store::EntityStoreV2` for the type `system_table::SystemTableStore<K, V>`
   --> backend/crates/kalamdb-core/src/stores/system_table.rs:94:1
    |
 94 | / impl<K, V> EntityStore<K, V> for SystemTableStore<K, V>
 95 | | where
 96 | |     K: AsRef<[u8]> + Clone + Send + Sync,
 97 | |     V: Serialize + for<'de> Deserialize<'de> + Send + Sync,
    | |___________________________________________________________^
note: candidate #2 is defined in an impl of the trait `system_table::SharedTableStoreExt` for the type `system_table::SystemTableStore<user_table_store::UserTableRowId, user_table_store::UserTableRow>`
   --> backend/crates/kalamdb-core/src/stores/system_table.rs:485:5
    |
485 | /     fn put(
486 | |         &self,
487 | |         namespace_id: &str,
488 | |         table_name: &str,
489 | |         row_id: &str,
490 | |         row: &UserTableRow,
491 | |     ) -> std::result::Result<(), KalamDbError> {
    | |______________________________________________^
note: candidate #3 is defined in an impl of the trait `system_table::UserTableStoreExt` for the type `system_table::SystemTableStore<user_table_store::UserTableRowId, user_table_store::UserTableRow>`
   --> backend/crates/kalamdb-core/src/stores/system_table.rs:268:5
    |
268 | /     fn put(
269 | |         &self,
270 | |         _namespace_id: &str,
271 | |         _table_name: &str,
...   |
274 | |         row: &UserTableRow,
275 | |     ) -> std::result::Result<(), KalamDbError> {
    | |______________________________________________^
help: disambiguate the method for candidate #1
    |
350 ~         kalamdb_store::EntityStoreV2::put(&store, &namespace_id, &table_name, "row3", &UserTableRow {
351 +                     row_id: "row3".to_string(),
352 +                     user_id: user_id.as_str().to_string(),
353 +                     fields: serde_json::json!({"name": "Charlie"}),
354 +                     _updated: chrono::Utc::now().to_rfc3339(),
355 +                     _deleted: false,
356 +                 })
    |
help: disambiguate the method for candidate #2
    |
350 ~         system_table::SharedTableStoreExt::put(&store, &namespace_id, &table_name, "row3", &UserTableRow {
351 +                     row_id: "row3".to_string(),
352 +                     user_id: user_id.as_str().to_string(),
353 +                     fields: serde_json::json!({"name": "Charlie"}),
354 +                     _updated: chrono::Utc::now().to_rfc3339(),
355 +                     _deleted: false,
356 +                 })
    |
help: disambiguate the method for candidate #3
    |
350 ~         system_table::UserTableStoreExt::put(&store, &namespace_id, &table_name, "row3", &UserTableRow {
351 +                     row_id: "row3".to_string(),
352 +                     user_id: user_id.as_str().to_string(),
353 +                     fields: serde_json::json!({"name": "Charlie"}),
354 +                     _updated: chrono::Utc::now().to_rfc3339(),
355 +                     _deleted: false,
356 +                 })
    |

error[E0034]: multiple applicable items in scope
   --> backend/crates/kalamdb-core/src/tables/user_tables/user_table_delete.rs:377:18
    |
377 |                 .get(&namespace_id, &table_name, row_id)
    |                  ^^^ multiple `get` found
    |
note: candidate #1 is defined in an impl of the trait `kalamdb_store::EntityStoreV2` for the type `system_table::SystemTableStore<K, V>`
   --> backend/crates/kalamdb-core/src/stores/system_table.rs:94:1
    |
 94 | / impl<K, V> EntityStore<K, V> for SystemTableStore<K, V>
 95 | | where
 96 | |     K: AsRef<[u8]> + Clone + Send + Sync,
 97 | |     V: Serialize + for<'de> Deserialize<'de> + Send + Sync,
    | |___________________________________________________________^
note: candidate #2 is defined in an impl of the trait `system_table::SharedTableStoreExt` for the type `system_table::SystemTableStore<user_table_store::UserTableRowId, user_table_store::UserTableRow>`
   --> backend/crates/kalamdb-core/src/stores/system_table.rs:475:5
    |
475 | /     fn get(
476 | |         &self,
477 | |         namespace_id: &str,
478 | |         table_name: &str,
479 | |         row_id: &str,
480 | |     ) -> std::result::Result<Option<UserTableRow>, KalamDbError> {
    | |________________________________________________________________^
note: candidate #3 is defined in an impl of the trait `system_table::UserTableStoreExt` for the type `system_table::SystemTableStore<user_table_store::UserTableRowId, user_table_store::UserTableRow>`
   --> backend/crates/kalamdb-core/src/stores/system_table.rs:255:5
    |
255 | /     fn get(
256 | |         &self,
257 | |         _namespace_id: &str,
258 | |         _table_name: &str,
259 | |         user_id: &str,
260 | |         row_id: &str,
261 | |     ) -> std::result::Result<Option<UserTableRow>, KalamDbError> {
    | |________________________________________________________________^
help: disambiguate the method for candidate #1
    |
376 -             let result = store
377 -                 .get(&namespace_id, &table_name, row_id)
376 +             let result = kalamdb_store::EntityStoreV2::get(&store, &namespace_id, &table_name, row_id)
    |
help: disambiguate the method for candidate #2
    |
376 -             let result = store
377 -                 .get(&namespace_id, &table_name, row_id)
376 +             let result = system_table::SharedTableStoreExt::get(&store, &namespace_id, &table_name, row_id)
    |
help: disambiguate the method for candidate #3
    |
376 -             let result = store
377 -                 .get(&namespace_id, &table_name, row_id)
376 +             let result = system_table::UserTableStoreExt::get(&store, &namespace_id, &table_name, row_id)
    |

error[E0034]: multiple applicable items in scope
   --> backend/crates/kalamdb-core/src/tables/user_tables/user_table_delete.rs:394:14
    |
394 |             .put(
    |              ^^^ multiple `put` found
    |
note: candidate #1 is defined in an impl of the trait `kalamdb_store::EntityStoreV2` for the type `system_table::SystemTableStore<K, V>`
   --> backend/crates/kalamdb-core/src/stores/system_table.rs:94:1
    |
 94 | / impl<K, V> EntityStore<K, V> for SystemTableStore<K, V>
 95 | | where
 96 | |     K: AsRef<[u8]> + Clone + Send + Sync,
 97 | |     V: Serialize + for<'de> Deserialize<'de> + Send + Sync,
    | |___________________________________________________________^
note: candidate #2 is defined in an impl of the trait `system_table::SharedTableStoreExt` for the type `system_table::SystemTableStore<user_table_store::UserTableRowId, user_table_store::UserTableRow>`
   --> backend/crates/kalamdb-core/src/stores/system_table.rs:485:5
    |
485 | /     fn put(
486 | |         &self,
487 | |         namespace_id: &str,
488 | |         table_name: &str,
489 | |         row_id: &str,
490 | |         row: &UserTableRow,
491 | |     ) -> std::result::Result<(), KalamDbError> {
    | |______________________________________________^
note: candidate #3 is defined in an impl of the trait `system_table::UserTableStoreExt` for the type `system_table::SystemTableStore<user_table_store::UserTableRowId, user_table_store::UserTableRow>`
   --> backend/crates/kalamdb-core/src/stores/system_table.rs:268:5
    |
268 | /     fn put(
269 | |         &self,
270 | |         _namespace_id: &str,
271 | |         _table_name: &str,
...   |
274 | |         row: &UserTableRow,
275 | |     ) -> std::result::Result<(), KalamDbError> {
    | |______________________________________________^
help: disambiguate the method for candidate #1
    |
393 ~         kalamdb_store::EntityStoreV2::put(&store, &namespace_id, &table_name, "row1", &UserTableRow {
394 +                     row_id: "row1".to_string(),
395 +                     user_id: user1.as_str().to_string(),
396 +                     fields: serde_json::json!({"name": "Alice"}),
397 +                     _updated: chrono::Utc::now().to_rfc3339(),
398 +                     _deleted: false,
399 +                 })
    |
help: disambiguate the method for candidate #2
    |
393 ~         system_table::SharedTableStoreExt::put(&store, &namespace_id, &table_name, "row1", &UserTableRow {
394 +                     row_id: "row1".to_string(),
395 +                     user_id: user1.as_str().to_string(),
396 +                     fields: serde_json::json!({"name": "Alice"}),
397 +                     _updated: chrono::Utc::now().to_rfc3339(),
398 +                     _deleted: false,
399 +                 })
    |
help: disambiguate the method for candidate #3
    |
393 ~         system_table::UserTableStoreExt::put(&store, &namespace_id, &table_name, "row1", &UserTableRow {
394 +                     row_id: "row1".to_string(),
395 +                     user_id: user1.as_str().to_string(),
396 +                     fields: serde_json::json!({"name": "Alice"}),
397 +                     _updated: chrono::Utc::now().to_rfc3339(),
398 +                     _deleted: false,
399 +                 })
    |

error[E0034]: multiple applicable items in scope
   --> backend/crates/kalamdb-core/src/tables/user_tables/user_table_delete.rs:408:14
    |
408 |             .put(
    |              ^^^ multiple `put` found
    |
note: candidate #1 is defined in an impl of the trait `kalamdb_store::EntityStoreV2` for the type `system_table::SystemTableStore<K, V>`
   --> backend/crates/kalamdb-core/src/stores/system_table.rs:94:1
    |
 94 | / impl<K, V> EntityStore<K, V> for SystemTableStore<K, V>
 95 | | where
 96 | |     K: AsRef<[u8]> + Clone + Send + Sync,
 97 | |     V: Serialize + for<'de> Deserialize<'de> + Send + Sync,
    | |___________________________________________________________^
note: candidate #2 is defined in an impl of the trait `system_table::SharedTableStoreExt` for the type `system_table::SystemTableStore<user_table_store::UserTableRowId, user_table_store::UserTableRow>`
   --> backend/crates/kalamdb-core/src/stores/system_table.rs:485:5
    |
485 | /     fn put(
486 | |         &self,
487 | |         namespace_id: &str,
488 | |         table_name: &str,
489 | |         row_id: &str,
490 | |         row: &UserTableRow,
491 | |     ) -> std::result::Result<(), KalamDbError> {
    | |______________________________________________^
note: candidate #3 is defined in an impl of the trait `system_table::UserTableStoreExt` for the type `system_table::SystemTableStore<user_table_store::UserTableRowId, user_table_store::UserTableRow>`
   --> backend/crates/kalamdb-core/src/stores/system_table.rs:268:5
    |
268 | /     fn put(
269 | |         &self,
270 | |         _namespace_id: &str,
271 | |         _table_name: &str,
...   |
274 | |         row: &UserTableRow,
275 | |     ) -> std::result::Result<(), KalamDbError> {
    | |______________________________________________^
help: disambiguate the method for candidate #1
    |
407 ~         kalamdb_store::EntityStoreV2::put(&store, &namespace_id, &table_name, "row1", &UserTableRow {
408 +                     row_id: "row1".to_string(),
409 +                     user_id: user2.as_str().to_string(),
410 +                     fields: serde_json::json!({"name": "Bob"}),
411 +                     _updated: chrono::Utc::now().to_rfc3339(),
412 +                     _deleted: false,
413 +                 })
    |
help: disambiguate the method for candidate #2
    |
407 ~         system_table::SharedTableStoreExt::put(&store, &namespace_id, &table_name, "row1", &UserTableRow {
408 +                     row_id: "row1".to_string(),
409 +                     user_id: user2.as_str().to_string(),
410 +                     fields: serde_json::json!({"name": "Bob"}),
411 +                     _updated: chrono::Utc::now().to_rfc3339(),
412 +                     _deleted: false,
413 +                 })
    |
help: disambiguate the method for candidate #3
    |
407 ~         system_table::UserTableStoreExt::put(&store, &namespace_id, &table_name, "row1", &UserTableRow {
408 +                     row_id: "row1".to_string(),
409 +                     user_id: user2.as_str().to_string(),
410 +                     fields: serde_json::json!({"name": "Bob"}),
411 +                     _updated: chrono::Utc::now().to_rfc3339(),
412 +                     _deleted: false,
413 +                 })
    |

error[E0034]: multiple applicable items in scope
   --> backend/crates/kalamdb-core/src/tables/user_tables/user_table_delete.rs:429:14
    |
429 |             .get(&namespace_id, &table_name, "row1")
    |              ^^^ multiple `get` found
    |
note: candidate #1 is defined in an impl of the trait `kalamdb_store::EntityStoreV2` for the type `system_table::SystemTableStore<K, V>`
   --> backend/crates/kalamdb-core/src/stores/system_table.rs:94:1
    |
 94 | / impl<K, V> EntityStore<K, V> for SystemTableStore<K, V>
 95 | | where
 96 | |     K: AsRef<[u8]> + Clone + Send + Sync,
 97 | |     V: Serialize + for<'de> Deserialize<'de> + Send + Sync,
    | |___________________________________________________________^
note: candidate #2 is defined in an impl of the trait `system_table::SharedTableStoreExt` for the type `system_table::SystemTableStore<user_table_store::UserTableRowId, user_table_store::UserTableRow>`
   --> backend/crates/kalamdb-core/src/stores/system_table.rs:475:5
    |
475 | /     fn get(
476 | |         &self,
477 | |         namespace_id: &str,
478 | |         table_name: &str,
479 | |         row_id: &str,
480 | |     ) -> std::result::Result<Option<UserTableRow>, KalamDbError> {
    | |________________________________________________________________^
note: candidate #3 is defined in an impl of the trait `system_table::UserTableStoreExt` for the type `system_table::SystemTableStore<user_table_store::UserTableRowId, user_table_store::UserTableRow>`
   --> backend/crates/kalamdb-core/src/stores/system_table.rs:255:5
    |
255 | /     fn get(
256 | |         &self,
257 | |         _namespace_id: &str,
258 | |         _table_name: &str,
259 | |         user_id: &str,
260 | |         row_id: &str,
261 | |     ) -> std::result::Result<Option<UserTableRow>, KalamDbError> {
    | |________________________________________________________________^
help: disambiguate the method for candidate #1
    |
428 -         let result1 = store
429 -             .get(&namespace_id, &table_name, "row1")
428 +         let result1 = kalamdb_store::EntityStoreV2::get(&store, &namespace_id, &table_name, "row1")
    |
help: disambiguate the method for candidate #2
    |
428 -         let result1 = store
429 -             .get(&namespace_id, &table_name, "row1")
428 +         let result1 = system_table::SharedTableStoreExt::get(&store, &namespace_id, &table_name, "row1")
    |
help: disambiguate the method for candidate #3
    |
428 -         let result1 = store
429 -             .get(&namespace_id, &table_name, "row1")
428 +         let result1 = system_table::UserTableStoreExt::get(&store, &namespace_id, &table_name, "row1")
    |

error[E0034]: multiple applicable items in scope
   --> backend/crates/kalamdb-core/src/tables/user_tables/user_table_delete.rs:435:14
    |
435 |             .get(&namespace_id, &table_name, "row1")
    |              ^^^ multiple `get` found
    |
note: candidate #1 is defined in an impl of the trait `kalamdb_store::EntityStoreV2` for the type `system_table::SystemTableStore<K, V>`
   --> backend/crates/kalamdb-core/src/stores/system_table.rs:94:1
    |
 94 | / impl<K, V> EntityStore<K, V> for SystemTableStore<K, V>
 95 | | where
 96 | |     K: AsRef<[u8]> + Clone + Send + Sync,
 97 | |     V: Serialize + for<'de> Deserialize<'de> + Send + Sync,
    | |___________________________________________________________^
note: candidate #2 is defined in an impl of the trait `system_table::SharedTableStoreExt` for the type `system_table::SystemTableStore<user_table_store::UserTableRowId, user_table_store::UserTableRow>`
   --> backend/crates/kalamdb-core/src/stores/system_table.rs:475:5
    |
475 | /     fn get(
476 | |         &self,
477 | |         namespace_id: &str,
478 | |         table_name: &str,
479 | |         row_id: &str,
480 | |     ) -> std::result::Result<Option<UserTableRow>, KalamDbError> {
    | |________________________________________________________________^
note: candidate #3 is defined in an impl of the trait `system_table::UserTableStoreExt` for the type `system_table::SystemTableStore<user_table_store::UserTableRowId, user_table_store::UserTableRow>`
   --> backend/crates/kalamdb-core/src/stores/system_table.rs:255:5
    |
255 | /     fn get(
256 | |         &self,
257 | |         _namespace_id: &str,
258 | |         _table_name: &str,
259 | |         user_id: &str,
260 | |         row_id: &str,
261 | |     ) -> std::result::Result<Option<UserTableRow>, KalamDbError> {
    | |________________________________________________________________^
help: disambiguate the method for candidate #1
    |
434 -         let result2 = store
435 -             .get(&namespace_id, &table_name, "row1")
434 +         let result2 = kalamdb_store::EntityStoreV2::get(&store, &namespace_id, &table_name, "row1")
    |
help: disambiguate the method for candidate #2
    |
434 -         let result2 = store
435 -             .get(&namespace_id, &table_name, "row1")
434 +         let result2 = system_table::SharedTableStoreExt::get(&store, &namespace_id, &table_name, "row1")
    |
help: disambiguate the method for candidate #3
    |
434 -         let result2 = store
435 -             .get(&namespace_id, &table_name, "row1")
434 +         let result2 = system_table::UserTableStoreExt::get(&store, &namespace_id, &table_name, "row1")
    |

error[E0034]: multiple applicable items in scope
   --> backend/crates/kalamdb-core/src/tables/user_tables/user_table_delete.rs:451:14
    |
451 |             .put(
    |              ^^^ multiple `put` found
    |
note: candidate #1 is defined in an impl of the trait `kalamdb_store::EntityStoreV2` for the type `system_table::SystemTableStore<K, V>`
   --> backend/crates/kalamdb-core/src/stores/system_table.rs:94:1
    |
 94 | / impl<K, V> EntityStore<K, V> for SystemTableStore<K, V>
 95 | | where
 96 | |     K: AsRef<[u8]> + Clone + Send + Sync,
 97 | |     V: Serialize + for<'de> Deserialize<'de> + Send + Sync,
    | |___________________________________________________________^
note: candidate #2 is defined in an impl of the trait `system_table::SharedTableStoreExt` for the type `system_table::SystemTableStore<user_table_store::UserTableRowId, user_table_store::UserTableRow>`
   --> backend/crates/kalamdb-core/src/stores/system_table.rs:485:5
    |
485 | /     fn put(
486 | |         &self,
487 | |         namespace_id: &str,
488 | |         table_name: &str,
489 | |         row_id: &str,
490 | |         row: &UserTableRow,
491 | |     ) -> std::result::Result<(), KalamDbError> {
    | |______________________________________________^
note: candidate #3 is defined in an impl of the trait `system_table::UserTableStoreExt` for the type `system_table::SystemTableStore<user_table_store::UserTableRowId, user_table_store::UserTableRow>`
   --> backend/crates/kalamdb-core/src/stores/system_table.rs:268:5
    |
268 | /     fn put(
269 | |         &self,
270 | |         _namespace_id: &str,
271 | |         _table_name: &str,
...   |
274 | |         row: &UserTableRow,
275 | |     ) -> std::result::Result<(), KalamDbError> {
    | |______________________________________________^
help: disambiguate the method for candidate #1
    |
450 ~         kalamdb_store::EntityStoreV2::put(&store, &namespace_id, &table_name, "row1", &UserTableRow {
451 +                     row_id: "row1".to_string(),
452 +                     user_id: user_id.as_str().to_string(),
453 +                     fields: serde_json::json!({"name": "Alice"}),
454 +                     _updated: chrono::Utc::now().to_rfc3339(),
455 +                     _deleted: false,
456 +                 })
    |
help: disambiguate the method for candidate #2
    |
450 ~         system_table::SharedTableStoreExt::put(&store, &namespace_id, &table_name, "row1", &UserTableRow {
451 +                     row_id: "row1".to_string(),
452 +                     user_id: user_id.as_str().to_string(),
453 +                     fields: serde_json::json!({"name": "Alice"}),
454 +                     _updated: chrono::Utc::now().to_rfc3339(),
455 +                     _deleted: false,
456 +                 })
    |
help: disambiguate the method for candidate #3
    |
450 ~         system_table::UserTableStoreExt::put(&store, &namespace_id, &table_name, "row1", &UserTableRow {
451 +                     row_id: "row1".to_string(),
452 +                     user_id: user_id.as_str().to_string(),
453 +                     fields: serde_json::json!({"name": "Alice"}),
454 +                     _updated: chrono::Utc::now().to_rfc3339(),
455 +                     _deleted: false,
456 +                 })
    |

error[E0034]: multiple applicable items in scope
   --> backend/crates/kalamdb-core/src/tables/user_tables/user_table_delete.rs:472:14
    |
472 |             .get(&namespace_id, &table_name, "row1")
    |              ^^^ multiple `get` found
    |
note: candidate #1 is defined in an impl of the trait `kalamdb_store::EntityStoreV2` for the type `system_table::SystemTableStore<K, V>`
   --> backend/crates/kalamdb-core/src/stores/system_table.rs:94:1
    |
 94 | / impl<K, V> EntityStore<K, V> for SystemTableStore<K, V>
 95 | | where
 96 | |     K: AsRef<[u8]> + Clone + Send + Sync,
 97 | |     V: Serialize + for<'de> Deserialize<'de> + Send + Sync,
    | |___________________________________________________________^
note: candidate #2 is defined in an impl of the trait `system_table::SharedTableStoreExt` for the type `system_table::SystemTableStore<user_table_store::UserTableRowId, user_table_store::UserTableRow>`
   --> backend/crates/kalamdb-core/src/stores/system_table.rs:475:5
    |
475 | /     fn get(
476 | |         &self,
477 | |         namespace_id: &str,
478 | |         table_name: &str,
479 | |         row_id: &str,
480 | |     ) -> std::result::Result<Option<UserTableRow>, KalamDbError> {
    | |________________________________________________________________^
note: candidate #3 is defined in an impl of the trait `system_table::UserTableStoreExt` for the type `system_table::SystemTableStore<user_table_store::UserTableRowId, user_table_store::UserTableRow>`
   --> backend/crates/kalamdb-core/src/stores/system_table.rs:255:5
    |
255 | /     fn get(
256 | |         &self,
257 | |         _namespace_id: &str,
258 | |         _table_name: &str,
259 | |         user_id: &str,
260 | |         row_id: &str,
261 | |     ) -> std::result::Result<Option<UserTableRow>, KalamDbError> {
    | |________________________________________________________________^
help: disambiguate the method for candidate #1
    |
471 -         let result = store
472 -             .get(&namespace_id, &table_name, "row1")
471 +         let result = kalamdb_store::EntityStoreV2::get(&store, &namespace_id, &table_name, "row1")
    |
help: disambiguate the method for candidate #2
    |
471 -         let result = store
472 -             .get(&namespace_id, &table_name, "row1")
471 +         let result = system_table::SharedTableStoreExt::get(&store, &namespace_id, &table_name, "row1")
    |
help: disambiguate the method for candidate #3
    |
471 -         let result = store
472 -             .get(&namespace_id, &table_name, "row1")
471 +         let result = system_table::UserTableStoreExt::get(&store, &namespace_id, &table_name, "row1")
    |

error[E0034]: multiple applicable items in scope
   --> backend/crates/kalamdb-core/src/tables/user_tables/user_table_delete.rs:488:14
    |
488 |             .put(
    |              ^^^ multiple `put` found
    |
note: candidate #1 is defined in an impl of the trait `kalamdb_store::EntityStoreV2` for the type `system_table::SystemTableStore<K, V>`
   --> backend/crates/kalamdb-core/src/stores/system_table.rs:94:1
    |
 94 | / impl<K, V> EntityStore<K, V> for SystemTableStore<K, V>
 95 | | where
 96 | |     K: AsRef<[u8]> + Clone + Send + Sync,
 97 | |     V: Serialize + for<'de> Deserialize<'de> + Send + Sync,
    | |___________________________________________________________^
note: candidate #2 is defined in an impl of the trait `system_table::SharedTableStoreExt` for the type `system_table::SystemTableStore<user_table_store::UserTableRowId, user_table_store::UserTableRow>`
   --> backend/crates/kalamdb-core/src/stores/system_table.rs:485:5
    |
485 | /     fn put(
486 | |         &self,
487 | |         namespace_id: &str,
488 | |         table_name: &str,
489 | |         row_id: &str,
490 | |         row: &UserTableRow,
491 | |     ) -> std::result::Result<(), KalamDbError> {
    | |______________________________________________^
note: candidate #3 is defined in an impl of the trait `system_table::UserTableStoreExt` for the type `system_table::SystemTableStore<user_table_store::UserTableRowId, user_table_store::UserTableRow>`
   --> backend/crates/kalamdb-core/src/stores/system_table.rs:268:5
    |
268 | /     fn put(
269 | |         &self,
270 | |         _namespace_id: &str,
271 | |         _table_name: &str,
...   |
274 | |         row: &UserTableRow,
275 | |     ) -> std::result::Result<(), KalamDbError> {
    | |______________________________________________^
help: disambiguate the method for candidate #1
    |
487 ~         kalamdb_store::EntityStoreV2::put(&store, &namespace_id, &table_name, "row1", &UserTableRow {
488 +                     row_id: "row1".to_string(),
489 +                     user_id: user_id.as_str().to_string(),
490 +                     fields: serde_json::json!({"name": "Alice"}),
491 +                     _updated: chrono::Utc::now().to_rfc3339(),
492 +                     _deleted: false,
493 +                 })
    |
help: disambiguate the method for candidate #2
    |
487 ~         system_table::SharedTableStoreExt::put(&store, &namespace_id, &table_name, "row1", &UserTableRow {
488 +                     row_id: "row1".to_string(),
489 +                     user_id: user_id.as_str().to_string(),
490 +                     fields: serde_json::json!({"name": "Alice"}),
491 +                     _updated: chrono::Utc::now().to_rfc3339(),
492 +                     _deleted: false,
493 +                 })
    |
help: disambiguate the method for candidate #3
    |
487 ~         system_table::UserTableStoreExt::put(&store, &namespace_id, &table_name, "row1", &UserTableRow {
488 +                     row_id: "row1".to_string(),
489 +                     user_id: user_id.as_str().to_string(),
490 +                     fields: serde_json::json!({"name": "Alice"}),
491 +                     _updated: chrono::Utc::now().to_rfc3339(),
492 +                     _deleted: false,
493 +                 })
    |

error[E0034]: multiple applicable items in scope
   --> backend/crates/kalamdb-core/src/tables/user_tables/user_table_delete.rs:514:14
    |
514 |             .get(&namespace_id, &table_name, "row1")
    |              ^^^ multiple `get` found
    |
note: candidate #1 is defined in an impl of the trait `kalamdb_store::EntityStoreV2` for the type `system_table::SystemTableStore<K, V>`
   --> backend/crates/kalamdb-core/src/stores/system_table.rs:94:1
    |
 94 | / impl<K, V> EntityStore<K, V> for SystemTableStore<K, V>
 95 | | where
 96 | |     K: AsRef<[u8]> + Clone + Send + Sync,
 97 | |     V: Serialize + for<'de> Deserialize<'de> + Send + Sync,
    | |___________________________________________________________^
note: candidate #2 is defined in an impl of the trait `system_table::SharedTableStoreExt` for the type `system_table::SystemTableStore<user_table_store::UserTableRowId, user_table_store::UserTableRow>`
   --> backend/crates/kalamdb-core/src/stores/system_table.rs:475:5
    |
475 | /     fn get(
476 | |         &self,
477 | |         namespace_id: &str,
478 | |         table_name: &str,
479 | |         row_id: &str,
480 | |     ) -> std::result::Result<Option<UserTableRow>, KalamDbError> {
    | |________________________________________________________________^
note: candidate #3 is defined in an impl of the trait `system_table::UserTableStoreExt` for the type `system_table::SystemTableStore<user_table_store::UserTableRowId, user_table_store::UserTableRow>`
   --> backend/crates/kalamdb-core/src/stores/system_table.rs:255:5
    |
255 | /     fn get(
256 | |         &self,
257 | |         _namespace_id: &str,
258 | |         _table_name: &str,
259 | |         user_id: &str,
260 | |         row_id: &str,
261 | |     ) -> std::result::Result<Option<UserTableRow>, KalamDbError> {
    | |________________________________________________________________^
help: disambiguate the method for candidate #1
    |
513 -         let result = store
514 -             .get(&namespace_id, &table_name, "row1")
513 +         let result = kalamdb_store::EntityStoreV2::get(&store, &namespace_id, &table_name, "row1")
    |
help: disambiguate the method for candidate #2
    |
513 -         let result = store
514 -             .get(&namespace_id, &table_name, "row1")
513 +         let result = system_table::SharedTableStoreExt::get(&store, &namespace_id, &table_name, "row1")
    |
help: disambiguate the method for candidate #3
    |
513 -         let result = store
514 -             .get(&namespace_id, &table_name, "row1")
513 +         let result = system_table::UserTableStoreExt::get(&store, &namespace_id, &table_name, "row1")
    |

warning: unused import: `kalamdb_store::EntityStoreV2`
  --> backend/crates/kalamdb-core/src/tables/user_tables/user_table_insert.rs:20:5
   |
20 | use kalamdb_store::EntityStoreV2 as EntityStore;
   |     ^^^^^^^^^^^^^^^^^^^^^^^^^^^^

warning: unused import: `SharedTableStoreExt`
  --> backend/crates/kalamdb-core/src/tables/user_tables/user_table_insert.rs:14:35
   |
14 | use crate::stores::system_table::{SharedTableStoreExt, UserTableStoreExt};
   |                                   ^^^^^^^^^^^^^^^^^^^

warning: unused variable: `retention_period_ms`
   --> backend/crates/kalamdb-core/src/jobs/stream_eviction.rs:168:9
    |
168 |         retention_period_ms: i64,
    |         ^^^^^^^^^^^^^^^^^^^ help: if this is intentional, prefix it with an underscore: `_retention_period_ms`

warning: unused variable: `new_schema`
   --> backend/crates/kalamdb-core/src/services/schema_evolution_service.rs:182:13
    |
182 |         let new_schema = TableSchema {
    |             ^^^^^^^^^^ help: if this is intentional, prefix it with an underscore: `_new_schema`

warning: unused variable: `storage_id`
   --> backend/crates/kalamdb-core/src/services/shared_table_service.rs:138:13
    |
138 |         let storage_id = stmt
    |             ^^^^^^^^^^ help: if this is intentional, prefix it with an underscore: `_storage_id`

warning: unused variable: `storage_location`
   --> backend/crates/kalamdb-core/src/services/shared_table_service.rs:306:9
    |
306 |         storage_location: &str,
    |         ^^^^^^^^^^^^^^^^ help: if this is intentional, prefix it with an underscore: `_storage_location`

warning: unused variable: `table_schema`
   --> backend/crates/kalamdb-core/src/services/shared_table_service.rs:415:13
    |
415 |         let table_schema = TableSchema {
    |             ^^^^^^^^^^^^ help: if this is intentional, prefix it with an underscore: `_table_schema`

warning: unused variable: `table_schema`
   --> backend/crates/kalamdb-core/src/services/stream_table_service.rs:221:13
    |
221 |         let table_schema = TableSchema {
    |             ^^^^^^^^^^^^ help: if this is intentional, prefix it with an underscore: `_table_schema`

warning: unused variable: `table`
   --> backend/crates/kalamdb-core/src/services/stream_table_service.rs:238:13
    |
238 |         let table = kalamdb_sql::Table {
    |             ^^^^^ help: if this is intentional, prefix it with an underscore: `_table`

warning: unused variable: `location_name`
   --> backend/crates/kalamdb-core/src/services/table_deletion_service.rs:391:39
    |
391 |     fn decrement_storage_usage(&self, location_name: &str) -> Result<(), KalamDbError> {
    |                                       ^^^^^^^^^^^^^ help: if this is intentional, prefix it with an underscore: `_location_name`

warning: unused variable: `parameters`
   --> backend/crates/kalamdb-core/src/services/table_deletion_service.rs:433:13
    |
433 |         let parameters = vec![
    |             ^^^^^^^^^^ help: if this is intentional, prefix it with an underscore: `_parameters`

warning: unused variable: `table_schema`
   --> backend/crates/kalamdb-core/src/services/user_table_service.rs:350:13
    |
350 |         let table_schema = kalamdb_sql::TableSchema {
    |             ^^^^^^^^^^^^ help: if this is intentional, prefix it with an underscore: `_table_schema`

warning: unused variable: `table_name`
   --> backend/crates/kalamdb-core/src/stores/system_table.rs:488:9
    |
488 |         table_name: &str,
    |         ^^^^^^^^^^ help: if this is intentional, prefix it with an underscore: `_table_name`

warning: unused variable: `existing_row`
   --> backend/crates/kalamdb-core/src/stores/system_table.rs:512:25
    |
512 |             if let Some(existing_row) = row {
    |                         ^^^^^^^^^^^^ help: if this is intentional, prefix it with an underscore: `_existing_row`

warning: unused variable: `table_name`
   --> backend/crates/kalamdb-core/src/stores/system_table.rs:501:9
    |
501 |         table_name: &str,
    |         ^^^^^^^^^^ help: if this is intentional, prefix it with an underscore: `_table_name`

warning: unused import: `datafusion::arrow::array::Array`
  --> backend/crates/kalamdb-core/src/sql/functions/ulid.rs:94:9
   |
94 |     use datafusion::arrow::array::Array;
   |         ^^^^^^^^^^^^^^^^^^^^^^^^^^^^^^^

warning: unused import: `datafusion::arrow::array::Array`
  --> backend/crates/kalamdb-core/src/sql/functions/uuid_v7.rs:94:9
   |
94 |     use datafusion::arrow::array::Array;
   |         ^^^^^^^^^^^^^^^^^^^^^^^^^^^^^^^

warning: unused variable: `live_query_id`
   --> backend/crates/kalamdb-core/src/tables/system/live_queries_v2/live_queries_provider.rs:140:13
    |
140 |         let live_query_id = LiveQueryId::new(live_id);
    |             ^^^^^^^^^^^^^ help: if this is intentional, prefix it with an underscore: `_live_query_id`

warning: unused variable: `key`
  --> backend/crates/kalamdb-core/src/tables/user_tables/user_table_insert.rs:95:13
   |
95 |         let key = UserTableRowId::new(user_id.clone(), row_id.clone());
   |             ^^^ help: if this is intentional, prefix it with an underscore: `_key`

warning: unused variable: `key`
   --> backend/crates/kalamdb-core/src/tables/user_tables/user_table_insert.rs:213:17
    |
213 |             let key = UserTableRowId::new(user_id.clone(), row_id.clone());
    |                 ^^^ help: if this is intentional, prefix it with an underscore: `_key`

warning: unused variable: `key`
  --> backend/crates/kalamdb-core/src/tables/user_tables/user_table_update.rs:83:13
   |
83 |         let key = UserTableRowId::new(user_id.clone(), row_id);
   |             ^^^ help: if this is intentional, prefix it with an underscore: `_key`

warning: unused variable: `timestamp_ms`
   --> backend/crates/kalamdb-core/src/tables/stream_tables/stream_table_provider.rs:214:13
    |
214 |         let timestamp_ms = chrono::Utc::now().timestamp_millis();
    |             ^^^^^^^^^^^^ help: if this is intentional, prefix it with an underscore: `_timestamp_ms`

warning: method `cleanup_finished_jobs` is never used
   --> backend/crates/kalamdb-core/src/jobs/tokio_job_manager.rs:104:8
    |
 93 | impl TokioJobManager {
    | -------------------- method in this implementation
...
104 |     fn cleanup_finished_jobs(&self) {
    |        ^^^^^^^^^^^^^^^^^^^^^
    |
    = note: `#[warn(dead_code)]` on by default

warning: field `shared_table_store` is never read
  --> backend/crates/kalamdb-core/src/live_query/initial_data.rs:94:5
   |
92 | pub struct InitialDataFetcher {
   |            ------------------ field in this struct
93 |     user_table_store: Option<Arc<UserTableStore>>,
94 |     shared_table_store: Option<Arc<SharedTableStore>>,
   |     ^^^^^^^^^^^^^^^^^^

warning: associated function `is_deleted` is never used
   --> backend/crates/kalamdb-core/src/live_query/initial_data.rs:302:8
    |
 98 | impl InitialDataFetcher {
    | ----------------------- associated function in this implementation
...
302 |     fn is_deleted(row: &JsonValue) -> bool {
    |        ^^^^^^^^^^

warning: fields `cf_name` and `policy` are never read
  --> backend/crates/kalamdb-core/src/scheduler.rs:92:5
   |
88 | struct ScheduledTable {
   |        -------------- fields in this struct
...
92 |     cf_name: String,
   |     ^^^^^^^
93 |     /// Flush policy
94 |     policy: FlushPolicy,
   |     ^^^^^^
   |
   = note: `ScheduledTable` has derived impls for the traits `Clone` and `Debug`, but these are intentionally ignored during dead code analysis

warning: methods `inject_system_columns` and `create_schema_metadata` are never used
   --> backend/crates/kalamdb-core/src/services/shared_table_service.rs:229:8
    |
 38 | impl SharedTableService {
    | ----------------------- methods in this implementation
...
229 |     fn inject_system_columns(&self, schema: Arc<Schema>) -> Result<Arc<Schema>, KalamDbError> {
    |        ^^^^^^^^^^^^^^^^^^^^^
...
398 |     fn create_schema_metadata(
    |        ^^^^^^^^^^^^^^^^^^^^^^

warning: method `create_schema_metadata` is never used
   --> backend/crates/kalamdb-core/src/services/stream_table_service.rs:204:8
    |
 38 | impl StreamTableService {
    | ----------------------- method in this implementation
...
204 |     fn create_schema_metadata(
    |        ^^^^^^^^^^^^^^^^^^^^^^

warning: method `create_schema_files` is never used
   --> backend/crates/kalamdb-core/src/services/user_table_service.rs:332:8
    |
 39 | impl UserTableService {
    | --------------------- method in this implementation
...
332 |     fn create_schema_files(
    |        ^^^^^^^^^^^^^^^^^^^

warning: associated items `is_system_only_query`, `execute_system_query`, and `execute_datafusion_query` are never used
    --> backend/crates/kalamdb-core/src/sql/executor.rs:867:8
     |
 177 | impl SqlExecutor {
     | ---------------- associated items in this implementation
...
 867 |     fn is_system_only_query(sql_upper: &str) -> bool {
     |        ^^^^^^^^^^^^^^^^^^^^
...
 894 |     async fn execute_system_query(&self, sql: &str) -> Result<ExecutionResult, KalamDbError> {
     |              ^^^^^^^^^^^^^^^^^^^^
...
1555 |     async fn execute_datafusion_query(
     |              ^^^^^^^^^^^^^^^^^^^^^^^^

warning: using `.clone()` on a double reference, which returns `&datafusion::logical_expr::sqlparser::ast::Expr` instead of cloning the inner type
  --> backend/crates/kalamdb-core/src/live_query/filter.rs:83:30
   |
83 |                     selection.clone()
   |                              ^^^^^^^^
   |
   = note: `#[warn(suspicious_double_ref_op)]` on by default

warning: unused variable: `key`
   --> backend/crates/kalamdb-core/src/tables/stream_tables/stream_table_store.rs:162:14
    |
162 |         for (key, row) in all_rows {
    |              ^^^ help: if this is intentional, prefix it with an underscore: `_key`

Some errors have detailed explanations: E0034, E0061, E0277, E0308, E0425, E0433, E0599.
For more information about an error, try `rustc --explain E0034`.
warning: `kalamdb-core` (lib test) generated 54 warnings (42 duplicates)
error: could not compile `kalamdb-core` (lib test) due to 187 previous errors; 54 warnings emitted
warning: build failed, waiting for other jobs to finish...
