    Finished `test` profile [unoptimized + debuginfo] target(s) in 0.14s
     Running tests/smoke.rs (target/debug/deps/smoke-7d6cb33499cec7d5)

running 1 test
🧪 Testing USER table flush: smoke_flush_1763661961114_1.user_flush_1763661961114_2
✅ Created USER table with FLUSH ROWS 50
📝 Inserting 200 rows...
  Inserted batch 1/4 (0-49)
  Inserted batch 2/4 (50-99)
  Inserted batch 3/4 (100-149)
  Inserted batch 4/4 (150-199)
✅ Inserted 200 rows
🚀 Triggering manual FLUSH TABLE...
Flush output: Flush started for table 'smoke_flush_1763661961114_1.user_flush_1763661961114_2'. Job ID: FL-46aaf965f5cb
Query OK, 0 rows affected

Took: 4.308 ms

📋 Flush job ID: FL-46aaf965f5cb
⏳ Waiting for flush job to complete...

thread 'smoke_test_flush_operations::smoke_test_user_table_flush' panicked at cli/tests/smoke/smoke_test_flush_operations.rs:121:48:
Flush job did not complete successfully: "Job FL-46aaf965f5cb failed. Query output: ┌─────────────────┬────────┬──────────────────────────────────┐\n│ job_id          │ status │ error_message                    │\n├─────────────────┼────────┼──────────────────────────────────┤\n│ FL-46aaf965f5cb │ failed │ Executor error: User table fl... │\n└─────────────────┴────────┴──────────────────────────────────┘\n(1 row)\n\nTook: 16.282 ms\n"
note: run with `RUST_BACKTRACE=1` environment variable to display a backtrace
test smoke_test_flush_operations::smoke_test_user_table_flush ... FAILED

failures:

failures:
    smoke_test_flush_operations::smoke_test_user_table_flush

test result: FAILED. 0 passed; 1 failed; 0 ignored; 0 measured; 15 filtered out; finished in 4.04s

error: test failed, to rerun pass `-p kalam-cli --test smoke`
